node_modules/@types/babel__template/index.d.ts(11,28): error TS2583: Cannot find name 'Set'. Do you need to change your target library? Try changing the 'lib' compiler option to 'es2015' or later.
node_modules/@types/babel__traverse/index.d.ts(63,15): error TS2583: Cannot find name 'WeakMap'. Do you need to change your target library? Try changing the 'lib' compiler option to 'es2015' or later.
node_modules/@types/babel__traverse/index.d.ts(63,31): error TS2583: Cannot find name 'Map'. Do you need to change your target library? Try changing the 'lib' compiler option to 'es2015' or later.
node_modules/@types/babel__traverse/index.d.ts(64,16): error TS2583: Cannot find name 'WeakMap'. Do you need to change your target library? Try changing the 'lib' compiler option to 'es2015' or later.
node_modules/@types/babel__traverse/index.d.ts(90,13): error TS2583: Cannot find name 'Map'. Do you need to change your target library? Try changing the 'lib' compiler option to 'es2015' or later.
node_modules/@types/d3-array/index.d.ts(58,31): error TS2304: Cannot find name 'Iterable'.
node_modules/@types/d3-array/index.d.ts(63,50): error TS2304: Cannot find name 'Iterable'.
node_modules/@types/d3-array/index.d.ts(68,15): error TS2304: Cannot find name 'Iterable'.
node_modules/@types/d3-array/index.d.ts(69,48): error TS2304: Cannot find name 'Iterable'.
node_modules/@types/d3-array/index.d.ts(75,15): error TS2304: Cannot find name 'Iterable'.
node_modules/@types/d3-array/index.d.ts(76,48): error TS2304: Cannot find name 'Iterable'.
node_modules/@types/d3-array/index.d.ts(82,36): error TS2304: Cannot find name 'Iterable'.
node_modules/@types/d3-array/index.d.ts(87,15): error TS2304: Cannot find name 'Iterable'.
node_modules/@types/d3-array/index.d.ts(88,53): error TS2304: Cannot find name 'Iterable'.
node_modules/@types/d3-array/index.d.ts(93,36): error TS2304: Cannot find name 'Iterable'.
node_modules/@types/d3-array/index.d.ts(98,31): error TS2304: Cannot find name 'Iterable'.
node_modules/@types/d3-array/index.d.ts(102,50): error TS2304: Cannot find name 'Iterable'.
node_modules/@types/d3-array/index.d.ts(107,15): error TS2304: Cannot find name 'Iterable'.
node_modules/@types/d3-array/index.d.ts(108,48): error TS2304: Cannot find name 'Iterable'.
node_modules/@types/d3-array/index.d.ts(114,15): error TS2304: Cannot find name 'Iterable'.
node_modules/@types/d3-array/index.d.ts(115,48): error TS2304: Cannot find name 'Iterable'.
node_modules/@types/d3-array/index.d.ts(121,36): error TS2304: Cannot find name 'Iterable'.
node_modules/@types/d3-array/index.d.ts(126,15): error TS2304: Cannot find name 'Iterable'.
node_modules/@types/d3-array/index.d.ts(127,53): error TS2304: Cannot find name 'Iterable'.
node_modules/@types/d3-array/index.d.ts(133,34): error TS2304: Cannot find name 'Iterable'.
node_modules/@types/d3-array/index.d.ts(137,53): error TS2304: Cannot find name 'Iterable'.
node_modules/@types/d3-array/index.d.ts(142,15): error TS2304: Cannot find name 'Iterable'.
node_modules/@types/d3-array/index.d.ts(143,48): error TS2304: Cannot find name 'Iterable'.
node_modules/@types/d3-array/index.d.ts(149,15): error TS2304: Cannot find name 'Iterable'.
node_modules/@types/d3-array/index.d.ts(150,48): error TS2304: Cannot find name 'Iterable'.
node_modules/@types/d3-array/index.d.ts(160,32): error TS2304: Cannot find name 'Iterable'.
node_modules/@types/d3-array/index.d.ts(169,15): error TS2304: Cannot find name 'Iterable'.
node_modules/@types/d3-array/index.d.ts(170,48): error TS2304: Cannot find name 'Iterable'.
node_modules/@types/d3-array/index.d.ts(176,31): error TS2304: Cannot find name 'Iterable'.
node_modules/@types/d3-array/index.d.ts(181,15): error TS2304: Cannot find name 'Iterable'.
node_modules/@types/d3-array/index.d.ts(182,48): error TS2304: Cannot find name 'Iterable'.
node_modules/@types/d3-array/index.d.ts(188,32): error TS2304: Cannot find name 'Iterable'.
node_modules/@types/d3-array/index.d.ts(193,15): error TS2304: Cannot find name 'Iterable'.
node_modules/@types/d3-array/index.d.ts(194,48): error TS2304: Cannot find name 'Iterable'.
node_modules/@types/d3-array/index.d.ts(200,34): error TS2304: Cannot find name 'Iterable'.
node_modules/@types/d3-array/index.d.ts(205,15): error TS2304: Cannot find name 'Iterable'.
node_modules/@types/d3-array/index.d.ts(206,46): error TS2304: Cannot find name 'Iterable'.
node_modules/@types/d3-array/index.d.ts(212,39): error TS2304: Cannot find name 'Iterable'.
node_modules/@types/d3-array/index.d.ts(217,15): error TS2304: Cannot find name 'Iterable'.
node_modules/@types/d3-array/index.d.ts(218,46): error TS2304: Cannot find name 'Iterable'.
node_modules/@types/d3-array/index.d.ts(227,34): error TS2304: Cannot find name 'Iterable'.
node_modules/@types/d3-array/index.d.ts(235,15): error TS2304: Cannot find name 'Iterable'.
node_modules/@types/d3-array/index.d.ts(236,46): error TS2304: Cannot find name 'Iterable'.
node_modules/@types/d3-array/index.d.ts(244,36): error TS2304: Cannot find name 'Iterable'.
node_modules/@types/d3-array/index.d.ts(251,15): error TS2304: Cannot find name 'Iterable'.
node_modules/@types/d3-array/index.d.ts(253,46): error TS2304: Cannot find name 'Iterable'.
node_modules/@types/d3-array/index.d.ts(259,41): error TS2304: Cannot find name 'Iterable'.
node_modules/@types/d3-array/index.d.ts(264,15): error TS2304: Cannot find name 'Iterable'.
node_modules/@types/d3-array/index.d.ts(266,46): error TS2304: Cannot find name 'Iterable'.
node_modules/@types/d3-array/index.d.ts(294,32): error TS2304: Cannot find name 'Iterable'.
node_modules/@types/d3-array/index.d.ts(303,15): error TS2304: Cannot find name 'Iterable'.
node_modules/@types/d3-array/index.d.ts(305,45): error TS2304: Cannot find name 'Iterable'.
node_modules/@types/d3-array/index.d.ts(315,36): error TS2304: Cannot find name 'Iterable'.
node_modules/@types/d3-array/index.d.ts(323,15): error TS2304: Cannot find name 'Iterable'.
node_modules/@types/d3-array/index.d.ts(324,48): error TS2304: Cannot find name 'Iterable'.
node_modules/@types/d3-array/index.d.ts(330,37): error TS2304: Cannot find name 'Iterable'.
node_modules/@types/d3-array/index.d.ts(336,15): error TS2304: Cannot find name 'Iterable'.
node_modules/@types/d3-array/index.d.ts(337,48): error TS2304: Cannot find name 'Iterable'.
node_modules/@types/d3-array/index.d.ts(344,30): error TS2304: Cannot find name 'Iterable'.
node_modules/@types/d3-array/index.d.ts(350,13): error TS2304: Cannot find name 'Iterable'.
node_modules/@types/d3-array/index.d.ts(351,48): error TS2304: Cannot find name 'Iterable'.
node_modules/@types/d3-array/index.d.ts(358,33): error TS2304: Cannot find name 'Iterable'.
node_modules/@types/d3-array/index.d.ts(364,13): error TS2304: Cannot find name 'Iterable'.
node_modules/@types/d3-array/index.d.ts(365,48): error TS2304: Cannot find name 'Iterable'.
node_modules/@types/d3-array/index.d.ts(394,36): error TS2304: Cannot find name 'Iterable'.
node_modules/@types/d3-array/index.d.ts(398,36): error TS2304: Cannot find name 'Iterable'.
node_modules/@types/d3-array/index.d.ts(403,38): error TS2304: Cannot find name 'Iterable'.
node_modules/@types/d3-array/index.d.ts(407,41): error TS2304: Cannot find name 'Iterable'.
node_modules/@types/d3-array/index.d.ts(412,41): error TS2304: Cannot find name 'Iterable'.
node_modules/@types/d3-array/index.d.ts(419,39): error TS2304: Cannot find name 'Iterable'.
node_modules/@types/d3-array/index.d.ts(425,39): error TS2304: Cannot find name 'Iterable'.
node_modules/@types/d3-array/index.d.ts(432,41): error TS2304: Cannot find name 'Iterable'.
node_modules/@types/d3-array/index.d.ts(438,44): error TS2304: Cannot find name 'Iterable'.
node_modules/@types/d3-array/index.d.ts(445,44): error TS2304: Cannot find name 'Iterable'.
node_modules/@types/d3-array/index.d.ts(511,15): error TS2304: Cannot find name 'Iterable'.
node_modules/@types/d3-array/index.d.ts(524,15): error TS2304: Cannot find name 'Iterable'.
node_modules/@types/d3-array/index.d.ts(537,15): error TS2304: Cannot find name 'Iterable'.
node_modules/@types/d3-array/index.d.ts(550,15): error TS2304: Cannot find name 'Iterable'.
node_modules/@types/d3-array/index.d.ts(563,15): error TS2304: Cannot find name 'Iterable'.
node_modules/@types/d3-array/index.d.ts(577,15): error TS2304: Cannot find name 'Iterable'.
node_modules/@types/d3-array/index.d.ts(592,15): error TS2304: Cannot find name 'Iterable'.
node_modules/@types/d3-array/index.d.ts(607,15): error TS2304: Cannot find name 'Iterable'.
node_modules/@types/d3-array/index.d.ts(619,15): error TS2304: Cannot find name 'Iterable'.
node_modules/@types/d3-array/index.d.ts(627,15): error TS2304: Cannot find name 'Iterable'.
node_modules/@types/d3-array/index.d.ts(638,33): error TS2304: Cannot find name 'Iterable'.
node_modules/@types/d3-array/index.d.ts(646,15): error TS2304: Cannot find name 'Iterable'.
node_modules/@types/d3-array/index.d.ts(658,32): error TS2304: Cannot find name 'Iterable'.
node_modules/@types/d3-array/index.d.ts(658,48): error TS2304: Cannot find name 'Iterable'.
node_modules/@types/d3-array/index.d.ts(669,35): error TS2304: Cannot find name 'Iterable'.
node_modules/@types/d3-array/index.d.ts(669,51): error TS2304: Cannot find name 'Iterable'.
node_modules/@types/d3-array/index.d.ts(674,37): error TS2304: Cannot find name 'Iterable'.
node_modules/@types/d3-array/index.d.ts(674,46): error TS2304: Cannot find name 'Iterable'.
node_modules/@types/d3-array/index.d.ts(682,36): error TS2304: Cannot find name 'Iterable'.
node_modules/@types/d3-array/index.d.ts(691,39): error TS2304: Cannot find name 'Iterable'.
node_modules/@types/d3-array/index.d.ts(700,64): error TS2304: Cannot find name 'Iterable'.
node_modules/@types/d3-array/index.d.ts(706,64): error TS2304: Cannot find name 'Iterable'.
node_modules/@types/d3-array/index.d.ts(838,15): error TS2304: Cannot find name 'Iterable'.
node_modules/@types/d3-array/index.d.ts(839,47): error TS2304: Cannot find name 'Iterable'.
node_modules/@types/d3-array/index.d.ts(848,15): error TS2304: Cannot find name 'Iterable'.
node_modules/@types/d3-array/index.d.ts(849,47): error TS2304: Cannot find name 'Iterable'.
node_modules/@types/d3-array/index.d.ts(857,15): error TS2304: Cannot find name 'Iterable'.
node_modules/@types/d3-array/index.d.ts(858,47): error TS2304: Cannot find name 'Iterable'.
node_modules/@types/d3-array/index.d.ts(865,37): error TS2304: Cannot find name 'Iterable'.
node_modules/@types/d3-array/index.d.ts(865,94): error TS2304: Cannot find name 'Iterable'.
node_modules/@types/d3-array/index.d.ts(872,15): error TS2304: Cannot find name 'Iterable'.
node_modules/@types/d3-array/index.d.ts(873,82): error TS2304: Cannot find name 'Iterable'.
node_modules/@types/d3-array/index.d.ts(881,15): error TS2304: Cannot find name 'Iterable'.
node_modules/@types/d3-array/index.d.ts(882,82): error TS2304: Cannot find name 'Iterable'.
node_modules/@types/d3-array/index.d.ts(890,38): error TS2304: Cannot find name 'Iterable'.
node_modules/@types/d3-array/index.d.ts(897,35): error TS2304: Cannot find name 'Iterable'.
node_modules/@types/d3-array/index.d.ts(904,35): error TS2304: Cannot find name 'Iterable'.
node_modules/@types/d3-array/index.d.ts(913,41): error TS2304: Cannot find name 'Iterable'.
node_modules/@types/d3-array/index.d.ts(913,71): error TS2304: Cannot find name 'Iterable'.
node_modules/@types/d3-array/index.d.ts(919,46): error TS2304: Cannot find name 'Iterable'.
node_modules/@types/d3-array/index.d.ts(925,53): error TS2304: Cannot find name 'Iterable'.
node_modules/@types/d3-array/index.d.ts(930,32): error TS2304: Cannot find name 'Iterable'.
node_modules/@types/d3-array/index.d.ts(930,48): error TS2304: Cannot find name 'Iterable'.
node_modules/@types/d3-array/index.d.ts(935,30): error TS2304: Cannot find name 'Iterable'.
node_modules/@types/d3-array/index.d.ts(935,46): error TS2304: Cannot find name 'Iterable'.
node_modules/@types/d3-array/index.d.ts(940,32): error TS2304: Cannot find name 'Iterable'.
node_modules/@types/d3-array/index.d.ts(940,48): error TS2304: Cannot find name 'Iterable'.
node_modules/@types/d3-array/index.d.ts(1008,24): error TS2304: Cannot find name 'Iterable'.
node_modules/@types/d3-array/index.d.ts(1009,49): error TS2304: Cannot find name 'Iterable'.
node_modules/@types/d3-array/index.d.ts(1080,50): error TS2583: Cannot find name 'Map'. Do you need to change your target library? Try changing the 'lib' compiler option to 'es2015' or later.
node_modules/@types/d3-array/index.d.ts(1086,41): error TS2583: Cannot find name 'Set'. Do you need to change your target library? Try changing the 'lib' compiler option to 'es2015' or later.
node_modules/@types/d3-scale/index.d.ts(75,20): error TS2304: Cannot find name 'Iterable'.
node_modules/@types/d3-scale/index.d.ts(89,18): error TS2304: Cannot find name 'Iterable'.
node_modules/@types/d3-scale/index.d.ts(102,23): error TS2304: Cannot find name 'Iterable'.
node_modules/@types/d3-scale/index.d.ts(267,13): error TS2304: Cannot find name 'Iterable'.
node_modules/@types/d3-scale/index.d.ts(288,13): error TS2304: Cannot find name 'Iterable'.
node_modules/@types/d3-scale/index.d.ts(289,12): error TS2304: Cannot find name 'Iterable'.
node_modules/@types/d3-scale/index.d.ts(396,13): error TS2304: Cannot find name 'Iterable'.
node_modules/@types/d3-scale/index.d.ts(418,13): error TS2304: Cannot find name 'Iterable'.
node_modules/@types/d3-scale/index.d.ts(419,12): error TS2304: Cannot find name 'Iterable'.
node_modules/@types/d3-scale/index.d.ts(443,13): error TS2304: Cannot find name 'Iterable'.
node_modules/@types/d3-scale/index.d.ts(465,13): error TS2304: Cannot find name 'Iterable'.
node_modules/@types/d3-scale/index.d.ts(466,12): error TS2304: Cannot find name 'Iterable'.
node_modules/@types/d3-scale/index.d.ts(521,20): error TS2304: Cannot find name 'Iterable'.
node_modules/@types/d3-scale/index.d.ts(641,13): error TS2304: Cannot find name 'Iterable'.
node_modules/@types/d3-scale/index.d.ts(662,13): error TS2304: Cannot find name 'Iterable'.
node_modules/@types/d3-scale/index.d.ts(663,12): error TS2304: Cannot find name 'Iterable'.
node_modules/@types/d3-scale/index.d.ts(751,13): error TS2304: Cannot find name 'Iterable'.
node_modules/@types/d3-scale/index.d.ts(772,13): error TS2304: Cannot find name 'Iterable'.
node_modules/@types/d3-scale/index.d.ts(773,12): error TS2304: Cannot find name 'Iterable'.
node_modules/@types/d3-scale/index.d.ts(829,20): error TS2304: Cannot find name 'Iterable'.
node_modules/@types/d3-scale/index.d.ts(843,18): error TS2304: Cannot find name 'Iterable'.
node_modules/@types/d3-scale/index.d.ts(911,56): error TS2304: Cannot find name 'Iterable'.
node_modules/@types/d3-scale/index.d.ts(943,13): error TS2304: Cannot find name 'Iterable'.
node_modules/@types/d3-scale/index.d.ts(958,13): error TS2304: Cannot find name 'Iterable'.
node_modules/@types/d3-scale/index.d.ts(959,12): error TS2304: Cannot find name 'Iterable'.
node_modules/@types/d3-scale/index.d.ts(1027,20): error TS2304: Cannot find name 'Iterable'.
node_modules/@types/d3-scale/index.d.ts(1041,18): error TS2304: Cannot find name 'Iterable'.
node_modules/@types/d3-scale/index.d.ts(1054,23): error TS2304: Cannot find name 'Iterable'.
node_modules/@types/d3-scale/index.d.ts(1228,13): error TS2304: Cannot find name 'Iterable'.
node_modules/@types/d3-scale/index.d.ts(1249,13): error TS2304: Cannot find name 'Iterable'.
node_modules/@types/d3-scale/index.d.ts(1250,12): error TS2304: Cannot find name 'Iterable'.
node_modules/@types/d3-scale/index.d.ts(1273,13): error TS2304: Cannot find name 'Iterable'.
node_modules/@types/d3-scale/index.d.ts(1294,13): error TS2304: Cannot find name 'Iterable'.
node_modules/@types/d3-scale/index.d.ts(1295,12): error TS2304: Cannot find name 'Iterable'.
node_modules/@types/d3-scale/index.d.ts(1332,20): error TS2304: Cannot find name 'Iterable'.
node_modules/@types/d3-scale/index.d.ts(1358,18): error TS2304: Cannot find name 'Iterable'.
node_modules/@types/d3-scale/index.d.ts(1366,23): error TS2304: Cannot find name 'Iterable'.
node_modules/@types/d3-scale/index.d.ts(1421,46): error TS2304: Cannot find name 'Iterable'.
node_modules/@types/d3-scale/index.d.ts(1437,13): error TS2304: Cannot find name 'Iterable'.
node_modules/@types/d3-scale/index.d.ts(1438,45): error TS2304: Cannot find name 'Iterable'.
node_modules/@types/d3-scale/index.d.ts(1464,13): error TS2304: Cannot find name 'Iterable'.
node_modules/@types/d3-scale/index.d.ts(1491,13): error TS2304: Cannot find name 'Iterable'.
node_modules/@types/d3-scale/index.d.ts(1518,13): error TS2304: Cannot find name 'Iterable'.
node_modules/@types/d3-scale/index.d.ts(1545,13): error TS2304: Cannot find name 'Iterable'.
node_modules/@types/d3-scale/index.d.ts(1610,13): error TS2304: Cannot find name 'Iterable'.
node_modules/@types/d3-scale/index.d.ts(1649,20): error TS2304: Cannot find name 'Iterable'.
node_modules/@types/d3-scale/index.d.ts(1686,18): error TS2304: Cannot find name 'Iterable'.
node_modules/@types/d3-scale/index.d.ts(1694,23): error TS2304: Cannot find name 'Iterable'.
node_modules/@types/d3-scale/index.d.ts(1729,46): error TS2304: Cannot find name 'Iterable'.
node_modules/@types/d3-scale/index.d.ts(1746,13): error TS2304: Cannot find name 'Iterable'.
node_modules/@types/d3-scale/index.d.ts(1747,45): error TS2304: Cannot find name 'Iterable'.
node_modules/@types/d3-scale/index.d.ts(1773,13): error TS2304: Cannot find name 'Iterable'.
node_modules/@types/d3-scale/index.d.ts(1800,13): error TS2304: Cannot find name 'Iterable'.
node_modules/@types/d3-scale/index.d.ts(1827,13): error TS2304: Cannot find name 'Iterable'.
node_modules/@types/d3-scale/index.d.ts(1854,13): error TS2304: Cannot find name 'Iterable'.
node_modules/@types/d3-scale/index.d.ts(1898,20): error TS2304: Cannot find name 'Iterable'.
node_modules/@types/d3-scale/index.d.ts(1909,18): error TS2304: Cannot find name 'Iterable'.
node_modules/@types/d3-scale/index.d.ts(1985,72): error TS2304: Cannot find name 'Iterable'.
node_modules/@types/d3-scale/index.d.ts(2000,13): error TS2304: Cannot find name 'Iterable'.
node_modules/@types/d3-scale/index.d.ts(2001,12): error TS2304: Cannot find name 'Iterable'.
node_modules/@types/d3-scale/index.d.ts(2047,20): error TS2304: Cannot find name 'Iterable'.
node_modules/@types/d3-scale/index.d.ts(2061,18): error TS2304: Cannot find name 'Iterable'.
node_modules/@types/d3-scale/index.d.ts(2100,72): error TS2304: Cannot find name 'Iterable'.
node_modules/@types/d3-scale/index.d.ts(2113,13): error TS2304: Cannot find name 'Iterable'.
node_modules/@types/d3-scale/index.d.ts(2114,12): error TS2304: Cannot find name 'Iterable'.
node_modules/@types/d3-scale/index.d.ts(2162,20): error TS2304: Cannot find name 'Iterable'.
node_modules/@types/d3-scale/index.d.ts(2175,18): error TS2304: Cannot find name 'Iterable'.
node_modules/@types/d3-scale/index.d.ts(2208,13): error TS2304: Cannot find name 'Iterable'.
node_modules/@types/d3-scale/index.d.ts(2223,13): error TS2304: Cannot find name 'Iterable'.
node_modules/@types/d3-scale/index.d.ts(2224,12): error TS2304: Cannot find name 'Iterable'.
node_modules/@types/d3-scale/index.d.ts(2272,20): error TS2304: Cannot find name 'Iterable'.
node_modules/@types/d3-scale/index.d.ts(2287,18): error TS2304: Cannot find name 'Iterable'.
node_modules/@types/d3-scale/index.d.ts(2319,45): error TS2304: Cannot find name 'Iterable'.
node_modules/@types/d3-scale/index.d.ts(2333,13): error TS2304: Cannot find name 'Iterable'.
node_modules/@types/d3-scale/index.d.ts(2347,13): error TS2304: Cannot find name 'Iterable'.
node_modules/@types/d3-scale/index.d.ts(2348,12): error TS2304: Cannot find name 'Iterable'.
node_modules/@types/d3-scale/index.d.ts(2388,20): error TS2304: Cannot find name 'Iterable'.
node_modules/@types/d3-scale/index.d.ts(2400,18): error TS2304: Cannot find name 'Iterable'.
node_modules/@types/d3-scale/index.d.ts(2410,23): error TS2304: Cannot find name 'Iterable'.
node_modules/@types/d3-scale/index.d.ts(2509,13): error TS2304: Cannot find name 'Iterable'.
node_modules/@types/d3-scale/index.d.ts(2520,13): error TS2304: Cannot find name 'Iterable'.
node_modules/@types/d3-scale/index.d.ts(2521,12): error TS2304: Cannot find name 'Iterable'.
node_modules/@types/d3-scale/index.d.ts(2555,20): error TS2304: Cannot find name 'Iterable'.
node_modules/@types/d3-scale/index.d.ts(2568,18): error TS2304: Cannot find name 'Iterable'.
node_modules/@types/d3-scale/index.d.ts(2578,23): error TS2304: Cannot find name 'Iterable'.
node_modules/@types/d3-scale/index.d.ts(2655,13): error TS2304: Cannot find name 'Iterable'.
node_modules/@types/d3-scale/index.d.ts(2667,13): error TS2304: Cannot find name 'Iterable'.
node_modules/@types/d3-scale/index.d.ts(2668,12): error TS2304: Cannot find name 'Iterable'.
node_modules/@types/d3-shape/index.d.ts(627,12): error TS2304: Cannot find name 'Iterable'.
node_modules/@types/d3-shape/index.d.ts(637,12): error TS2304: Cannot find name 'Iterable'.
node_modules/@types/d3-shape/index.d.ts(789,12): error TS2304: Cannot find name 'Iterable'.
node_modules/@types/d3-shape/index.d.ts(799,12): error TS2304: Cannot find name 'Iterable'.
node_modules/@types/d3-shape/index.d.ts(975,12): error TS2304: Cannot find name 'Iterable'.
node_modules/@types/d3-shape/index.d.ts(985,12): error TS2304: Cannot find name 'Iterable'.
node_modules/@types/d3-shape/index.d.ts(1244,12): error TS2304: Cannot find name 'Iterable'.
node_modules/@types/d3-shape/index.d.ts(1253,12): error TS2304: Cannot find name 'Iterable'.
node_modules/@types/d3-shape/index.d.ts(2485,12): error TS2304: Cannot find name 'Iterable'.
node_modules/@types/d3-shape/index.d.ts(2497,16): error TS2304: Cannot find name 'Iterable'.
node_modules/@types/d3-shape/index.d.ts(2522,46): error TS2304: Cannot find name 'Iterable'.
node_modules/@types/d3-shape/index.d.ts(2526,25): error TS2304: Cannot find name 'Iterable'.
node_modules/@types/d3-shape/index.d.ts(2537,50): error TS2304: Cannot find name 'Iterable'.
node_modules/@types/d3-shape/index.d.ts(2647,68): error TS2304: Cannot find name 'Iterable'.
node_modules/@types/d3-shape/index.d.ts(2655,71): error TS2304: Cannot find name 'Iterable'.
node_modules/@types/d3-shape/index.d.ts(2663,66): error TS2304: Cannot find name 'Iterable'.
node_modules/@types/d3-shape/index.d.ts(2671,72): error TS2304: Cannot find name 'Iterable'.
node_modules/@types/d3-shape/index.d.ts(2680,68): error TS2304: Cannot find name 'Iterable'.
node_modules/@types/react/index.d.ts(47,7): error TS2304: Cannot find name 'Iterable'.
node_modules/@types/react/index.d.ts(427,10): error TS2456: Type alias 'ReactNode' circularly references itself.
node_modules/@types/react/index.d.ts(432,11): error TS2304: Cannot find name 'Iterable'.
node_modules/date-fns/intlFormatDistance.d.ts(6,16): error TS2724: 'Intl' has no exported member named 'RelativeTimeFormatOptions'. Did you mean 'DateTimeFormatOptions'?
node_modules/react-datepicker/dist/calendar.d.ts(1,8): error TS1259: Module '"C:/Users/Administrator/Desktop/irfo-project/node_modules/@types/react/index"' can only be default-imported using the 'esModuleInterop' flag
node_modules/react-datepicker/dist/calendar.d.ts(79,34): error TS2339: Property 'onYearMouseEnter' does not exist on type 'YearProps'.
node_modules/react-datepicker/dist/calendar.d.ts(80,34): error TS2339: Property 'onYearMouseLeave' does not exist on type 'YearProps'.
node_modules/react-datepicker/dist/calendar.d.ts(81,39): error TS2339: Property 'ariaLabelPrefix' does not exist on type 'MonthProps'.
node_modules/react-datepicker/dist/calendar.d.ts(82,37): error TS2339: Property 'handleOnKeyDown' does not exist on type 'MonthProps'.
node_modules/react-datepicker/dist/calendar.d.ts(84,30): error TS2339: Property 'onChange' does not exist on type 'TimeProps'.
node_modules/react-datepicker/dist/calendar.d.ts(84,59): error TS2339: Property 'onChange' does not exist on type 'InputTimeProps'.
node_modules/react-datepicker/dist/calendar.d.ts(85,28): error TS2339: Property 'format' does not exist on type 'TimeProps'.
node_modules/react-datepicker/dist/calendar.d.ts(86,31): error TS2339: Property 'intervals' does not exist on type 'TimeProps'.
node_modules/react-datepicker/dist/calendar.d.ts(89,34): error TS2344: Type '"minDate" | "maxDate"' does not satisfy the constraint 'never'.
  Type '"minDate"' is not assignable to type 'never'.
node_modules/react-datepicker/dist/calendar.d.ts(91,29): error TS2344: Type '"minDate" | "maxDate"' does not satisfy the constraint 'never'.
  Type '"minDate"' is not assignable to type 'never'.
node_modules/react-datepicker/dist/calendar.d.ts(91,70): error TS2344: Type '"minDate" | "maxDate"' does not satisfy the constraint 'never'.
  Type '"minDate"' is not assignable to type 'never'.
node_modules/react-datepicker/dist/calendar.d.ts(91,112): error TS2344: Type '"minDate" | "maxDate"' does not satisfy the constraint 'never'.
  Type '"minDate"' is not assignable to type 'never'.
node_modules/react-datepicker/dist/calendar.d.ts(92,49): error TS2344: Type '"selectingDate"' does not satisfy the constraint 'never'.
node_modules/react-datepicker/dist/calendar.d.ts(92,84): error TS2344: Type '"selectingDate"' does not satisfy the constraint 'never'.
node_modules/react-datepicker/dist/calendar.d.ts(93,31): error TS2339: Property 'date' does not exist on type 'Required<YearProps>'.
node_modules/react-datepicker/dist/calendar.d.ts(94,31): error TS2339: Property 'monthRef' does not exist on type 'TimeProps'.
node_modules/react-datepicker/dist/calendar_container.d.ts(1,8): error TS1259: Module '"C:/Users/Administrator/Desktop/irfo-project/node_modules/@types/react/index"' can only be default-imported using the 'esModuleInterop' flag
node_modules/react-datepicker/dist/calendar_icon.d.ts(1,8): error TS1259: Module '"C:/Users/Administrator/Desktop/irfo-project/node_modules/@types/react/index"' can only be default-imported using the 'esModuleInterop' flag
node_modules/react-datepicker/dist/click_outside_wrapper.d.ts(1,8): error TS1259: Module '"C:/Users/Administrator/Desktop/irfo-project/node_modules/@types/react/index"' can only be default-imported using the 'esModuleInterop' flag
node_modules/react-datepicker/dist/date_utils.d.ts(396,116): error TS2583: Cannot find name 'Map'. Do you need to change your target library? Try changing the 'lib' compiler option to 'es2015' or later.
node_modules/react-datepicker/dist/date_utils.d.ts(412,27): error TS2583: Cannot find name 'Map'. Do you need to change your target library? Try changing the 'lib' compiler option to 'es2015' or later.
node_modules/react-datepicker/dist/day.d.ts(1,8): error TS1259: Module '"C:/Users/Administrator/Desktop/irfo-project/node_modules/@types/react/index"' can only be default-imported using the 'esModuleInterop' flag
node_modules/react-datepicker/dist/day.d.ts(9,22): error TS2583: Cannot find name 'Map'. Do you need to change your target library? Try changing the 'lib' compiler option to 'es2015' or later.
node_modules/react-datepicker/dist/index.d.ts(1,8): error TS1259: Module '"C:/Users/Administrator/Desktop/irfo-project/node_modules/@types/react/index"' can only be default-imported using the 'esModuleInterop' flag
node_modules/react-datepicker/dist/index.d.ts(23,471): error TS2344: Type '"icon"' does not satisfy the constraint 'never'.
node_modules/react-datepicker/dist/index.d.ts(29,44): error TS2339: Property 'className' does not exist on type 'PopperComponentProps'.
node_modules/react-datepicker/dist/index.d.ts(30,44): error TS2339: Property 'showArrow' does not exist on type 'PopperComponentProps'.
node_modules/react-datepicker/dist/input_time.d.ts(1,8): error TS1259: Module '"C:/Users/Administrator/Desktop/irfo-project/node_modules/@types/react/index"' can only be default-imported using the 'esModuleInterop' flag
node_modules/react-datepicker/dist/month.d.ts(1,8): error TS1259: Module '"C:/Users/Administrator/Desktop/irfo-project/node_modules/@types/react/index"' can only be default-imported using the 'esModuleInterop' flag
node_modules/react-datepicker/dist/month.d.ts(24,33): error TS2339: Property 'showWeekNumber' does not exist on type 'WeekProps'.
node_modules/react-datepicker/dist/month.d.ts(30,37): error TS2339: Property 'ariaLabelPrefix' does not exist on type 'WeekProps'.
node_modules/react-datepicker/dist/month.d.ts(31,42): error TS2339: Property 'chooseDayAriaLabelPrefix' does not exist on type 'WeekProps'.
node_modules/react-datepicker/dist/month.d.ts(32,44): error TS2339: Property 'disabledDayAriaLabelPrefix' does not exist on type 'WeekProps'.
node_modules/react-datepicker/dist/month.d.ts(172,149): error TS2304: Cannot find name 'Iterable'.
node_modules/react-datepicker/dist/month.d.ts(172,315): error TS2304: Cannot find name 'Iterable'.
node_modules/react-datepicker/dist/month_dropdown.d.ts(1,8): error TS1259: Module '"C:/Users/Administrator/Desktop/irfo-project/node_modules/@types/react/index"' can only be default-imported using the 'esModuleInterop' flag
node_modules/react-datepicker/dist/month_dropdown_options.d.ts(1,8): error TS1259: Module '"C:/Users/Administrator/Desktop/irfo-project/node_modules/@types/react/index"' can only be default-imported using the 'esModuleInterop' flag
node_modules/react-datepicker/dist/month_year_dropdown.d.ts(1,8): error TS1259: Module '"C:/Users/Administrator/Desktop/irfo-project/node_modules/@types/react/index"' can only be default-imported using the 'esModuleInterop' flag
node_modules/react-datepicker/dist/month_year_dropdown_options.d.ts(1,8): error TS1259: Module '"C:/Users/Administrator/Desktop/irfo-project/node_modules/@types/react/index"' can only be default-imported using the 'esModuleInterop' flag
node_modules/react-datepicker/dist/popper_component.d.ts(1,8): error TS1259: Module '"C:/Users/Administrator/Desktop/irfo-project/node_modules/@types/react/index"' can only be default-imported using the 'esModuleInterop' flag
node_modules/react-datepicker/dist/portal.d.ts(2,13): error TS1259: Module '"C:/Users/Administrator/Desktop/irfo-project/node_modules/@types/react/index"' can only be default-imported using the 'esModuleInterop' flag
node_modules/react-datepicker/dist/tab_loop.d.ts(1,8): error TS1259: Module '"C:/Users/Administrator/Desktop/irfo-project/node_modules/@types/react/index"' can only be default-imported using the 'esModuleInterop' flag
node_modules/react-datepicker/dist/tab_loop.d.ts(43,52): error TS2304: Cannot find name 'Iterable'.
node_modules/react-datepicker/dist/tab_loop.d.ts(43,218): error TS2304: Cannot find name 'Iterable'.
node_modules/react-datepicker/dist/time.d.ts(1,8): error TS1259: Module '"C:/Users/Administrator/Desktop/irfo-project/node_modules/@types/react/index"' can only be default-imported using the 'esModuleInterop' flag
node_modules/react-datepicker/dist/week.d.ts(1,8): error TS1259: Module '"C:/Users/Administrator/Desktop/irfo-project/node_modules/@types/react/index"' can only be default-imported using the 'esModuleInterop' flag
node_modules/react-datepicker/dist/week.d.ts(10,41): error TS2339: Property 'ariaLabelPrefixWhenEnabled' does not exist on type 'DayProps'.
node_modules/react-datepicker/dist/week.d.ts(11,43): error TS2339: Property 'ariaLabelPrefixWhenDisabled' does not exist on type 'DayProps'.
node_modules/react-datepicker/dist/week_number.d.ts(1,8): error TS1259: Module '"C:/Users/Administrator/Desktop/irfo-project/node_modules/@types/react/index"' can only be default-imported using the 'esModuleInterop' flag
node_modules/react-datepicker/dist/with_floating.d.ts(2,8): error TS1259: Module '"C:/Users/Administrator/Desktop/irfo-project/node_modules/@types/react/index"' can only be default-imported using the 'esModuleInterop' flag
node_modules/react-datepicker/dist/year.d.ts(1,8): error TS1259: Module '"C:/Users/Administrator/Desktop/irfo-project/node_modules/@types/react/index"' can only be default-imported using the 'esModuleInterop' flag
node_modules/react-datepicker/dist/year_dropdown.d.ts(1,8): error TS1259: Module '"C:/Users/Administrator/Desktop/irfo-project/node_modules/@types/react/index"' can only be default-imported using the 'esModuleInterop' flag
node_modules/react-datepicker/dist/year_dropdown_options.d.ts(1,8): error TS1259: Module '"C:/Users/Administrator/Desktop/irfo-project/node_modules/@types/react/index"' can only be default-imported using the 'esModuleInterop' flag
src/pages/UnitOperations.tsx(1,32): error TS6142: Module '../components/Navbar' was resolved to 'C:/Users/Administrator/Desktop/irfo-project/src/components/Navbar.tsx', but '--jsx' is not set.
src/pages/UnitOperations.tsx(2,21): error TS6142: Module '../components/Sidebar' was resolved to 'C:/Users/Administrator/Desktop/irfo-project/src/components/Sidebar.tsx', but '--jsx' is not set.
src/pages/UnitOperations.tsx(3,32): error TS6142: Module '../components/AccountSearchModal' was resolved to 'C:/Users/Administrator/Desktop/irfo-project/src/components/AccountSearchModal.tsx', but '--jsx' is not set.
src/pages/UnitOperations.tsx(4,31): error TS6142: Module '../components/HolderSearchModal' was resolved to 'C:/Users/Administrator/Desktop/irfo-project/src/components/HolderSearchModal.tsx', but '--jsx' is not set.
src/pages/UnitOperations.tsx(5,35): error TS6142: Module '../components/HolderSearchModal' was resolved to 'C:/Users/Administrator/Desktop/irfo-project/src/components/HolderSearchModal.tsx', but '--jsx' is not set.
src/pages/UnitOperations.tsx(6,29): error TS6142: Module '../components/EditSearchModal' was resolved to 'C:/Users/Administrator/Desktop/irfo-project/src/components/EditSearchModal.tsx', but '--jsx' is not set.
src/pages/UnitOperations.tsx(7,31): error TS6142: Module '../components/AkctNoSearchModal' was resolved to 'C:/Users/Administrator/Desktop/irfo-project/src/components/AkctNoSearchModal.tsx', but '--jsx' is not set.
src/pages/UnitOperations.tsx(8,29): error TS6142: Module '../components/RequestAckModal' was resolved to 'C:/Users/Administrator/Desktop/irfo-project/src/components/RequestAckModal.tsx', but '--jsx' is not set.
src/pages/UnitOperations.tsx(9,35): error TS6142: Module '../components/AccountSelectionPopup' was resolved to 'C:/Users/Administrator/Desktop/irfo-project/src/components/AccountSelectionPopup.tsx', but '--jsx' is not set.
src/pages/UnitOperations.tsx(222,5): error TS17004: Cannot use JSX unless the '--jsx' flag is provided.
src/pages/UnitOperations.tsx(233,7): error TS17004: Cannot use JSX unless the '--jsx' flag is provided.
src/pages/UnitOperations.tsx(248,7): error TS17004: Cannot use JSX unless the '--jsx' flag is provided.
src/pages/UnitOperations.tsx(266,5): error TS17004: Cannot use JSX unless the '--jsx' flag is provided.
src/pages/UnitOperations.tsx(267,7): error TS17004: Cannot use JSX unless the '--jsx' flag is provided.
src/pages/UnitOperations.tsx(273,7): error TS17004: Cannot use JSX unless the '--jsx' flag is provided.
src/pages/UnitOperations.tsx(314,5): error TS17004: Cannot use JSX unless the '--jsx' flag is provided.
src/pages/UnitOperations.tsx(320,7): error TS17004: Cannot use JSX unless the '--jsx' flag is provided.
src/pages/UnitOperations.tsx(321,9): error TS17004: Cannot use JSX unless the '--jsx' flag is provided.
src/pages/UnitOperations.tsx(322,11): error TS17004: Cannot use JSX unless the '--jsx' flag is provided.
src/pages/UnitOperations.tsx(323,13): error TS17004: Cannot use JSX unless the '--jsx' flag is provided.
src/pages/UnitOperations.tsx(324,13): error TS17004: Cannot use JSX unless the '--jsx' flag is provided.
src/pages/UnitOperations.tsx(327,9): error TS17004: Cannot use JSX unless the '--jsx' flag is provided.
src/pages/UnitOperations.tsx(329,13): error TS17004: Cannot use JSX unless the '--jsx' flag is provided.
src/pages/UnitOperations.tsx(335,15): error TS17004: Cannot use JSX unless the '--jsx' flag is provided.
src/pages/UnitOperations.tsx(336,15): error TS17004: Cannot use JSX unless the '--jsx' flag is provided.
src/pages/UnitOperations.tsx(346,5): error TS17004: Cannot use JSX unless the '--jsx' flag is provided.
src/pages/UnitOperations.tsx(347,7): error TS17004: Cannot use JSX unless the '--jsx' flag is provided.
src/pages/UnitOperations.tsx(360,9): error TS17004: Cannot use JSX unless the '--jsx' flag is provided.
src/pages/UnitOperations.tsx(361,9): error TS17004: Cannot use JSX unless the '--jsx' flag is provided.
src/pages/UnitOperations.tsx(438,31): error TS2550: Property 'values' does not exist on type 'ObjectConstructor'. Do you need to change your target library? Try changing the 'lib' compiler option to 'es2017' or later.
src/pages/UnitOperations.tsx(442,5): error TS17004: Cannot use JSX unless the '--jsx' flag is provided.
src/pages/UnitOperations.tsx(451,7): error TS17004: Cannot use JSX unless the '--jsx' flag is provided.
src/pages/UnitOperations.tsx(452,9): error TS17004: Cannot use JSX unless the '--jsx' flag is provided.
src/pages/UnitOperations.tsx(466,7): error TS17004: Cannot use JSX unless the '--jsx' flag is provided.
src/pages/UnitOperations.tsx(467,9): error TS17004: Cannot use JSX unless the '--jsx' flag is provided.
src/pages/UnitOperations.tsx(468,11): error TS17004: Cannot use JSX unless the '--jsx' flag is provided.
src/pages/UnitOperations.tsx(469,13): error TS17004: Cannot use JSX unless the '--jsx' flag is provided.
src/pages/UnitOperations.tsx(471,17): error TS17004: Cannot use JSX unless the '--jsx' flag is provided.
src/pages/UnitOperations.tsx(480,11): error TS17004: Cannot use JSX unless the '--jsx' flag is provided.
src/pages/UnitOperations.tsx(482,17): error TS17004: Cannot use JSX unless the '--jsx' flag is provided.
src/pages/UnitOperations.tsx(482,21): error TS17004: Cannot use JSX unless the '--jsx' flag is provided.
src/pages/UnitOperations.tsx(486,19): error TS17004: Cannot use JSX unless the '--jsx' flag is provided.
src/pages/UnitOperations.tsx(493,23): error TS17004: Cannot use JSX unless the '--jsx' flag is provided.
src/pages/UnitOperations.tsx(508,7): error TS17004: Cannot use JSX unless the '--jsx' flag is provided.
src/pages/UnitOperations.tsx(509,9): error TS17004: Cannot use JSX unless the '--jsx' flag is provided.
src/pages/UnitOperations.tsx(510,9): error TS17004: Cannot use JSX unless the '--jsx' flag is provided.
src/pages/UnitOperations.tsx(517,5): error TS17004: Cannot use JSX unless the '--jsx' flag is provided.
src/pages/UnitOperations.tsx(518,7): error TS17004: Cannot use JSX unless the '--jsx' flag is provided.
src/pages/UnitOperations.tsx(532,9): error TS17004: Cannot use JSX unless the '--jsx' flag is provided.
src/pages/UnitOperations.tsx(533,9): error TS17004: Cannot use JSX unless the '--jsx' flag is provided.
src/pages/UnitOperations.tsx(542,5): error TS17004: Cannot use JSX unless the '--jsx' flag is provided.
src/pages/UnitOperations.tsx(548,7): error TS17004: Cannot use JSX unless the '--jsx' flag is provided.
src/pages/UnitOperations.tsx(548,67): error TS17004: Cannot use JSX unless the '--jsx' flag is provided.
src/pages/UnitOperations.tsx(550,9): error TS17004: Cannot use JSX unless the '--jsx' flag is provided.
src/pages/UnitOperations.tsx(572,11): error TS17004: Cannot use JSX unless the '--jsx' flag is provided.
src/pages/UnitOperations.tsx(575,7): error TS17004: Cannot use JSX unless the '--jsx' flag is provided.
src/pages/UnitOperations.tsx(575,52): error TS17004: Cannot use JSX unless the '--jsx' flag is provided.
src/pages/UnitOperations.tsx(576,7): error TS17004: Cannot use JSX unless the '--jsx' flag is provided.
src/pages/UnitOperations.tsx(576,54): error TS17004: Cannot use JSX unless the '--jsx' flag is provided.
src/pages/UnitOperations.tsx(577,7): error TS17004: Cannot use JSX unless the '--jsx' flag is provided.
src/pages/UnitOperations.tsx(577,53): error TS17004: Cannot use JSX unless the '--jsx' flag is provided.
src/pages/UnitOperations.tsx(578,7): error TS17004: Cannot use JSX unless the '--jsx' flag is provided.
src/pages/UnitOperations.tsx(578,71): error TS17004: Cannot use JSX unless the '--jsx' flag is provided.
src/pages/UnitOperations.tsx(580,9): error TS17004: Cannot use JSX unless the '--jsx' flag is provided.
src/pages/UnitOperations.tsx(597,11): error TS17004: Cannot use JSX unless the '--jsx' flag is provided.
src/pages/UnitOperations.tsx(737,5): error TS17004: Cannot use JSX unless the '--jsx' flag is provided.
src/pages/UnitOperations.tsx(739,7): error TS17004: Cannot use JSX unless the '--jsx' flag is provided.
src/pages/UnitOperations.tsx(746,7): error TS17004: Cannot use JSX unless the '--jsx' flag is provided.
src/pages/UnitOperations.tsx(754,7): error TS17004: Cannot use JSX unless the '--jsx' flag is provided.
src/pages/UnitOperations.tsx(763,7): error TS17004: Cannot use JSX unless the '--jsx' flag is provided.
src/pages/UnitOperations.tsx(768,7): error TS17004: Cannot use JSX unless the '--jsx' flag is provided.
src/pages/UnitOperations.tsx(818,11): error TS17004: Cannot use JSX unless the '--jsx' flag is provided.
src/pages/UnitOperations.tsx(819,13): error TS17004: Cannot use JSX unless the '--jsx' flag is provided.
src/pages/UnitOperations.tsx(820,13): error TS17004: Cannot use JSX unless the '--jsx' flag is provided.
src/pages/UnitOperations.tsx(825,11): error TS17004: Cannot use JSX unless the '--jsx' flag is provided.
src/pages/UnitOperations.tsx(829,13): error TS17004: Cannot use JSX unless the '--jsx' flag is provided.
src/pages/UnitOperations.tsx(838,15): error TS17004: Cannot use JSX unless the '--jsx' flag is provided.
src/pages/UnitOperations.tsx(839,17): error TS17004: Cannot use JSX unless the '--jsx' flag is provided.
src/pages/UnitOperations.tsx(840,19): error TS17004: Cannot use JSX unless the '--jsx' flag is provided.
src/pages/UnitOperations.tsx(842,17): error TS17004: Cannot use JSX unless the '--jsx' flag is provided.
src/pages/UnitOperations.tsx(843,19): error TS17004: Cannot use JSX unless the '--jsx' flag is provided.
src/pages/UnitOperations.tsx(845,17): error TS17004: Cannot use JSX unless the '--jsx' flag is provided.
src/pages/UnitOperations.tsx(846,19): error TS17004: Cannot use JSX unless the '--jsx' flag is provided.
src/pages/UnitOperations.tsx(850,15): error TS17004: Cannot use JSX unless the '--jsx' flag is provided.
src/pages/UnitOperations.tsx(851,17): error TS17004: Cannot use JSX unless the '--jsx' flag is provided.
src/pages/UnitOperations.tsx(852,19): error TS17004: Cannot use JSX unless the '--jsx' flag is provided.
src/pages/UnitOperations.tsx(854,17): error TS17004: Cannot use JSX unless the '--jsx' flag is provided.
src/pages/UnitOperations.tsx(855,19): error TS17004: Cannot use JSX unless the '--jsx' flag is provided.
src/pages/UnitOperations.tsx(857,17): error TS17004: Cannot use JSX unless the '--jsx' flag is provided.
src/pages/UnitOperations.tsx(858,19): error TS17004: Cannot use JSX unless the '--jsx' flag is provided.
src/pages/UnitOperations.tsx(866,13): error TS17004: Cannot use JSX unless the '--jsx' flag is provided.
src/pages/UnitOperations.tsx(876,15): error TS17004: Cannot use JSX unless the '--jsx' flag is provided.
src/pages/UnitOperations.tsx(877,17): error TS17004: Cannot use JSX unless the '--jsx' flag is provided.
src/pages/UnitOperations.tsx(878,19): error TS17004: Cannot use JSX unless the '--jsx' flag is provided.
src/pages/UnitOperations.tsx(880,104): error TS2550: Property 'find' does not exist on type 'Record<string, string>[]'. Do you need to change your target library? Try changing the 'lib' compiler option to 'es2015' or later.
src/pages/UnitOperations.tsx(889,17): error TS17004: Cannot use JSX unless the '--jsx' flag is provided.
src/pages/UnitOperations.tsx(890,19): error TS17004: Cannot use JSX unless the '--jsx' flag is provided.
src/pages/UnitOperations.tsx(891,21): error TS17004: Cannot use JSX unless the '--jsx' flag is provided.
src/pages/UnitOperations.tsx(892,21): error TS17004: Cannot use JSX unless the '--jsx' flag is provided.
src/pages/UnitOperations.tsx(894,19): error TS17004: Cannot use JSX unless the '--jsx' flag is provided.
src/pages/UnitOperations.tsx(895,21): error TS17004: Cannot use JSX unless the '--jsx' flag is provided.
src/pages/UnitOperations.tsx(895,22): error TS2322: Type '{ selected: Date; onChange: (d: [Date, Date]) => void; dateFormat: string; placeholderText: string; className: string; showYearDropdown: true; showMonthDropdown: true; dropdownMode: string; disabled: boolean; }' is not assignable to type 'IntrinsicAttributes & (IntrinsicClassAttributes<DatePicker> & Readonly<DatePickerProps>)'.
  Property 'selectsMultiple' is missing in type '{ selected: Date; onChange: (d: [Date, Date]) => void; dateFormat: string; placeholderText: string; className: string; showYearDropdown: true; showMonthDropdown: true; dropdownMode: string; disabled: boolean; }' but required in type 'Readonly<Omit<React.ComponentPropsWithoutRef<typeof Calendar>, "container" | "className" | "onSelect" | "dateFormat" | "highlightDates" | "holidays" | "shouldFocusDayInline" | "handleOnKeyDown" | "preSelection" | ... 11 more ... | "dropdownMode"> & ... 4 more ... & { ...; }>'.
src/pages/UnitOperations.tsx(895,84): error TS2345: Argument of type '[Date, Date]' is not assignable to parameter of type 'SetStateAction<Date>'.
  Type '[Date, Date]' is not assignable to type 'Date'.
src/pages/UnitOperations.tsx(898,17): error TS17004: Cannot use JSX unless the '--jsx' flag is provided.
src/pages/UnitOperations.tsx(899,19): error TS17004: Cannot use JSX unless the '--jsx' flag is provided.
src/pages/UnitOperations.tsx(899,20): error TS2322: Type '{ selected: Date; onChange: (d: [Date, Date]) => void; dateFormat: string; placeholderText: string; className: string; showYearDropdown: true; showMonthDropdown: true; dropdownMode: string; disabled: boolean; }' is not assignable to type 'IntrinsicAttributes & (IntrinsicClassAttributes<DatePicker> & Readonly<DatePickerProps>)'.
  Property 'selectsMultiple' is missing in type '{ selected: Date; onChange: (d: [Date, Date]) => void; dateFormat: string; placeholderText: string; className: string; showYearDropdown: true; showMonthDropdown: true; dropdownMode: string; disabled: boolean; }' but required in type 'Readonly<Omit<React.ComponentPropsWithoutRef<typeof Calendar>, "container" | "className" | "onSelect" | "dateFormat" | "highlightDates" | "holidays" | "shouldFocusDayInline" | "handleOnKeyDown" | "preSelection" | ... 11 more ... | "dropdownMode"> & ... 4 more ... & { ...; }>'.
src/pages/UnitOperations.tsx(899,80): error TS2345: Argument of type '[Date, Date]' is not assignable to parameter of type 'SetStateAction<Date>'.
  Type '[Date, Date]' is not assignable to type 'Date'.
src/pages/UnitOperations.tsx(904,15): error TS17004: Cannot use JSX unless the '--jsx' flag is provided.
src/pages/UnitOperations.tsx(905,17): error TS17004: Cannot use JSX unless the '--jsx' flag is provided.
src/pages/UnitOperations.tsx(906,19): error TS17004: Cannot use JSX unless the '--jsx' flag is provided.
src/pages/UnitOperations.tsx(907,21): error TS17004: Cannot use JSX unless the '--jsx' flag is provided.
src/pages/UnitOperations.tsx(908,23): error TS17004: Cannot use JSX unless the '--jsx' flag is provided.
src/pages/UnitOperations.tsx(918,21): error TS17004: Cannot use JSX unless the '--jsx' flag is provided.
src/pages/UnitOperations.tsx(919,21): error TS17004: Cannot use JSX unless the '--jsx' flag is provided.
src/pages/UnitOperations.tsx(923,17): error TS17004: Cannot use JSX unless the '--jsx' flag is provided.
src/pages/UnitOperations.tsx(924,19): error TS17004: Cannot use JSX unless the '--jsx' flag is provided.
src/pages/UnitOperations.tsx(925,21): error TS17004: Cannot use JSX unless the '--jsx' flag is provided.
src/pages/UnitOperations.tsx(927,19): error TS17004: Cannot use JSX unless the '--jsx' flag is provided.
src/pages/UnitOperations.tsx(928,21): error TS17004: Cannot use JSX unless the '--jsx' flag is provided.
src/pages/UnitOperations.tsx(931,17): error TS17004: Cannot use JSX unless the '--jsx' flag is provided.
src/pages/UnitOperations.tsx(932,19): error TS17004: Cannot use JSX unless the '--jsx' flag is provided.
src/pages/UnitOperations.tsx(937,15): error TS17004: Cannot use JSX unless the '--jsx' flag is provided.
src/pages/UnitOperations.tsx(938,17): error TS17004: Cannot use JSX unless the '--jsx' flag is provided.
src/pages/UnitOperations.tsx(939,19): error TS17004: Cannot use JSX unless the '--jsx' flag is provided.
src/pages/UnitOperations.tsx(941,89): error TS2550: Property 'find' does not exist on type 'Record<string, string>[]'. Do you need to change your target library? Try changing the 'lib' compiler option to 'es2015' or later.
src/pages/UnitOperations.tsx(949,17): error TS17004: Cannot use JSX unless the '--jsx' flag is provided.
src/pages/UnitOperations.tsx(950,19): error TS17004: Cannot use JSX unless the '--jsx' flag is provided.
src/pages/UnitOperations.tsx(950,20): error TS2322: Type '{ selected: Date; onChange: (d: [Date, Date]) => void; dateFormat: string; placeholderText: string; className: string; showYearDropdown: true; showMonthDropdown: true; dropdownMode: string; disabled: boolean; }' is not assignable to type 'IntrinsicAttributes & (IntrinsicClassAttributes<DatePicker> & Readonly<DatePickerProps>)'.
  Property 'selectsMultiple' is missing in type '{ selected: Date; onChange: (d: [Date, Date]) => void; dateFormat: string; placeholderText: string; className: string; showYearDropdown: true; showMonthDropdown: true; dropdownMode: string; disabled: boolean; }' but required in type 'Readonly<Omit<React.ComponentPropsWithoutRef<typeof Calendar>, "container" | "className" | "onSelect" | "dateFormat" | "highlightDates" | "holidays" | "shouldFocusDayInline" | "handleOnKeyDown" | "preSelection" | ... 11 more ... | "dropdownMode"> & ... 4 more ... & { ...; }>'.
src/pages/UnitOperations.tsx(950,78): error TS2345: Argument of type '[Date, Date]' is not assignable to parameter of type 'SetStateAction<Date>'.
  Type '[Date, Date]' is not assignable to type 'Date'.
src/pages/UnitOperations.tsx(954,17): error TS17004: Cannot use JSX unless the '--jsx' flag is provided.
src/pages/UnitOperations.tsx(955,19): error TS17004: Cannot use JSX unless the '--jsx' flag is provided.
src/pages/UnitOperations.tsx(956,19): error TS17004: Cannot use JSX unless the '--jsx' flag is provided.
src/pages/UnitOperations.tsx(970,25): error TS17004: Cannot use JSX unless the '--jsx' flag is provided.
src/pages/UnitOperations.tsx(977,27): error TS17004: Cannot use JSX unless the '--jsx' flag is provided.
src/pages/UnitOperations.tsx(985,27): error TS17004: Cannot use JSX unless the '--jsx' flag is provided.
src/pages/UnitOperations.tsx(994,17): error TS17004: Cannot use JSX unless the '--jsx' flag is provided.
src/pages/UnitOperations.tsx(995,19): error TS17004: Cannot use JSX unless the '--jsx' flag is provided.
src/pages/UnitOperations.tsx(1000,15): error TS17004: Cannot use JSX unless the '--jsx' flag is provided.
src/pages/UnitOperations.tsx(1001,17): error TS17004: Cannot use JSX unless the '--jsx' flag is provided.
src/pages/UnitOperations.tsx(1002,19): error TS17004: Cannot use JSX unless the '--jsx' flag is provided.
src/pages/UnitOperations.tsx(1007,15): error TS17004: Cannot use JSX unless the '--jsx' flag is provided.
src/pages/UnitOperations.tsx(1008,17): error TS17004: Cannot use JSX unless the '--jsx' flag is provided.
src/pages/UnitOperations.tsx(1009,19): error TS17004: Cannot use JSX unless the '--jsx' flag is provided.
src/pages/UnitOperations.tsx(1010,21): error TS17004: Cannot use JSX unless the '--jsx' flag is provided.
src/pages/UnitOperations.tsx(1011,21): error TS17004: Cannot use JSX unless the '--jsx' flag is provided.
src/pages/UnitOperations.tsx(1012,21): error TS17004: Cannot use JSX unless the '--jsx' flag is provided.
src/pages/UnitOperations.tsx(1015,17): error TS17004: Cannot use JSX unless the '--jsx' flag is provided.
src/pages/UnitOperations.tsx(1016,19): error TS17004: Cannot use JSX unless the '--jsx' flag is provided.
src/pages/UnitOperations.tsx(1017,21): error TS17004: Cannot use JSX unless the '--jsx' flag is provided.
src/pages/UnitOperations.tsx(1018,21): error TS17004: Cannot use JSX unless the '--jsx' flag is provided.
src/pages/UnitOperations.tsx(1019,21): error TS17004: Cannot use JSX unless the '--jsx' flag is provided.
src/pages/UnitOperations.tsx(1030,7): error TS17004: Cannot use JSX unless the '--jsx' flag is provided.
src/pages/UnitOperations.tsx(1033,7): error TS17004: Cannot use JSX unless the '--jsx' flag is provided.
src/pages/UnitOperations.tsx(1046,9): error TS17004: Cannot use JSX unless the '--jsx' flag is provided.
src/pages/UnitOperations.tsx(1058,11): error TS17004: Cannot use JSX unless the '--jsx' flag is provided.
src/pages/UnitOperations.tsx(1069,13): error TS17004: Cannot use JSX unless the '--jsx' flag is provided.
src/pages/UnitOperations.tsx(1081,9): error TS17004: Cannot use JSX unless the '--jsx' flag is provided.
src/pages/UnitOperations.tsx(1092,13): error TS17004: Cannot use JSX unless the '--jsx' flag is provided.
src/pages/UnitOperations.tsx(1117,9): error TS17004: Cannot use JSX unless the '--jsx' flag is provided.
src/pages/UnitOperations.tsx(1119,13): error TS17004: Cannot use JSX unless the '--jsx' flag is provided.
src/pages/UnitOperations.tsx(1120,15): error TS17004: Cannot use JSX unless the '--jsx' flag is provided.
src/pages/UnitOperations.tsx(1121,17): error TS17004: Cannot use JSX unless the '--jsx' flag is provided.
src/pages/UnitOperations.tsx(1129,17): error TS17004: Cannot use JSX unless the '--jsx' flag is provided.
src/pages/UnitOperations.tsx(1138,17): error TS17004: Cannot use JSX unless the '--jsx' flag is provided.
src/pages/UnitOperations.tsx(1153,17): error TS17004: Cannot use JSX unless the '--jsx' flag is provided.
src/pages/UnitOperations.tsx(1162,17): error TS17004: Cannot use JSX unless the '--jsx' flag is provided.
src/pages/UnitOperations.tsx(1171,17): error TS17004: Cannot use JSX unless the '--jsx' flag is provided.
src/pages/UnitOperations.tsx(1180,17): error TS17004: Cannot use JSX unless the '--jsx' flag is provided.
src/pages/UnitOperations.tsx(1214,15): error TS17004: Cannot use JSX unless the '--jsx' flag is provided.
src/pages/UnitOperations.tsx(1215,17): error TS17004: Cannot use JSX unless the '--jsx' flag is provided.
src/pages/UnitOperations.tsx(1216,19): error TS17004: Cannot use JSX unless the '--jsx' flag is provided.
src/pages/UnitOperations.tsx(1217,21): error TS17004: Cannot use JSX unless the '--jsx' flag is provided.
src/pages/UnitOperations.tsx(1218,23): error TS17004: Cannot use JSX unless the '--jsx' flag is provided.
src/pages/UnitOperations.tsx(1219,23): error TS17004: Cannot use JSX unless the '--jsx' flag is provided.
src/pages/UnitOperations.tsx(1220,23): error TS17004: Cannot use JSX unless the '--jsx' flag is provided.
src/pages/UnitOperations.tsx(1221,23): error TS17004: Cannot use JSX unless the '--jsx' flag is provided.
src/pages/UnitOperations.tsx(1222,23): error TS17004: Cannot use JSX unless the '--jsx' flag is provided.
src/pages/UnitOperations.tsx(1223,23): error TS17004: Cannot use JSX unless the '--jsx' flag is provided.
src/pages/UnitOperations.tsx(1226,19): error TS17004: Cannot use JSX unless the '--jsx' flag is provided.
src/pages/UnitOperations.tsx(1228,23): error TS17004: Cannot use JSX unless the '--jsx' flag is provided.
src/pages/UnitOperations.tsx(1229,25): error TS17004: Cannot use JSX unless the '--jsx' flag is provided.
src/pages/UnitOperations.tsx(1244,25): error TS17004: Cannot use JSX unless the '--jsx' flag is provided.
src/pages/UnitOperations.tsx(1245,27): error TS17004: Cannot use JSX unless the '--jsx' flag is provided.
src/pages/UnitOperations.tsx(1246,27): error TS17004: Cannot use JSX unless the '--jsx' flag is provided.
src/pages/UnitOperations.tsx(1247,27): error TS17004: Cannot use JSX unless the '--jsx' flag is provided.
src/pages/UnitOperations.tsx(1248,27): error TS17004: Cannot use JSX unless the '--jsx' flag is provided.
src/pages/UnitOperations.tsx(1249,27): error TS17004: Cannot use JSX unless the '--jsx' flag is provided.
src/pages/UnitOperations.tsx(1250,27): error TS17004: Cannot use JSX unless the '--jsx' flag is provided.
src/pages/UnitOperations.tsx(1257,15): error TS17004: Cannot use JSX unless the '--jsx' flag is provided.
src/pages/UnitOperations.tsx(1271,13): error TS17004: Cannot use JSX unless the '--jsx' flag is provided.
src/pages/UnitOperations.tsx(1272,15): error TS17004: Cannot use JSX unless the '--jsx' flag is provided.
src/pages/UnitOperations.tsx(1273,17): error TS17004: Cannot use JSX unless the '--jsx' flag is provided.
src/pages/UnitOperations.tsx(1277,54): error TS2550: Property 'find' does not exist on type 'Record<string, string>[]'. Do you need to change your target library? Try changing the 'lib' compiler option to 'es2015' or later.
src/pages/UnitOperations.tsx(1284,19): error TS17004: Cannot use JSX unless the '--jsx' flag is provided.
src/pages/UnitOperations.tsx(1286,21): error TS17004: Cannot use JSX unless the '--jsx' flag is provided.
src/pages/UnitOperations.tsx(1289,17): error TS17004: Cannot use JSX unless the '--jsx' flag is provided.
src/pages/UnitOperations.tsx(1297,17): error TS17004: Cannot use JSX unless the '--jsx' flag is provided.
src/pages/UnitOperations.tsx(1306,17): error TS17004: Cannot use JSX unless the '--jsx' flag is provided.
src/pages/UnitOperations.tsx(1315,17): error TS17004: Cannot use JSX unless the '--jsx' flag is provided.
src/pages/UnitOperations.tsx(1324,17): error TS17004: Cannot use JSX unless the '--jsx' flag is provided.
src/pages/UnitOperations.tsx(1341,15): error TS17004: Cannot use JSX unless the '--jsx' flag is provided.
src/pages/UnitOperations.tsx(1342,17): error TS17004: Cannot use JSX unless the '--jsx' flag is provided.
src/pages/UnitOperations.tsx(1343,19): error TS17004: Cannot use JSX unless the '--jsx' flag is provided.
src/pages/UnitOperations.tsx(1344,21): error TS17004: Cannot use JSX unless the '--jsx' flag is provided.
src/pages/UnitOperations.tsx(1345,23): error TS17004: Cannot use JSX unless the '--jsx' flag is provided.
src/pages/UnitOperations.tsx(1346,23): error TS17004: Cannot use JSX unless the '--jsx' flag is provided.
src/pages/UnitOperations.tsx(1347,23): error TS17004: Cannot use JSX unless the '--jsx' flag is provided.
src/pages/UnitOperations.tsx(1348,23): error TS17004: Cannot use JSX unless the '--jsx' flag is provided.
src/pages/UnitOperations.tsx(1349,23): error TS17004: Cannot use JSX unless the '--jsx' flag is provided.
src/pages/UnitOperations.tsx(1352,19): error TS17004: Cannot use JSX unless the '--jsx' flag is provided.
src/pages/UnitOperations.tsx(1354,25): error TS17004: Cannot use JSX unless the '--jsx' flag is provided.
src/pages/UnitOperations.tsx(1354,29): error TS17004: Cannot use JSX unless the '--jsx' flag is provided.
src/pages/UnitOperations.tsx(1356,25): error TS17004: Cannot use JSX unless the '--jsx' flag is provided.
src/pages/UnitOperations.tsx(1357,27): error TS17004: Cannot use JSX unless the '--jsx' flag is provided.
src/pages/UnitOperations.tsx(1358,27): error TS17004: Cannot use JSX unless the '--jsx' flag is provided.
src/pages/UnitOperations.tsx(1359,27): error TS17004: Cannot use JSX unless the '--jsx' flag is provided.
src/pages/UnitOperations.tsx(1360,27): error TS17004: Cannot use JSX unless the '--jsx' flag is provided.
src/pages/UnitOperations.tsx(1361,27): error TS17004: Cannot use JSX unless the '--jsx' flag is provided.
src/pages/UnitOperations.tsx(1372,13): error TS17004: Cannot use JSX unless the '--jsx' flag is provided.
src/pages/UnitOperations.tsx(1373,15): error TS17004: Cannot use JSX unless the '--jsx' flag is provided.
src/pages/UnitOperations.tsx(1382,17): error TS17004: Cannot use JSX unless the '--jsx' flag is provided.
src/pages/UnitOperations.tsx(1383,19): error TS17004: Cannot use JSX unless the '--jsx' flag is provided.
src/pages/UnitOperations.tsx(1396,19): error TS17004: Cannot use JSX unless the '--jsx' flag is provided.
src/pages/UnitOperations.tsx(1400,74): error TS2550: Property 'find' does not exist on type 'Record<string, string>[]'. Do you need to change your target library? Try changing the 'lib' compiler option to 'es2015' or later.
src/pages/UnitOperations.tsx(1416,17): error TS17004: Cannot use JSX unless the '--jsx' flag is provided.
src/pages/UnitOperations.tsx(1417,19): error TS17004: Cannot use JSX unless the '--jsx' flag is provided.
src/pages/UnitOperations.tsx(1418,21): error TS17004: Cannot use JSX unless the '--jsx' flag is provided.
src/pages/UnitOperations.tsx(1419,23): error TS17004: Cannot use JSX unless the '--jsx' flag is provided.
src/pages/UnitOperations.tsx(1420,25): error TS17004: Cannot use JSX unless the '--jsx' flag is provided.
src/pages/UnitOperations.tsx(1421,27): error TS17004: Cannot use JSX unless the '--jsx' flag is provided.
src/pages/UnitOperations.tsx(1422,27): error TS17004: Cannot use JSX unless the '--jsx' flag is provided.
src/pages/UnitOperations.tsx(1423,27): error TS17004: Cannot use JSX unless the '--jsx' flag is provided.
src/pages/UnitOperations.tsx(1426,23): error TS17004: Cannot use JSX unless the '--jsx' flag is provided.
src/pages/UnitOperations.tsx(1427,25): error TS17004: Cannot use JSX unless the '--jsx' flag is provided.
src/pages/UnitOperations.tsx(1428,27): error TS17004: Cannot use JSX unless the '--jsx' flag is provided.
src/pages/UnitOperations.tsx(1447,15): error TS17004: Cannot use JSX unless the '--jsx' flag is provided.
src/pages/UnitOperations.tsx(1448,17): error TS17004: Cannot use JSX unless the '--jsx' flag is provided.
src/pages/UnitOperations.tsx(1461,17): error TS17004: Cannot use JSX unless the '--jsx' flag is provided.
src/pages/UnitOperations.tsx(1473,13): error TS17004: Cannot use JSX unless the '--jsx' flag is provided.
src/pages/UnitOperations.tsx(1474,15): error TS17004: Cannot use JSX unless the '--jsx' flag is provided.
src/pages/UnitOperations.tsx(1475,17): error TS17004: Cannot use JSX unless the '--jsx' flag is provided.
src/pages/UnitOperations.tsx(1476,19): error TS17004: Cannot use JSX unless the '--jsx' flag is provided.
src/pages/UnitOperations.tsx(1477,19): error TS17004: Cannot use JSX unless the '--jsx' flag is provided.
src/pages/UnitOperations.tsx(1479,85): error TS2550: Property 'find' does not exist on type 'Record<string, string>[]'. Do you need to change your target library? Try changing the 'lib' compiler option to 'es2015' or later.
src/pages/UnitOperations.tsx(1488,17): error TS17004: Cannot use JSX unless the '--jsx' flag is provided.
src/pages/UnitOperations.tsx(1489,19): error TS17004: Cannot use JSX unless the '--jsx' flag is provided.
src/pages/UnitOperations.tsx(1490,19): error TS17004: Cannot use JSX unless the '--jsx' flag is provided.
src/pages/UnitOperations.tsx(1492,94): error TS2550: Property 'find' does not exist on type 'Record<string, string>[]'. Do you need to change your target library? Try changing the 'lib' compiler option to 'es2015' or later.
src/pages/UnitOperations.tsx(1501,17): error TS17004: Cannot use JSX unless the '--jsx' flag is provided.
src/pages/UnitOperations.tsx(1502,19): error TS17004: Cannot use JSX unless the '--jsx' flag is provided.
src/pages/UnitOperations.tsx(1503,19): error TS17004: Cannot use JSX unless the '--jsx' flag is provided.
src/pages/UnitOperations.tsx(1505,82): error TS2550: Property 'find' does not exist on type 'Record<string, string>[]'. Do you need to change your target library? Try changing the 'lib' compiler option to 'es2015' or later.
src/pages/UnitOperations.tsx(1629,5): error TS17004: Cannot use JSX unless the '--jsx' flag is provided.
src/pages/UnitOperations.tsx(1632,7): error TS17004: Cannot use JSX unless the '--jsx' flag is provided.
src/pages/UnitOperations.tsx(1639,7): error TS17004: Cannot use JSX unless the '--jsx' flag is provided.
src/pages/UnitOperations.tsx(1644,7): error TS17004: Cannot use JSX unless the '--jsx' flag is provided.
src/pages/UnitOperations.tsx(1653,7): error TS17004: Cannot use JSX unless the '--jsx' flag is provided.
src/pages/UnitOperations.tsx(1658,7): error TS17004: Cannot use JSX unless the '--jsx' flag is provided.
src/pages/UnitOperations.tsx(1665,7): error TS17004: Cannot use JSX unless the '--jsx' flag is provided.
src/pages/UnitOperations.tsx(1666,9): error TS17004: Cannot use JSX unless the '--jsx' flag is provided.
src/pages/UnitOperations.tsx(1668,11): error TS17004: Cannot use JSX unless the '--jsx' flag is provided.
src/pages/UnitOperations.tsx(1669,13): error TS17004: Cannot use JSX unless the '--jsx' flag is provided.
src/pages/UnitOperations.tsx(1670,15): error TS17004: Cannot use JSX unless the '--jsx' flag is provided.
src/pages/UnitOperations.tsx(1671,15): error TS17004: Cannot use JSX unless the '--jsx' flag is provided.
src/pages/UnitOperations.tsx(1674,13): error TS17004: Cannot use JSX unless the '--jsx' flag is provided.
src/pages/UnitOperations.tsx(1675,15): error TS17004: Cannot use JSX unless the '--jsx' flag is provided.
src/pages/UnitOperations.tsx(1676,15): error TS17004: Cannot use JSX unless the '--jsx' flag is provided.
src/pages/UnitOperations.tsx(1679,13): error TS17004: Cannot use JSX unless the '--jsx' flag is provided.
src/pages/UnitOperations.tsx(1680,15): error TS17004: Cannot use JSX unless the '--jsx' flag is provided.
src/pages/UnitOperations.tsx(1681,15): error TS17004: Cannot use JSX unless the '--jsx' flag is provided.
src/pages/UnitOperations.tsx(1683,15): error TS17004: Cannot use JSX unless the '--jsx' flag is provided.
src/pages/UnitOperations.tsx(1685,15): error TS17004: Cannot use JSX unless the '--jsx' flag is provided.
src/pages/UnitOperations.tsx(1690,11): error TS17004: Cannot use JSX unless the '--jsx' flag is provided.
src/pages/UnitOperations.tsx(1691,13): error TS17004: Cannot use JSX unless the '--jsx' flag is provided.
src/pages/UnitOperations.tsx(1692,15): error TS17004: Cannot use JSX unless the '--jsx' flag is provided.
src/pages/UnitOperations.tsx(1694,13): error TS17004: Cannot use JSX unless the '--jsx' flag is provided.
src/pages/UnitOperations.tsx(1695,15): error TS17004: Cannot use JSX unless the '--jsx' flag is provided.
src/pages/UnitOperations.tsx(1697,94): error TS2550: Property 'find' does not exist on type 'Record<string, string>[]'. Do you need to change your target library? Try changing the 'lib' compiler option to 'es2015' or later.
src/pages/UnitOperations.tsx(1709,13): error TS17004: Cannot use JSX unless the '--jsx' flag is provided.
src/pages/UnitOperations.tsx(1710,15): error TS17004: Cannot use JSX unless the '--jsx' flag is provided.
src/pages/UnitOperations.tsx(1712,79): error TS2550: Property 'find' does not exist on type 'Record<string, string>[]'. Do you need to change your target library? Try changing the 'lib' compiler option to 'es2015' or later.
src/pages/UnitOperations.tsx(1727,11): error TS17004: Cannot use JSX unless the '--jsx' flag is provided.
src/pages/UnitOperations.tsx(1728,13): error TS17004: Cannot use JSX unless the '--jsx' flag is provided.
src/pages/UnitOperations.tsx(1729,15): error TS17004: Cannot use JSX unless the '--jsx' flag is provided.
src/pages/UnitOperations.tsx(1729,16): error TS2322: Type '{ selected: Date; onChange: (d: [Date, Date]) => void; dateFormat: string; className: string; showYearDropdown: true; showMonthDropdown: true; dropdownMode: string; disabled: boolean; }' is not assignable to type 'IntrinsicAttributes & (IntrinsicClassAttributes<DatePicker> & Readonly<DatePickerProps>)'.
  Property 'selectsMultiple' is missing in type '{ selected: Date; onChange: (d: [Date, Date]) => void; dateFormat: string; className: string; showYearDropdown: true; showMonthDropdown: true; dropdownMode: string; disabled: boolean; }' but required in type 'Readonly<Omit<React.ComponentPropsWithoutRef<typeof Calendar>, "container" | "className" | "onSelect" | "dateFormat" | "highlightDates" | "holidays" | "shouldFocusDayInline" | "handleOnKeyDown" | "preSelection" | ... 11 more ... | "dropdownMode"> & ... 4 more ... & { ...; }>'.
src/pages/UnitOperations.tsx(1729,82): error TS2345: Argument of type '[Date, Date]' is not assignable to parameter of type 'SetStateAction<Date>'.
  Type '[Date, Date]' is not assignable to type 'Date'.
src/pages/UnitOperations.tsx(1731,13): error TS17004: Cannot use JSX unless the '--jsx' flag is provided.
src/pages/UnitOperations.tsx(1732,15): error TS17004: Cannot use JSX unless the '--jsx' flag is provided.
src/pages/UnitOperations.tsx(1732,16): error TS2322: Type '{ selected: Date; onChange: (d: [Date, Date]) => void; dateFormat: string; className: string; showYearDropdown: true; showMonthDropdown: true; dropdownMode: string; disabled: boolean; }' is not assignable to type 'IntrinsicAttributes & (IntrinsicClassAttributes<DatePicker> & Readonly<DatePickerProps>)'.
  Property 'selectsMultiple' is missing in type '{ selected: Date; onChange: (d: [Date, Date]) => void; dateFormat: string; className: string; showYearDropdown: true; showMonthDropdown: true; dropdownMode: string; disabled: boolean; }' but required in type 'Readonly<Omit<React.ComponentPropsWithoutRef<typeof Calendar>, "container" | "className" | "onSelect" | "dateFormat" | "highlightDates" | "holidays" | "shouldFocusDayInline" | "handleOnKeyDown" | "preSelection" | ... 11 more ... | "dropdownMode"> & ... 4 more ... & { ...; }>'.
src/pages/UnitOperations.tsx(1732,76): error TS2345: Argument of type '[Date, Date]' is not assignable to parameter of type 'SetStateAction<Date>'.
  Type '[Date, Date]' is not assignable to type 'Date'.
src/pages/UnitOperations.tsx(1734,13): error TS17004: Cannot use JSX unless the '--jsx' flag is provided.
src/pages/UnitOperations.tsx(1735,15): error TS17004: Cannot use JSX unless the '--jsx' flag is provided.
src/pages/UnitOperations.tsx(1735,16): error TS2322: Type '{ selected: Date; onChange: (d: [Date, Date]) => void; dateFormat: string; className: string; showYearDropdown: true; showMonthDropdown: true; dropdownMode: string; disabled: boolean; }' is not assignable to type 'IntrinsicAttributes & (IntrinsicClassAttributes<DatePicker> & Readonly<DatePickerProps>)'.
  Property 'selectsMultiple' is missing in type '{ selected: Date; onChange: (d: [Date, Date]) => void; dateFormat: string; className: string; showYearDropdown: true; showMonthDropdown: true; dropdownMode: string; disabled: boolean; }' but required in type 'Readonly<Omit<React.ComponentPropsWithoutRef<typeof Calendar>, "container" | "className" | "onSelect" | "dateFormat" | "highlightDates" | "holidays" | "shouldFocusDayInline" | "handleOnKeyDown" | "preSelection" | ... 11 more ... | "dropdownMode"> & ... 4 more ... & { ...; }>'.
src/pages/UnitOperations.tsx(1735,74): error TS2345: Argument of type '[Date, Date]' is not assignable to parameter of type 'SetStateAction<Date>'.
  Type '[Date, Date]' is not assignable to type 'Date'.
src/pages/UnitOperations.tsx(1742,7): error TS17004: Cannot use JSX unless the '--jsx' flag is provided.
src/pages/UnitOperations.tsx(1743,9): error TS17004: Cannot use JSX unless the '--jsx' flag is provided.
src/pages/UnitOperations.tsx(1745,11): error TS17004: Cannot use JSX unless the '--jsx' flag is provided.
src/pages/UnitOperations.tsx(1746,13): error TS17004: Cannot use JSX unless the '--jsx' flag is provided.
src/pages/UnitOperations.tsx(1747,15): error TS17004: Cannot use JSX unless the '--jsx' flag is provided.
src/pages/UnitOperations.tsx(1749,13): error TS17004: Cannot use JSX unless the '--jsx' flag is provided.
src/pages/UnitOperations.tsx(1750,15): error TS17004: Cannot use JSX unless the '--jsx' flag is provided.
src/pages/UnitOperations.tsx(1752,13): error TS17004: Cannot use JSX unless the '--jsx' flag is provided.
src/pages/UnitOperations.tsx(1753,15): error TS17004: Cannot use JSX unless the '--jsx' flag is provided.
src/pages/UnitOperations.tsx(1757,11): error TS17004: Cannot use JSX unless the '--jsx' flag is provided.
src/pages/UnitOperations.tsx(1758,13): error TS17004: Cannot use JSX unless the '--jsx' flag is provided.
src/pages/UnitOperations.tsx(1759,15): error TS17004: Cannot use JSX unless the '--jsx' flag is provided.
src/pages/UnitOperations.tsx(1762,15): error TS17004: Cannot use JSX unless the '--jsx' flag is provided.
src/pages/UnitOperations.tsx(1764,13): error TS17004: Cannot use JSX unless the '--jsx' flag is provided.
src/pages/UnitOperations.tsx(1765,15): error TS17004: Cannot use JSX unless the '--jsx' flag is provided.
src/pages/UnitOperations.tsx(1766,15): error TS17004: Cannot use JSX unless the '--jsx' flag is provided.
src/pages/UnitOperations.tsx(1767,17): error TS17004: Cannot use JSX unless the '--jsx' flag is provided.
src/pages/UnitOperations.tsx(1768,19): error TS17004: Cannot use JSX unless the '--jsx' flag is provided.
src/pages/UnitOperations.tsx(1770,17): error TS17004: Cannot use JSX unless the '--jsx' flag is provided.
src/pages/UnitOperations.tsx(1771,19): error TS17004: Cannot use JSX unless the '--jsx' flag is provided.
src/pages/UnitOperations.tsx(1777,11): error TS17004: Cannot use JSX unless the '--jsx' flag is provided.
src/pages/UnitOperations.tsx(1778,13): error TS17004: Cannot use JSX unless the '--jsx' flag is provided.
src/pages/UnitOperations.tsx(1779,13): error TS17004: Cannot use JSX unless the '--jsx' flag is provided.
src/pages/UnitOperations.tsx(1786,17): error TS17004: Cannot use JSX unless the '--jsx' flag is provided.
src/pages/UnitOperations.tsx(1790,19): error TS17004: Cannot use JSX unless the '--jsx' flag is provided.
src/pages/UnitOperations.tsx(1791,19): error TS17004: Cannot use JSX unless the '--jsx' flag is provided.
src/pages/UnitOperations.tsx(1799,9): error TS17004: Cannot use JSX unless the '--jsx' flag is provided.
src/pages/UnitOperations.tsx(1800,11): error TS17004: Cannot use JSX unless the '--jsx' flag is provided.
src/pages/UnitOperations.tsx(1801,13): error TS17004: Cannot use JSX unless the '--jsx' flag is provided.
src/pages/UnitOperations.tsx(1804,52): error TS2550: Property 'find' does not exist on type 'Record<string, string>[]'. Do you need to change your target library? Try changing the 'lib' compiler option to 'es2015' or later.
src/pages/UnitOperations.tsx(1818,11): error TS17004: Cannot use JSX unless the '--jsx' flag is provided.
src/pages/UnitOperations.tsx(1819,13): error TS17004: Cannot use JSX unless the '--jsx' flag is provided.
src/pages/UnitOperations.tsx(1822,68): error TS2550: Property 'find' does not exist on type 'Record<string, string>[]'. Do you need to change your target library? Try changing the 'lib' compiler option to 'es2015' or later.
src/pages/UnitOperations.tsx(1840,7): error TS17004: Cannot use JSX unless the '--jsx' flag is provided.
src/pages/UnitOperations.tsx(1843,7): error TS17004: Cannot use JSX unless the '--jsx' flag is provided.
src/pages/UnitOperations.tsx(1849,9): error TS17004: Cannot use JSX unless the '--jsx' flag is provided.
src/pages/UnitOperations.tsx(1850,11): error TS17004: Cannot use JSX unless the '--jsx' flag is provided.
src/pages/UnitOperations.tsx(1851,11): error TS17004: Cannot use JSX unless the '--jsx' flag is provided.
src/pages/UnitOperations.tsx(1855,9): error TS17004: Cannot use JSX unless the '--jsx' flag is provided.
src/pages/UnitOperations.tsx(1857,13): error TS17004: Cannot use JSX unless the '--jsx' flag is provided.
src/pages/UnitOperations.tsx(1871,9): error TS17004: Cannot use JSX unless the '--jsx' flag is provided.
src/pages/UnitOperations.tsx(1875,13): error TS17004: Cannot use JSX unless the '--jsx' flag is provided.
src/pages/UnitOperations.tsx(1876,15): error TS17004: Cannot use JSX unless the '--jsx' flag is provided.
src/pages/UnitOperations.tsx(1877,17): error TS17004: Cannot use JSX unless the '--jsx' flag is provided.
src/pages/UnitOperations.tsx(1878,19): error TS17004: Cannot use JSX unless the '--jsx' flag is provided.
src/pages/UnitOperations.tsx(1879,19): error TS17004: Cannot use JSX unless the '--jsx' flag is provided.
src/pages/UnitOperations.tsx(1880,21): error TS17004: Cannot use JSX unless the '--jsx' flag is provided.
src/pages/UnitOperations.tsx(1881,21): error TS17004: Cannot use JSX unless the '--jsx' flag is provided.
src/pages/UnitOperations.tsx(1882,21): error TS17004: Cannot use JSX unless the '--jsx' flag is provided.
src/pages/UnitOperations.tsx(1885,17): error TS17004: Cannot use JSX unless the '--jsx' flag is provided.
src/pages/UnitOperations.tsx(1886,19): error TS17004: Cannot use JSX unless the '--jsx' flag is provided.
src/pages/UnitOperations.tsx(1887,19): error TS17004: Cannot use JSX unless the '--jsx' flag is provided.
src/pages/UnitOperations.tsx(1889,17): error TS17004: Cannot use JSX unless the '--jsx' flag is provided.
src/pages/UnitOperations.tsx(1890,19): error TS17004: Cannot use JSX unless the '--jsx' flag is provided.
src/pages/UnitOperations.tsx(1891,19): error TS17004: Cannot use JSX unless the '--jsx' flag is provided.
src/pages/UnitOperations.tsx(1893,17): error TS17004: Cannot use JSX unless the '--jsx' flag is provided.
src/pages/UnitOperations.tsx(1894,19): error TS17004: Cannot use JSX unless the '--jsx' flag is provided.
src/pages/UnitOperations.tsx(1895,19): error TS17004: Cannot use JSX unless the '--jsx' flag is provided.
src/pages/UnitOperations.tsx(1897,17): error TS17004: Cannot use JSX unless the '--jsx' flag is provided.
src/pages/UnitOperations.tsx(1898,19): error TS17004: Cannot use JSX unless the '--jsx' flag is provided.
src/pages/UnitOperations.tsx(1899,19): error TS17004: Cannot use JSX unless the '--jsx' flag is provided.
src/pages/UnitOperations.tsx(1901,17): error TS17004: Cannot use JSX unless the '--jsx' flag is provided.
src/pages/UnitOperations.tsx(1907,15): error TS17004: Cannot use JSX unless the '--jsx' flag is provided.
src/pages/UnitOperations.tsx(1908,17): error TS17004: Cannot use JSX unless the '--jsx' flag is provided.
src/pages/UnitOperations.tsx(1909,19): error TS17004: Cannot use JSX unless the '--jsx' flag is provided.
src/pages/UnitOperations.tsx(1910,21): error TS17004: Cannot use JSX unless the '--jsx' flag is provided.
src/pages/UnitOperations.tsx(1911,23): error TS17004: Cannot use JSX unless the '--jsx' flag is provided.
src/pages/UnitOperations.tsx(1912,23): error TS17004: Cannot use JSX unless the '--jsx' flag is provided.
src/pages/UnitOperations.tsx(1913,23): error TS17004: Cannot use JSX unless the '--jsx' flag is provided.
src/pages/UnitOperations.tsx(1914,23): error TS17004: Cannot use JSX unless the '--jsx' flag is provided.
src/pages/UnitOperations.tsx(1915,23): error TS17004: Cannot use JSX unless the '--jsx' flag is provided.
src/pages/UnitOperations.tsx(1918,19): error TS17004: Cannot use JSX unless the '--jsx' flag is provided.
src/pages/UnitOperations.tsx(1920,25): error TS17004: Cannot use JSX unless the '--jsx' flag is provided.
src/pages/UnitOperations.tsx(1920,29): error TS17004: Cannot use JSX unless the '--jsx' flag is provided.
src/pages/UnitOperations.tsx(1922,25): error TS17004: Cannot use JSX unless the '--jsx' flag is provided.
src/pages/UnitOperations.tsx(1923,27): error TS17004: Cannot use JSX unless the '--jsx' flag is provided.
src/pages/UnitOperations.tsx(1924,27): error TS17004: Cannot use JSX unless the '--jsx' flag is provided.
src/pages/UnitOperations.tsx(1925,27): error TS17004: Cannot use JSX unless the '--jsx' flag is provided.
src/pages/UnitOperations.tsx(1926,27): error TS17004: Cannot use JSX unless the '--jsx' flag is provided.
src/pages/UnitOperations.tsx(1927,27): error TS17004: Cannot use JSX unless the '--jsx' flag is provided.
src/pages/UnitOperations.tsx(1939,13): error TS17004: Cannot use JSX unless the '--jsx' flag is provided.
src/pages/UnitOperations.tsx(1940,15): error TS17004: Cannot use JSX unless the '--jsx' flag is provided.
src/pages/UnitOperations.tsx(1941,17): error TS17004: Cannot use JSX unless the '--jsx' flag is provided.
src/pages/UnitOperations.tsx(1942,19): error TS17004: Cannot use JSX unless the '--jsx' flag is provided.
src/pages/UnitOperations.tsx(1943,19): error TS17004: Cannot use JSX unless the '--jsx' flag is provided.
src/pages/UnitOperations.tsx(1945,17): error TS17004: Cannot use JSX unless the '--jsx' flag is provided.
src/pages/UnitOperations.tsx(1946,19): error TS17004: Cannot use JSX unless the '--jsx' flag is provided.
src/pages/UnitOperations.tsx(1947,19): error TS17004: Cannot use JSX unless the '--jsx' flag is provided.
src/pages/UnitOperations.tsx(1961,17): error TS17004: Cannot use JSX unless the '--jsx' flag is provided.
src/pages/UnitOperations.tsx(1962,19): error TS17004: Cannot use JSX unless the '--jsx' flag is provided.
src/pages/UnitOperations.tsx(1963,19): error TS17004: Cannot use JSX unless the '--jsx' flag is provided.
src/pages/UnitOperations.tsx(1963,20): error TS2322: Type '{ selected: Date; onChange: (d: [Date, Date]) => void; dateFormat: string; showMonthYearPicker: true; className: string; placeholderText: string; }' is not assignable to type 'IntrinsicAttributes & (IntrinsicClassAttributes<DatePicker> & Readonly<DatePickerProps>)'.
  Property 'selectsMultiple' is missing in type '{ selected: Date; onChange: (d: [Date, Date]) => void; dateFormat: string; showMonthYearPicker: true; className: string; placeholderText: string; }' but required in type 'Readonly<Omit<React.ComponentPropsWithoutRef<typeof Calendar>, "container" | "className" | "onSelect" | "dateFormat" | "highlightDates" | "holidays" | "shouldFocusDayInline" | "handleOnKeyDown" | "preSelection" | ... 11 more ... | "dropdownMode"> & ... 4 more ... & { ...; }>'.
src/pages/UnitOperations.tsx(1965,52): error TS2345: Argument of type '[Date, Date]' is not assignable to parameter of type 'SetStateAction<Date>'.
  Type '[Date, Date]' is not assignable to type 'Date'.
src/pages/UnitOperations.tsx(1972,17): error TS17004: Cannot use JSX unless the '--jsx' flag is provided.
src/pages/UnitOperations.tsx(1973,19): error TS17004: Cannot use JSX unless the '--jsx' flag is provided.
src/pages/UnitOperations.tsx(1974,19): error TS17004: Cannot use JSX unless the '--jsx' flag is provided.
src/pages/UnitOperations.tsx(1984,17): error TS17004: Cannot use JSX unless the '--jsx' flag is provided.
src/pages/UnitOperations.tsx(1989,120): error TS2550: Property 'repeat' does not exist on type '"ΓÇó"'. Do you need to change your target library? Try changing the 'lib' compiler option to 'es2015' or later.
src/pages/UnitOperations.tsx(1994,15): error TS17004: Cannot use JSX unless the '--jsx' flag is provided.
src/pages/UnitOperations.tsx(1995,17): error TS17004: Cannot use JSX unless the '--jsx' flag is provided.
src/pages/UnitOperations.tsx(1996,19): error TS17004: Cannot use JSX unless the '--jsx' flag is provided.
src/pages/UnitOperations.tsx(1997,21): error TS17004: Cannot use JSX unless the '--jsx' flag is provided.
src/pages/UnitOperations.tsx(1998,23): error TS17004: Cannot use JSX unless the '--jsx' flag is provided.
src/pages/UnitOperations.tsx(1999,23): error TS17004: Cannot use JSX unless the '--jsx' flag is provided.
src/pages/UnitOperations.tsx(2000,23): error TS17004: Cannot use JSX unless the '--jsx' flag is provided.
src/pages/UnitOperations.tsx(2001,23): error TS17004: Cannot use JSX unless the '--jsx' flag is provided.
src/pages/UnitOperations.tsx(2004,19): error TS17004: Cannot use JSX unless the '--jsx' flag is provided.
src/pages/UnitOperations.tsx(2006,25): error TS17004: Cannot use JSX unless the '--jsx' flag is provided.
src/pages/UnitOperations.tsx(2006,29): error TS17004: Cannot use JSX unless the '--jsx' flag is provided.
src/pages/UnitOperations.tsx(2008,25): error TS17004: Cannot use JSX unless the '--jsx' flag is provided.
src/pages/UnitOperations.tsx(2009,27): error TS17004: Cannot use JSX unless the '--jsx' flag is provided.
src/pages/UnitOperations.tsx(2010,27): error TS17004: Cannot use JSX unless the '--jsx' flag is provided.
src/pages/UnitOperations.tsx(2011,27): error TS17004: Cannot use JSX unless the '--jsx' flag is provided.
src/pages/UnitOperations.tsx(2012,27): error TS17004: Cannot use JSX unless the '--jsx' flag is provided.
src/pages/UnitOperations.tsx(2024,13): error TS17004: Cannot use JSX unless the '--jsx' flag is provided.
src/pages/UnitOperations.tsx(2026,15): error TS17004: Cannot use JSX unless the '--jsx' flag is provided.
src/pages/UnitOperations.tsx(2027,17): error TS17004: Cannot use JSX unless the '--jsx' flag is provided.
src/pages/UnitOperations.tsx(2028,19): error TS17004: Cannot use JSX unless the '--jsx' flag is provided.
src/pages/UnitOperations.tsx(2029,19): error TS17004: Cannot use JSX unless the '--jsx' flag is provided.
src/pages/UnitOperations.tsx(2030,21): error TS17004: Cannot use JSX unless the '--jsx' flag is provided.
src/pages/UnitOperations.tsx(2031,21): error TS17004: Cannot use JSX unless the '--jsx' flag is provided.
src/pages/UnitOperations.tsx(2032,21): error TS17004: Cannot use JSX unless the '--jsx' flag is provided.
src/pages/UnitOperations.tsx(2033,21): error TS17004: Cannot use JSX unless the '--jsx' flag is provided.
src/pages/UnitOperations.tsx(2036,17): error TS17004: Cannot use JSX unless the '--jsx' flag is provided.
src/pages/UnitOperations.tsx(2037,19): error TS17004: Cannot use JSX unless the '--jsx' flag is provided.
src/pages/UnitOperations.tsx(2038,19): error TS17004: Cannot use JSX unless the '--jsx' flag is provided.
src/pages/UnitOperations.tsx(2040,17): error TS17004: Cannot use JSX unless the '--jsx' flag is provided.
src/pages/UnitOperations.tsx(2041,19): error TS17004: Cannot use JSX unless the '--jsx' flag is provided.
src/pages/UnitOperations.tsx(2042,19): error TS17004: Cannot use JSX unless the '--jsx' flag is provided.
src/pages/UnitOperations.tsx(2042,20): error TS2322: Type '{ selected: Date; onChange: (d: [Date, Date]) => void; dateFormat: string; className: string; showYearDropdown: true; showMonthDropdown: true; dropdownMode: string; }' is not assignable to type 'IntrinsicAttributes & (IntrinsicClassAttributes<DatePicker> & Readonly<DatePickerProps>)'.
  Property 'selectsMultiple' is missing in type '{ selected: Date; onChange: (d: [Date, Date]) => void; dateFormat: string; className: string; showYearDropdown: true; showMonthDropdown: true; dropdownMode: string; }' but required in type 'Readonly<Omit<React.ComponentPropsWithoutRef<typeof Calendar>, "container" | "className" | "onSelect" | "dateFormat" | "highlightDates" | "holidays" | "shouldFocusDayInline" | "handleOnKeyDown" | "preSelection" | ... 11 more ... | "dropdownMode"> & ... 4 more ... & { ...; }>'.
src/pages/UnitOperations.tsx(2042,84): error TS2345: Argument of type '[Date, Date]' is not assignable to parameter of type 'SetStateAction<Date>'.
  Type '[Date, Date]' is not assignable to type 'Date'.
src/pages/UnitOperations.tsx(2044,17): error TS17004: Cannot use JSX unless the '--jsx' flag is provided.
src/pages/UnitOperations.tsx(2045,19): error TS17004: Cannot use JSX unless the '--jsx' flag is provided.
src/pages/UnitOperations.tsx(2046,19): error TS17004: Cannot use JSX unless the '--jsx' flag is provided.
src/pages/UnitOperations.tsx(2049,17): error TS17004: Cannot use JSX unless the '--jsx' flag is provided.
src/pages/UnitOperations.tsx(2065,15): error TS17004: Cannot use JSX unless the '--jsx' flag is provided.
src/pages/UnitOperations.tsx(2066,17): error TS17004: Cannot use JSX unless the '--jsx' flag is provided.
src/pages/UnitOperations.tsx(2067,19): error TS17004: Cannot use JSX unless the '--jsx' flag is provided.
src/pages/UnitOperations.tsx(2068,19): error TS17004: Cannot use JSX unless the '--jsx' flag is provided.
src/pages/UnitOperations.tsx(2070,17): error TS17004: Cannot use JSX unless the '--jsx' flag is provided.
src/pages/UnitOperations.tsx(2071,19): error TS17004: Cannot use JSX unless the '--jsx' flag is provided.
src/pages/UnitOperations.tsx(2072,19): error TS17004: Cannot use JSX unless the '--jsx' flag is provided.
src/pages/UnitOperations.tsx(2074,17): error TS17004: Cannot use JSX unless the '--jsx' flag is provided.
src/pages/UnitOperations.tsx(2075,19): error TS17004: Cannot use JSX unless the '--jsx' flag is provided.
src/pages/UnitOperations.tsx(2076,19): error TS17004: Cannot use JSX unless the '--jsx' flag is provided.
src/pages/UnitOperations.tsx(2080,15): error TS17004: Cannot use JSX unless the '--jsx' flag is provided.
src/pages/UnitOperations.tsx(2081,17): error TS17004: Cannot use JSX unless the '--jsx' flag is provided.
src/pages/UnitOperations.tsx(2082,19): error TS17004: Cannot use JSX unless the '--jsx' flag is provided.
src/pages/UnitOperations.tsx(2083,21): error TS17004: Cannot use JSX unless the '--jsx' flag is provided.
src/pages/UnitOperations.tsx(2084,23): error TS17004: Cannot use JSX unless the '--jsx' flag is provided.
src/pages/UnitOperations.tsx(2085,23): error TS17004: Cannot use JSX unless the '--jsx' flag is provided.
src/pages/UnitOperations.tsx(2086,23): error TS17004: Cannot use JSX unless the '--jsx' flag is provided.
src/pages/UnitOperations.tsx(2087,23): error TS17004: Cannot use JSX unless the '--jsx' flag is provided.
src/pages/UnitOperations.tsx(2088,23): error TS17004: Cannot use JSX unless the '--jsx' flag is provided.
src/pages/UnitOperations.tsx(2089,23): error TS17004: Cannot use JSX unless the '--jsx' flag is provided.
src/pages/UnitOperations.tsx(2090,23): error TS17004: Cannot use JSX unless the '--jsx' flag is provided.
src/pages/UnitOperations.tsx(2093,19): error TS17004: Cannot use JSX unless the '--jsx' flag is provided.
src/pages/UnitOperations.tsx(2095,25): error TS17004: Cannot use JSX unless the '--jsx' flag is provided.
src/pages/UnitOperations.tsx(2095,29): error TS17004: Cannot use JSX unless the '--jsx' flag is provided.
src/pages/UnitOperations.tsx(2097,25): error TS17004: Cannot use JSX unless the '--jsx' flag is provided.
src/pages/UnitOperations.tsx(2098,27): error TS17004: Cannot use JSX unless the '--jsx' flag is provided.
src/pages/UnitOperations.tsx(2099,27): error TS17004: Cannot use JSX unless the '--jsx' flag is provided.
src/pages/UnitOperations.tsx(2100,27): error TS17004: Cannot use JSX unless the '--jsx' flag is provided.
src/pages/UnitOperations.tsx(2101,27): error TS17004: Cannot use JSX unless the '--jsx' flag is provided.
src/pages/UnitOperations.tsx(2102,27): error TS17004: Cannot use JSX unless the '--jsx' flag is provided.
src/pages/UnitOperations.tsx(2103,27): error TS17004: Cannot use JSX unless the '--jsx' flag is provided.
src/pages/UnitOperations.tsx(2104,27): error TS17004: Cannot use JSX unless the '--jsx' flag is provided.
src/pages/UnitOperations.tsx(2116,13): error TS17004: Cannot use JSX unless the '--jsx' flag is provided.
src/pages/UnitOperations.tsx(2117,15): error TS17004: Cannot use JSX unless the '--jsx' flag is provided.
src/pages/UnitOperations.tsx(2118,17): error TS17004: Cannot use JSX unless the '--jsx' flag is provided.
src/pages/UnitOperations.tsx(2119,19): error TS17004: Cannot use JSX unless the '--jsx' flag is provided.
src/pages/UnitOperations.tsx(2120,19): error TS17004: Cannot use JSX unless the '--jsx' flag is provided.
src/pages/UnitOperations.tsx(2122,17): error TS17004: Cannot use JSX unless the '--jsx' flag is provided.
src/pages/UnitOperations.tsx(2123,19): error TS17004: Cannot use JSX unless the '--jsx' flag is provided.
src/pages/UnitOperations.tsx(2124,19): error TS17004: Cannot use JSX unless the '--jsx' flag is provided.
src/pages/UnitOperations.tsx(2125,21): error TS17004: Cannot use JSX unless the '--jsx' flag is provided.
src/pages/UnitOperations.tsx(2126,21): error TS17004: Cannot use JSX unless the '--jsx' flag is provided.
src/pages/UnitOperations.tsx(2127,21): error TS17004: Cannot use JSX unless the '--jsx' flag is provided.
src/pages/UnitOperations.tsx(2128,21): error TS17004: Cannot use JSX unless the '--jsx' flag is provided.
src/pages/UnitOperations.tsx(2131,17): error TS17004: Cannot use JSX unless the '--jsx' flag is provided.
src/pages/UnitOperations.tsx(2132,19): error TS17004: Cannot use JSX unless the '--jsx' flag is provided.
src/pages/UnitOperations.tsx(2133,19): error TS17004: Cannot use JSX unless the '--jsx' flag is provided.
src/pages/UnitOperations.tsx(2133,20): error TS2322: Type '{ selected: Date; onChange: (d: [Date, Date]) => void; dateFormat: string; className: string; showYearDropdown: true; showMonthDropdown: true; dropdownMode: string; }' is not assignable to type 'IntrinsicAttributes & (IntrinsicClassAttributes<DatePicker> & Readonly<DatePickerProps>)'.
  Property 'selectsMultiple' is missing in type '{ selected: Date; onChange: (d: [Date, Date]) => void; dateFormat: string; className: string; showYearDropdown: true; showMonthDropdown: true; dropdownMode: string; }' but required in type 'Readonly<Omit<React.ComponentPropsWithoutRef<typeof Calendar>, "container" | "className" | "onSelect" | "dateFormat" | "highlightDates" | "holidays" | "shouldFocusDayInline" | "handleOnKeyDown" | "preSelection" | ... 11 more ... | "dropdownMode"> & ... 4 more ... & { ...; }>'.
src/pages/UnitOperations.tsx(2133,82): error TS2345: Argument of type '[Date, Date]' is not assignable to parameter of type 'SetStateAction<Date>'.
  Type '[Date, Date]' is not assignable to type 'Date'.
src/pages/UnitOperations.tsx(2135,17): error TS17004: Cannot use JSX unless the '--jsx' flag is provided.
src/pages/UnitOperations.tsx(2136,19): error TS17004: Cannot use JSX unless the '--jsx' flag is provided.
src/pages/UnitOperations.tsx(2137,19): error TS17004: Cannot use JSX unless the '--jsx' flag is provided.
src/pages/UnitOperations.tsx(2139,17): error TS17004: Cannot use JSX unless the '--jsx' flag is provided.
src/pages/UnitOperations.tsx(2146,15): error TS17004: Cannot use JSX unless the '--jsx' flag is provided.
src/pages/UnitOperations.tsx(2147,17): error TS17004: Cannot use JSX unless the '--jsx' flag is provided.
src/pages/UnitOperations.tsx(2148,19): error TS17004: Cannot use JSX unless the '--jsx' flag is provided.
src/pages/UnitOperations.tsx(2149,21): error TS17004: Cannot use JSX unless the '--jsx' flag is provided.
src/pages/UnitOperations.tsx(2150,23): error TS17004: Cannot use JSX unless the '--jsx' flag is provided.
src/pages/UnitOperations.tsx(2151,23): error TS17004: Cannot use JSX unless the '--jsx' flag is provided.
src/pages/UnitOperations.tsx(2152,23): error TS17004: Cannot use JSX unless the '--jsx' flag is provided.
src/pages/UnitOperations.tsx(2153,23): error TS17004: Cannot use JSX unless the '--jsx' flag is provided.
src/pages/UnitOperations.tsx(2156,19): error TS17004: Cannot use JSX unless the '--jsx' flag is provided.
src/pages/UnitOperations.tsx(2158,25): error TS17004: Cannot use JSX unless the '--jsx' flag is provided.
src/pages/UnitOperations.tsx(2158,29): error TS17004: Cannot use JSX unless the '--jsx' flag is provided.
src/pages/UnitOperations.tsx(2160,25): error TS17004: Cannot use JSX unless the '--jsx' flag is provided.
src/pages/UnitOperations.tsx(2161,27): error TS17004: Cannot use JSX unless the '--jsx' flag is provided.
src/pages/UnitOperations.tsx(2162,27): error TS17004: Cannot use JSX unless the '--jsx' flag is provided.
src/pages/UnitOperations.tsx(2163,27): error TS17004: Cannot use JSX unless the '--jsx' flag is provided.
src/pages/UnitOperations.tsx(2164,27): error TS17004: Cannot use JSX unless the '--jsx' flag is provided.
src/pages/UnitOperations.tsx(2176,13): error TS17004: Cannot use JSX unless the '--jsx' flag is provided.
src/pages/UnitOperations.tsx(2177,15): error TS17004: Cannot use JSX unless the '--jsx' flag is provided.
src/pages/UnitOperations.tsx(2178,15): error TS17004: Cannot use JSX unless the '--jsx' flag is provided.
src/pages/UnitOperations.tsx(2180,17): error TS17004: Cannot use JSX unless the '--jsx' flag is provided.
src/pages/UnitOperations.tsx(2181,19): error TS17004: Cannot use JSX unless the '--jsx' flag is provided.
src/pages/UnitOperations.tsx(2182,19): error TS17004: Cannot use JSX unless the '--jsx' flag is provided.
src/pages/UnitOperations.tsx(2186,58): error TS2550: Property 'find' does not exist on type 'Record<string, string>[]'. Do you need to change your target library? Try changing the 'lib' compiler option to 'es2015' or later.
src/pages/UnitOperations.tsx(2202,17): error TS17004: Cannot use JSX unless the '--jsx' flag is provided.
src/pages/UnitOperations.tsx(2203,19): error TS17004: Cannot use JSX unless the '--jsx' flag is provided.
src/pages/UnitOperations.tsx(2204,19): error TS17004: Cannot use JSX unless the '--jsx' flag is provided.
src/pages/UnitOperations.tsx(2208,64): error TS2550: Property 'find' does not exist on type 'Record<string, string>[]'. Do you need to change your target library? Try changing the 'lib' compiler option to 'es2015' or later.
src/pages/UnitOperations.tsx(2224,17): error TS17004: Cannot use JSX unless the '--jsx' flag is provided.
src/pages/UnitOperations.tsx(2225,19): error TS17004: Cannot use JSX unless the '--jsx' flag is provided.
src/pages/UnitOperations.tsx(2226,19): error TS17004: Cannot use JSX unless the '--jsx' flag is provided.
src/pages/UnitOperations.tsx(2230,56): error TS2550: Property 'find' does not exist on type 'Record<string, string>[]'. Do you need to change your target library? Try changing the 'lib' compiler option to 'es2015' or later.
src/pages/UnitOperations.tsx(2251,13): error TS17004: Cannot use JSX unless the '--jsx' flag is provided.
src/pages/UnitOperations.tsx(2252,15): error TS17004: Cannot use JSX unless the '--jsx' flag is provided.
src/pages/UnitOperations.tsx(2290,15): error TS17004: Cannot use JSX unless the '--jsx' flag is provided.
src/pages/UnitOperations.tsx(2291,17): error TS17004: Cannot use JSX unless the '--jsx' flag is provided.
src/pages/UnitOperations.tsx(2292,19): error TS17004: Cannot use JSX unless the '--jsx' flag is provided.
src/pages/UnitOperations.tsx(2295,19): error TS17004: Cannot use JSX unless the '--jsx' flag is provided.
src/pages/UnitOperations.tsx(2297,17): error TS17004: Cannot use JSX unless the '--jsx' flag is provided.
src/pages/UnitOperations.tsx(2302,15): error TS17004: Cannot use JSX unless the '--jsx' flag is provided.
src/pages/UnitOperations.tsx(2304,17): error TS17004: Cannot use JSX unless the '--jsx' flag is provided.
src/pages/UnitOperations.tsx(2308,17): error TS17004: Cannot use JSX unless the '--jsx' flag is provided.
src/pages/UnitOperations.tsx(2309,19): error TS17004: Cannot use JSX unless the '--jsx' flag is provided.
src/pages/UnitOperations.tsx(2310,19): error TS17004: Cannot use JSX unless the '--jsx' flag is provided.
src/pages/UnitOperations.tsx(2311,21): error TS17004: Cannot use JSX unless the '--jsx' flag is provided.
src/pages/UnitOperations.tsx(2313,23): error TS17004: Cannot use JSX unless the '--jsx' flag is provided.
src/pages/UnitOperations.tsx(2315,21): error TS17004: Cannot use JSX unless the '--jsx' flag is provided.
src/pages/UnitOperations.tsx(2317,19): error TS17004: Cannot use JSX unless the '--jsx' flag is provided.
src/pages/UnitOperations.tsx(2320,17): error TS17004: Cannot use JSX unless the '--jsx' flag is provided.
src/pages/UnitOperations.tsx(2321,19): error TS17004: Cannot use JSX unless the '--jsx' flag is provided.
src/pages/UnitOperations.tsx(2322,19): error TS17004: Cannot use JSX unless the '--jsx' flag is provided.
src/pages/UnitOperations.tsx(2323,21): error TS17004: Cannot use JSX unless the '--jsx' flag is provided.
src/pages/UnitOperations.tsx(2325,23): error TS17004: Cannot use JSX unless the '--jsx' flag is provided.
src/pages/UnitOperations.tsx(2327,21): error TS17004: Cannot use JSX unless the '--jsx' flag is provided.
src/pages/UnitOperations.tsx(2329,19): error TS17004: Cannot use JSX unless the '--jsx' flag is provided.
src/pages/UnitOperations.tsx(2332,17): error TS17004: Cannot use JSX unless the '--jsx' flag is provided.
src/pages/UnitOperations.tsx(2333,19): error TS17004: Cannot use JSX unless the '--jsx' flag is provided.
src/pages/UnitOperations.tsx(2334,19): error TS17004: Cannot use JSX unless the '--jsx' flag is provided.
src/pages/UnitOperations.tsx(2335,21): error TS17004: Cannot use JSX unless the '--jsx' flag is provided.
src/pages/UnitOperations.tsx(2337,23): error TS17004: Cannot use JSX unless the '--jsx' flag is provided.
src/pages/UnitOperations.tsx(2339,21): error TS17004: Cannot use JSX unless the '--jsx' flag is provided.
src/pages/UnitOperations.tsx(2341,19): error TS17004: Cannot use JSX unless the '--jsx' flag is provided.
src/pages/UnitOperations.tsx(2345,17): error TS17004: Cannot use JSX unless the '--jsx' flag is provided.
src/pages/UnitOperations.tsx(2349,17): error TS17004: Cannot use JSX unless the '--jsx' flag is provided.
src/pages/UnitOperations.tsx(2350,19): error TS17004: Cannot use JSX unless the '--jsx' flag is provided.
src/pages/UnitOperations.tsx(2351,19): error TS17004: Cannot use JSX unless the '--jsx' flag is provided.
src/pages/UnitOperations.tsx(2352,21): error TS17004: Cannot use JSX unless the '--jsx' flag is provided.
src/pages/UnitOperations.tsx(2354,23): error TS17004: Cannot use JSX unless the '--jsx' flag is provided.
src/pages/UnitOperations.tsx(2356,21): error TS17004: Cannot use JSX unless the '--jsx' flag is provided.
src/pages/UnitOperations.tsx(2358,19): error TS17004: Cannot use JSX unless the '--jsx' flag is provided.
src/pages/UnitOperations.tsx(2361,17): error TS17004: Cannot use JSX unless the '--jsx' flag is provided.
src/pages/UnitOperations.tsx(2362,19): error TS17004: Cannot use JSX unless the '--jsx' flag is provided.
src/pages/UnitOperations.tsx(2363,19): error TS17004: Cannot use JSX unless the '--jsx' flag is provided.
src/pages/UnitOperations.tsx(2364,21): error TS17004: Cannot use JSX unless the '--jsx' flag is provided.
src/pages/UnitOperations.tsx(2366,23): error TS17004: Cannot use JSX unless the '--jsx' flag is provided.
src/pages/UnitOperations.tsx(2368,21): error TS17004: Cannot use JSX unless the '--jsx' flag is provided.
src/pages/UnitOperations.tsx(2370,19): error TS17004: Cannot use JSX unless the '--jsx' flag is provided.
src/pages/UnitOperations.tsx(2374,15): error TS17004: Cannot use JSX unless the '--jsx' flag is provided.
src/pages/UnitOperations.tsx(2375,17): error TS17004: Cannot use JSX unless the '--jsx' flag is provided.
src/pages/UnitOperations.tsx(2516,5): error TS17004: Cannot use JSX unless the '--jsx' flag is provided.
src/pages/UnitOperations.tsx(2517,7): error TS17004: Cannot use JSX unless the '--jsx' flag is provided.
src/pages/UnitOperations.tsx(2518,7): error TS17004: Cannot use JSX unless the '--jsx' flag is provided.
src/pages/UnitOperations.tsx(2541,5): error TS17004: Cannot use JSX unless the '--jsx' flag is provided.
src/pages/UnitOperations.tsx(2542,7): error TS17004: Cannot use JSX unless the '--jsx' flag is provided.
src/pages/UnitOperations.tsx(2543,7): error TS17004: Cannot use JSX unless the '--jsx' flag is provided.
src/pages/UnitOperations.tsx(2550,13): error TS17004: Cannot use JSX unless the '--jsx' flag is provided.
src/pages/UnitOperations.tsx(2567,5): error TS17004: Cannot use JSX unless the '--jsx' flag is provided.
src/pages/UnitOperations.tsx(2570,7): error TS17004: Cannot use JSX unless the '--jsx' flag is provided.
src/pages/UnitOperations.tsx(2571,7): error TS17004: Cannot use JSX unless the '--jsx' flag is provided.
src/pages/UnitOperations.tsx(2572,7): error TS17004: Cannot use JSX unless the '--jsx' flag is provided.
src/pages/UnitOperations.tsx(2573,7): error TS17004: Cannot use JSX unless the '--jsx' flag is provided.
src/pages/UnitOperations.tsx(2574,7): error TS17004: Cannot use JSX unless the '--jsx' flag is provided.
src/pages/UnitOperations.tsx(2575,7): error TS17004: Cannot use JSX unless the '--jsx' flag is provided.
src/pages/UnitOperations.tsx(2580,7): error TS17004: Cannot use JSX unless the '--jsx' flag is provided.
src/pages/UnitOperations.tsx(2583,9): error TS17004: Cannot use JSX unless the '--jsx' flag is provided.
src/pages/UnitOperations.tsx(2584,11): error TS17004: Cannot use JSX unless the '--jsx' flag is provided.
src/pages/UnitOperations.tsx(2585,13): error TS17004: Cannot use JSX unless the '--jsx' flag is provided.
src/pages/UnitOperations.tsx(2587,86): error TS2550: Property 'find' does not exist on type 'Record<string, string>[]'. Do you need to change your target library? Try changing the 'lib' compiler option to 'es2015' or later.
src/pages/UnitOperations.tsx(2595,11): error TS17004: Cannot use JSX unless the '--jsx' flag is provided.
src/pages/UnitOperations.tsx(2596,13): error TS17004: Cannot use JSX unless the '--jsx' flag is provided.
src/pages/UnitOperations.tsx(2597,13): error TS17004: Cannot use JSX unless the '--jsx' flag is provided.
src/pages/UnitOperations.tsx(2598,13): error TS17004: Cannot use JSX unless the '--jsx' flag is provided.
src/pages/UnitOperations.tsx(2600,11): error TS17004: Cannot use JSX unless the '--jsx' flag is provided.
src/pages/UnitOperations.tsx(2601,13): error TS17004: Cannot use JSX unless the '--jsx' flag is provided.
src/pages/UnitOperations.tsx(2601,14): error TS2322: Type '{ selected: Date; onChange: (d: [Date, Date]) => void; dateFormat: string; placeholderText: string; className: string; showYearDropdown: true; showMonthDropdown: true; dropdownMode: string; disabled: boolean; }' is not assignable to type 'IntrinsicAttributes & (IntrinsicClassAttributes<DatePicker> & Readonly<DatePickerProps>)'.
  Property 'selectsMultiple' is missing in type '{ selected: Date; onChange: (d: [Date, Date]) => void; dateFormat: string; placeholderText: string; className: string; showYearDropdown: true; showMonthDropdown: true; dropdownMode: string; disabled: boolean; }' but required in type 'Readonly<Omit<React.ComponentPropsWithoutRef<typeof Calendar>, "container" | "className" | "onSelect" | "dateFormat" | "highlightDates" | "holidays" | "shouldFocusDayInline" | "handleOnKeyDown" | "preSelection" | ... 11 more ... | "dropdownMode"> & ... 4 more ... & { ...; }>'.
src/pages/UnitOperations.tsx(2601,76): error TS2345: Argument of type '[Date, Date]' is not assignable to parameter of type 'SetStateAction<Date>'.
  Type '[Date, Date]' is not assignable to type 'Date'.
src/pages/UnitOperations.tsx(2606,9): error TS17004: Cannot use JSX unless the '--jsx' flag is provided.
src/pages/UnitOperations.tsx(2607,11): error TS17004: Cannot use JSX unless the '--jsx' flag is provided.
src/pages/UnitOperations.tsx(2608,13): error TS17004: Cannot use JSX unless the '--jsx' flag is provided.
src/pages/UnitOperations.tsx(2618,11): error TS17004: Cannot use JSX unless the '--jsx' flag is provided.
src/pages/UnitOperations.tsx(2619,11): error TS17004: Cannot use JSX unless the '--jsx' flag is provided.
src/pages/UnitOperations.tsx(2620,13): error TS17004: Cannot use JSX unless the '--jsx' flag is provided.
src/pages/UnitOperations.tsx(2620,14): error TS2322: Type '{ selected: Date; onChange: (d: [Date, Date]) => void; dateFormat: string; placeholderText: string; className: string; showYearDropdown: true; showMonthDropdown: true; dropdownMode: string; disabled: boolean; }' is not assignable to type 'IntrinsicAttributes & (IntrinsicClassAttributes<DatePicker> & Readonly<DatePickerProps>)'.
  Property 'selectsMultiple' is missing in type '{ selected: Date; onChange: (d: [Date, Date]) => void; dateFormat: string; placeholderText: string; className: string; showYearDropdown: true; showMonthDropdown: true; dropdownMode: string; disabled: boolean; }' but required in type 'Readonly<Omit<React.ComponentPropsWithoutRef<typeof Calendar>, "container" | "className" | "onSelect" | "dateFormat" | "highlightDates" | "holidays" | "shouldFocusDayInline" | "handleOnKeyDown" | "preSelection" | ... 11 more ... | "dropdownMode"> & ... 4 more ... & { ...; }>'.
src/pages/UnitOperations.tsx(2620,74): error TS2345: Argument of type '[Date, Date]' is not assignable to parameter of type 'SetStateAction<Date>'.
  Type '[Date, Date]' is not assignable to type 'Date'.
src/pages/UnitOperations.tsx(2625,9): error TS17004: Cannot use JSX unless the '--jsx' flag is provided.
src/pages/UnitOperations.tsx(2626,11): error TS17004: Cannot use JSX unless the '--jsx' flag is provided.
src/pages/UnitOperations.tsx(2627,13): error TS17004: Cannot use JSX unless the '--jsx' flag is provided.
src/pages/UnitOperations.tsx(2632,9): error TS17004: Cannot use JSX unless the '--jsx' flag is provided.
src/pages/UnitOperations.tsx(2633,11): error TS17004: Cannot use JSX unless the '--jsx' flag is provided.
src/pages/UnitOperations.tsx(2634,13): error TS17004: Cannot use JSX unless the '--jsx' flag is provided.
src/pages/UnitOperations.tsx(2640,7): error TS17004: Cannot use JSX unless the '--jsx' flag is provided.
src/pages/UnitOperations.tsx(2645,7): error TS17004: Cannot use JSX unless the '--jsx' flag is provided.
src/pages/UnitOperations.tsx(2648,9): error TS17004: Cannot use JSX unless the '--jsx' flag is provided.
src/pages/UnitOperations.tsx(2650,13): error TS17004: Cannot use JSX unless the '--jsx' flag is provided.
src/pages/UnitOperations.tsx(2661,9): error TS17004: Cannot use JSX unless the '--jsx' flag is provided.
src/pages/UnitOperations.tsx(2665,13): error TS17004: Cannot use JSX unless the '--jsx' flag is provided.
src/pages/UnitOperations.tsx(2668,15): error TS17004: Cannot use JSX unless the '--jsx' flag is provided.
src/pages/UnitOperations.tsx(2669,17): error TS17004: Cannot use JSX unless the '--jsx' flag is provided.
src/pages/UnitOperations.tsx(2670,19): error TS17004: Cannot use JSX unless the '--jsx' flag is provided.
src/pages/UnitOperations.tsx(2672,17): error TS17004: Cannot use JSX unless the '--jsx' flag is provided.
src/pages/UnitOperations.tsx(2673,19): error TS17004: Cannot use JSX unless the '--jsx' flag is provided.
src/pages/UnitOperations.tsx(2676,17): error TS17004: Cannot use JSX unless the '--jsx' flag is provided.
src/pages/UnitOperations.tsx(2677,19): error TS17004: Cannot use JSX unless the '--jsx' flag is provided.
src/pages/UnitOperations.tsx(2678,19): error TS17004: Cannot use JSX unless the '--jsx' flag is provided.
src/pages/UnitOperations.tsx(2678,20): error TS2322: Type '{ selected: Date; onChange: (d: [Date, Date]) => void; dateFormat: string; placeholderText: string; className: string; showYearDropdown: true; showMonthDropdown: true; dropdownMode: string; disabled: boolean; }' is not assignable to type 'IntrinsicAttributes & (IntrinsicClassAttributes<DatePicker> & Readonly<DatePickerProps>)'.
  Property 'selectsMultiple' is missing in type '{ selected: Date; onChange: (d: [Date, Date]) => void; dateFormat: string; placeholderText: string; className: string; showYearDropdown: true; showMonthDropdown: true; dropdownMode: string; disabled: boolean; }' but required in type 'Readonly<Omit<React.ComponentPropsWithoutRef<typeof Calendar>, "container" | "className" | "onSelect" | "dateFormat" | "highlightDates" | "holidays" | "shouldFocusDayInline" | "handleOnKeyDown" | "preSelection" | ... 11 more ... | "dropdownMode"> & ... 4 more ... & { ...; }>'.
src/pages/UnitOperations.tsx(2678,138): error TS2551: Property 'toISOString' does not exist on type '[Date, Date]'. Did you mean 'toString'?
src/pages/UnitOperations.tsx(2683,15): error TS17004: Cannot use JSX unless the '--jsx' flag is provided.
src/pages/UnitOperations.tsx(2684,17): error TS17004: Cannot use JSX unless the '--jsx' flag is provided.
src/pages/UnitOperations.tsx(2685,19): error TS17004: Cannot use JSX unless the '--jsx' flag is provided.
src/pages/UnitOperations.tsx(2687,17): error TS17004: Cannot use JSX unless the '--jsx' flag is provided.
src/pages/UnitOperations.tsx(2688,19): error TS17004: Cannot use JSX unless the '--jsx' flag is provided.
src/pages/UnitOperations.tsx(2690,17): error TS17004: Cannot use JSX unless the '--jsx' flag is provided.
src/pages/UnitOperations.tsx(2691,19): error TS17004: Cannot use JSX unless the '--jsx' flag is provided.
src/pages/UnitOperations.tsx(2696,15): error TS17004: Cannot use JSX unless the '--jsx' flag is provided.
src/pages/UnitOperations.tsx(2697,17): error TS17004: Cannot use JSX unless the '--jsx' flag is provided.
src/pages/UnitOperations.tsx(2698,19): error TS17004: Cannot use JSX unless the '--jsx' flag is provided.
src/pages/UnitOperations.tsx(2700,17): error TS17004: Cannot use JSX unless the '--jsx' flag is provided.
src/pages/UnitOperations.tsx(2701,19): error TS17004: Cannot use JSX unless the '--jsx' flag is provided.
src/pages/UnitOperations.tsx(2704,17): error TS17004: Cannot use JSX unless the '--jsx' flag is provided.
src/pages/UnitOperations.tsx(2711,17): error TS17004: Cannot use JSX unless the '--jsx' flag is provided.
src/pages/UnitOperations.tsx(2712,19): error TS17004: Cannot use JSX unless the '--jsx' flag is provided.
src/pages/UnitOperations.tsx(2713,19): error TS17004: Cannot use JSX unless the '--jsx' flag is provided.
src/pages/UnitOperations.tsx(2714,21): error TS17004: Cannot use JSX unless the '--jsx' flag is provided.
src/pages/UnitOperations.tsx(2720,15): error TS17004: Cannot use JSX unless the '--jsx' flag is provided.
src/pages/UnitOperations.tsx(2721,17): error TS17004: Cannot use JSX unless the '--jsx' flag is provided.
src/pages/UnitOperations.tsx(2722,19): error TS17004: Cannot use JSX unless the '--jsx' flag is provided.
src/pages/UnitOperations.tsx(2724,90): error TS2550: Property 'find' does not exist on type 'Record<string, string>[]'. Do you need to change your target library? Try changing the 'lib' compiler option to 'es2015' or later.
src/pages/UnitOperations.tsx(2732,17): error TS17004: Cannot use JSX unless the '--jsx' flag is provided.
src/pages/UnitOperations.tsx(2733,19): error TS17004: Cannot use JSX unless the '--jsx' flag is provided.
src/pages/UnitOperations.tsx(2734,19): error TS17004: Cannot use JSX unless the '--jsx' flag is provided.
src/pages/UnitOperations.tsx(2735,21): error TS17004: Cannot use JSX unless the '--jsx' flag is provided.
src/pages/UnitOperations.tsx(2738,17): error TS17004: Cannot use JSX unless the '--jsx' flag is provided.
src/pages/UnitOperations.tsx(2739,19): error TS17004: Cannot use JSX unless the '--jsx' flag is provided.
src/pages/UnitOperations.tsx(2740,19): error TS17004: Cannot use JSX unless the '--jsx' flag is provided.
src/pages/UnitOperations.tsx(2742,17): error TS17004: Cannot use JSX unless the '--jsx' flag is provided.
src/pages/UnitOperations.tsx(2743,19): error TS17004: Cannot use JSX unless the '--jsx' flag is provided.
src/pages/UnitOperations.tsx(2744,19): error TS17004: Cannot use JSX unless the '--jsx' flag is provided.
src/pages/UnitOperations.tsx(2752,13): error TS17004: Cannot use JSX unless the '--jsx' flag is provided.
src/pages/UnitOperations.tsx(2755,15): error TS17004: Cannot use JSX unless the '--jsx' flag is provided.
src/pages/UnitOperations.tsx(2756,17): error TS17004: Cannot use JSX unless the '--jsx' flag is provided.
src/pages/UnitOperations.tsx(2757,19): error TS17004: Cannot use JSX unless the '--jsx' flag is provided.
src/pages/UnitOperations.tsx(2759,17): error TS17004: Cannot use JSX unless the '--jsx' flag is provided.
src/pages/UnitOperations.tsx(2760,19): error TS17004: Cannot use JSX unless the '--jsx' flag is provided.
src/pages/UnitOperations.tsx(2762,17): error TS17004: Cannot use JSX unless the '--jsx' flag is provided.
src/pages/UnitOperations.tsx(2763,19): error TS17004: Cannot use JSX unless the '--jsx' flag is provided.
src/pages/UnitOperations.tsx(2764,19): error TS17004: Cannot use JSX unless the '--jsx' flag is provided.
src/pages/UnitOperations.tsx(2764,20): error TS2322: Type '{ selected: Date; onChange: (d: [Date, Date]) => void; dateFormat: string; placeholderText: string; className: string; showYearDropdown: true; showMonthDropdown: true; dropdownMode: string; disabled: boolean; }' is not assignable to type 'IntrinsicAttributes & (IntrinsicClassAttributes<DatePicker> & Readonly<DatePickerProps>)'.
  Property 'selectsMultiple' is missing in type '{ selected: Date; onChange: (d: [Date, Date]) => void; dateFormat: string; placeholderText: string; className: string; showYearDropdown: true; showMonthDropdown: true; dropdownMode: string; disabled: boolean; }' but required in type 'Readonly<Omit<React.ComponentPropsWithoutRef<typeof Calendar>, "container" | "className" | "onSelect" | "dateFormat" | "highlightDates" | "holidays" | "shouldFocusDayInline" | "handleOnKeyDown" | "preSelection" | ... 11 more ... | "dropdownMode"> & ... 4 more ... & { ...; }>'.
src/pages/UnitOperations.tsx(2764,132): error TS2551: Property 'toISOString' does not exist on type '[Date, Date]'. Did you mean 'toString'?
src/pages/UnitOperations.tsx(2769,15): error TS17004: Cannot use JSX unless the '--jsx' flag is provided.
src/pages/UnitOperations.tsx(2770,17): error TS17004: Cannot use JSX unless the '--jsx' flag is provided.
src/pages/UnitOperations.tsx(2771,19): error TS17004: Cannot use JSX unless the '--jsx' flag is provided.
src/pages/UnitOperations.tsx(2773,17): error TS17004: Cannot use JSX unless the '--jsx' flag is provided.
src/pages/UnitOperations.tsx(2774,19): error TS17004: Cannot use JSX unless the '--jsx' flag is provided.
src/pages/UnitOperations.tsx(2776,17): error TS17004: Cannot use JSX unless the '--jsx' flag is provided.
src/pages/UnitOperations.tsx(2777,19): error TS17004: Cannot use JSX unless the '--jsx' flag is provided.
src/pages/UnitOperations.tsx(2782,15): error TS17004: Cannot use JSX unless the '--jsx' flag is provided.
src/pages/UnitOperations.tsx(2783,17): error TS17004: Cannot use JSX unless the '--jsx' flag is provided.
src/pages/UnitOperations.tsx(2784,19): error TS17004: Cannot use JSX unless the '--jsx' flag is provided.
src/pages/UnitOperations.tsx(2786,17): error TS17004: Cannot use JSX unless the '--jsx' flag is provided.
src/pages/UnitOperations.tsx(2787,19): error TS17004: Cannot use JSX unless the '--jsx' flag is provided.
src/pages/UnitOperations.tsx(2790,17): error TS17004: Cannot use JSX unless the '--jsx' flag is provided.
src/pages/UnitOperations.tsx(2797,17): error TS17004: Cannot use JSX unless the '--jsx' flag is provided.
src/pages/UnitOperations.tsx(2798,19): error TS17004: Cannot use JSX unless the '--jsx' flag is provided.
src/pages/UnitOperations.tsx(2799,19): error TS17004: Cannot use JSX unless the '--jsx' flag is provided.
src/pages/UnitOperations.tsx(2800,21): error TS17004: Cannot use JSX unless the '--jsx' flag is provided.
src/pages/UnitOperations.tsx(2806,15): error TS17004: Cannot use JSX unless the '--jsx' flag is provided.
src/pages/UnitOperations.tsx(2807,17): error TS17004: Cannot use JSX unless the '--jsx' flag is provided.
src/pages/UnitOperations.tsx(2808,19): error TS17004: Cannot use JSX unless the '--jsx' flag is provided.
src/pages/UnitOperations.tsx(2810,86): error TS2550: Property 'find' does not exist on type 'Record<string, string>[]'. Do you need to change your target library? Try changing the 'lib' compiler option to 'es2015' or later.
src/pages/UnitOperations.tsx(2818,17): error TS17004: Cannot use JSX unless the '--jsx' flag is provided.
src/pages/UnitOperations.tsx(2819,19): error TS17004: Cannot use JSX unless the '--jsx' flag is provided.
src/pages/UnitOperations.tsx(2820,19): error TS17004: Cannot use JSX unless the '--jsx' flag is provided.
src/pages/UnitOperations.tsx(2821,21): error TS17004: Cannot use JSX unless the '--jsx' flag is provided.
src/pages/UnitOperations.tsx(2824,17): error TS17004: Cannot use JSX unless the '--jsx' flag is provided.
src/pages/UnitOperations.tsx(2825,19): error TS17004: Cannot use JSX unless the '--jsx' flag is provided.
src/pages/UnitOperations.tsx(2826,19): error TS17004: Cannot use JSX unless the '--jsx' flag is provided.
src/pages/UnitOperations.tsx(2828,17): error TS17004: Cannot use JSX unless the '--jsx' flag is provided.
src/pages/UnitOperations.tsx(2829,19): error TS17004: Cannot use JSX unless the '--jsx' flag is provided.
src/pages/UnitOperations.tsx(2830,19): error TS17004: Cannot use JSX unless the '--jsx' flag is provided.
src/pages/UnitOperations.tsx(2834,15): error TS17004: Cannot use JSX unless the '--jsx' flag is provided.
src/pages/UnitOperations.tsx(2835,17): error TS17004: Cannot use JSX unless the '--jsx' flag is provided.
src/pages/UnitOperations.tsx(2842,13): error TS17004: Cannot use JSX unless the '--jsx' flag is provided.
src/pages/UnitOperations.tsx(2844,15): error TS17004: Cannot use JSX unless the '--jsx' flag is provided.
src/pages/UnitOperations.tsx(2845,17): error TS17004: Cannot use JSX unless the '--jsx' flag is provided.
src/pages/UnitOperations.tsx(2846,17): error TS17004: Cannot use JSX unless the '--jsx' flag is provided.
src/pages/UnitOperations.tsx(2847,19): error TS17004: Cannot use JSX unless the '--jsx' flag is provided.
src/pages/UnitOperations.tsx(2848,21): error TS17004: Cannot use JSX unless the '--jsx' flag is provided.
src/pages/UnitOperations.tsx(2849,21): error TS17004: Cannot use JSX unless the '--jsx' flag is provided.
src/pages/UnitOperations.tsx(2850,23): error TS17004: Cannot use JSX unless the '--jsx' flag is provided.
src/pages/UnitOperations.tsx(2852,89): error TS2550: Property 'find' does not exist on type 'Record<string, string>[]'. Do you need to change your target library? Try changing the 'lib' compiler option to 'es2015' or later.
src/pages/UnitOperations.tsx(2861,19): error TS17004: Cannot use JSX unless the '--jsx' flag is provided.
src/pages/UnitOperations.tsx(2862,21): error TS17004: Cannot use JSX unless the '--jsx' flag is provided.
src/pages/UnitOperations.tsx(2863,21): error TS17004: Cannot use JSX unless the '--jsx' flag is provided.
src/pages/UnitOperations.tsx(2864,23): error TS17004: Cannot use JSX unless the '--jsx' flag is provided.
src/pages/UnitOperations.tsx(2866,98): error TS2550: Property 'find' does not exist on type 'Record<string, string>[]'. Do you need to change your target library? Try changing the 'lib' compiler option to 'es2015' or later.
src/pages/UnitOperations.tsx(2875,19): error TS17004: Cannot use JSX unless the '--jsx' flag is provided.
src/pages/UnitOperations.tsx(2876,21): error TS17004: Cannot use JSX unless the '--jsx' flag is provided.
src/pages/UnitOperations.tsx(2877,21): error TS17004: Cannot use JSX unless the '--jsx' flag is provided.
src/pages/UnitOperations.tsx(2878,23): error TS17004: Cannot use JSX unless the '--jsx' flag is provided.
src/pages/UnitOperations.tsx(2880,86): error TS2550: Property 'find' does not exist on type 'Record<string, string>[]'. Do you need to change your target library? Try changing the 'lib' compiler option to 'es2015' or later.
src/pages/UnitOperations.tsx(2893,15): error TS17004: Cannot use JSX unless the '--jsx' flag is provided.
src/pages/UnitOperations.tsx(2894,17): error TS17004: Cannot use JSX unless the '--jsx' flag is provided.
src/pages/UnitOperations.tsx(2895,17): error TS17004: Cannot use JSX unless the '--jsx' flag is provided.
src/pages/UnitOperations.tsx(2896,19): error TS17004: Cannot use JSX unless the '--jsx' flag is provided.
src/pages/UnitOperations.tsx(2897,21): error TS17004: Cannot use JSX unless the '--jsx' flag is provided.
src/pages/UnitOperations.tsx(2898,21): error TS17004: Cannot use JSX unless the '--jsx' flag is provided.
src/pages/UnitOperations.tsx(2899,23): error TS17004: Cannot use JSX unless the '--jsx' flag is provided.
src/pages/UnitOperations.tsx(2901,93): error TS2550: Property 'find' does not exist on type 'Record<string, string>[]'. Do you need to change your target library? Try changing the 'lib' compiler option to 'es2015' or later.
src/pages/UnitOperations.tsx(2910,19): error TS17004: Cannot use JSX unless the '--jsx' flag is provided.
src/pages/UnitOperations.tsx(2911,21): error TS17004: Cannot use JSX unless the '--jsx' flag is provided.
src/pages/UnitOperations.tsx(2912,21): error TS17004: Cannot use JSX unless the '--jsx' flag is provided.
src/pages/UnitOperations.tsx(2913,23): error TS17004: Cannot use JSX unless the '--jsx' flag is provided.
src/pages/UnitOperations.tsx(2915,102): error TS2550: Property 'find' does not exist on type 'Record<string, string>[]'. Do you need to change your target library? Try changing the 'lib' compiler option to 'es2015' or later.
src/pages/UnitOperations.tsx(2924,19): error TS17004: Cannot use JSX unless the '--jsx' flag is provided.
src/pages/UnitOperations.tsx(2925,21): error TS17004: Cannot use JSX unless the '--jsx' flag is provided.
src/pages/UnitOperations.tsx(2926,21): error TS17004: Cannot use JSX unless the '--jsx' flag is provided.
src/pages/UnitOperations.tsx(2927,23): error TS17004: Cannot use JSX unless the '--jsx' flag is provided.
src/pages/UnitOperations.tsx(2929,90): error TS2550: Property 'find' does not exist on type 'Record<string, string>[]'. Do you need to change your target library? Try changing the 'lib' compiler option to 'es2015' or later.
src/pages/UnitOperations.tsx(2944,11): error TS17004: Cannot use JSX unless the '--jsx' flag is provided.
src/pages/UnitOperations.tsx(2946,13): error TS17004: Cannot use JSX unless the '--jsx' flag is provided.
src/pages/UnitOperations.tsx(2948,17): error TS17004: Cannot use JSX unless the '--jsx' flag is provided.
src/pages/UnitOperations.tsx(2959,13): error TS17004: Cannot use JSX unless the '--jsx' flag is provided.
src/pages/UnitOperations.tsx(2963,17): error TS17004: Cannot use JSX unless the '--jsx' flag is provided.
src/pages/UnitOperations.tsx(2964,19): error TS17004: Cannot use JSX unless the '--jsx' flag is provided.
src/pages/UnitOperations.tsx(2966,23): error TS17004: Cannot use JSX unless the '--jsx' flag is provided.
src/pages/UnitOperations.tsx(2980,21): error TS17004: Cannot use JSX unless the '--jsx' flag is provided.
src/pages/UnitOperations.tsx(2990,19): error TS17004: Cannot use JSX unless the '--jsx' flag is provided.
src/pages/UnitOperations.tsx(2991,21): error TS17004: Cannot use JSX unless the '--jsx' flag is provided.
src/pages/UnitOperations.tsx(2992,23): error TS17004: Cannot use JSX unless the '--jsx' flag is provided.
src/pages/UnitOperations.tsx(2993,25): error TS17004: Cannot use JSX unless the '--jsx' flag is provided.
src/pages/UnitOperations.tsx(2995,29): error TS17004: Cannot use JSX unless the '--jsx' flag is provided.
src/pages/UnitOperations.tsx(2999,23): error TS17004: Cannot use JSX unless the '--jsx' flag is provided.
src/pages/UnitOperations.tsx(3001,29): error TS17004: Cannot use JSX unless the '--jsx' flag is provided.
src/pages/UnitOperations.tsx(3001,33): error TS17004: Cannot use JSX unless the '--jsx' flag is provided.
src/pages/UnitOperations.tsx(3003,29): error TS17004: Cannot use JSX unless the '--jsx' flag is provided.
src/pages/UnitOperations.tsx(3004,31): error TS17004: Cannot use JSX unless the '--jsx' flag is provided.
src/pages/UnitOperations.tsx(3005,31): error TS17004: Cannot use JSX unless the '--jsx' flag is provided.
src/pages/UnitOperations.tsx(3006,31): error TS17004: Cannot use JSX unless the '--jsx' flag is provided.
src/pages/UnitOperations.tsx(3007,31): error TS17004: Cannot use JSX unless the '--jsx' flag is provided.
src/pages/UnitOperations.tsx(3008,31): error TS17004: Cannot use JSX unless the '--jsx' flag is provided.
src/pages/UnitOperations.tsx(3009,31): error TS17004: Cannot use JSX unless the '--jsx' flag is provided.
src/pages/UnitOperations.tsx(3021,17): error TS17004: Cannot use JSX unless the '--jsx' flag is provided.
src/pages/UnitOperations.tsx(3023,19): error TS17004: Cannot use JSX unless the '--jsx' flag is provided.
src/pages/UnitOperations.tsx(3024,21): error TS17004: Cannot use JSX unless the '--jsx' flag is provided.
src/pages/UnitOperations.tsx(3025,21): error TS17004: Cannot use JSX unless the '--jsx' flag is provided.
src/pages/UnitOperations.tsx(3026,21): error TS17004: Cannot use JSX unless the '--jsx' flag is provided.
src/pages/UnitOperations.tsx(3027,21): error TS17004: Cannot use JSX unless the '--jsx' flag is provided.
src/pages/UnitOperations.tsx(3028,21): error TS17004: Cannot use JSX unless the '--jsx' flag is provided.
src/pages/UnitOperations.tsx(3029,21): error TS17004: Cannot use JSX unless the '--jsx' flag is provided.
src/pages/UnitOperations.tsx(3033,19): error TS17004: Cannot use JSX unless the '--jsx' flag is provided.
src/pages/UnitOperations.tsx(3034,21): error TS17004: Cannot use JSX unless the '--jsx' flag is provided.
src/pages/UnitOperations.tsx(3036,53): error TS2550: Property 'find' does not exist on type 'Record<string, string>[]'. Do you need to change your target library? Try changing the 'lib' compiler option to 'es2015' or later.
src/pages/UnitOperations.tsx(3041,23): error TS17004: Cannot use JSX unless the '--jsx' flag is provided.
src/pages/UnitOperations.tsx(3042,49): error TS17004: Cannot use JSX unless the '--jsx' flag is provided.
src/pages/UnitOperations.tsx(3044,21): error TS17004: Cannot use JSX unless the '--jsx' flag is provided.
src/pages/UnitOperations.tsx(3045,21): error TS17004: Cannot use JSX unless the '--jsx' flag is provided.
src/pages/UnitOperations.tsx(3046,21): error TS17004: Cannot use JSX unless the '--jsx' flag is provided.
src/pages/UnitOperations.tsx(3047,21): error TS17004: Cannot use JSX unless the '--jsx' flag is provided.
src/pages/UnitOperations.tsx(3048,21): error TS17004: Cannot use JSX unless the '--jsx' flag is provided.
src/pages/UnitOperations.tsx(3057,19): error TS17004: Cannot use JSX unless the '--jsx' flag is provided.
src/pages/UnitOperations.tsx(3059,23): error TS17004: Cannot use JSX unless the '--jsx' flag is provided.
src/pages/UnitOperations.tsx(3060,25): error TS17004: Cannot use JSX unless the '--jsx' flag is provided.
src/pages/UnitOperations.tsx(3062,29): error TS17004: Cannot use JSX unless the '--jsx' flag is provided.
src/pages/UnitOperations.tsx(3063,31): error TS17004: Cannot use JSX unless the '--jsx' flag is provided.
src/pages/UnitOperations.tsx(3064,31): error TS17004: Cannot use JSX unless the '--jsx' flag is provided.
src/pages/UnitOperations.tsx(3065,31): error TS17004: Cannot use JSX unless the '--jsx' flag is provided.
src/pages/UnitOperations.tsx(3066,31): error TS17004: Cannot use JSX unless the '--jsx' flag is provided.
src/pages/UnitOperations.tsx(3067,31): error TS17004: Cannot use JSX unless the '--jsx' flag is provided.
src/pages/UnitOperations.tsx(3079,17): error TS17004: Cannot use JSX unless the '--jsx' flag is provided.
src/pages/UnitOperations.tsx(3081,19): error TS17004: Cannot use JSX unless the '--jsx' flag is provided.
src/pages/UnitOperations.tsx(3082,21): error TS17004: Cannot use JSX unless the '--jsx' flag is provided.
src/pages/UnitOperations.tsx(3083,21): error TS17004: Cannot use JSX unless the '--jsx' flag is provided.
src/pages/UnitOperations.tsx(3084,21): error TS17004: Cannot use JSX unless the '--jsx' flag is provided.
src/pages/UnitOperations.tsx(3085,21): error TS17004: Cannot use JSX unless the '--jsx' flag is provided.
src/pages/UnitOperations.tsx(3086,21): error TS17004: Cannot use JSX unless the '--jsx' flag is provided.
src/pages/UnitOperations.tsx(3087,21): error TS17004: Cannot use JSX unless the '--jsx' flag is provided.
src/pages/UnitOperations.tsx(3091,19): error TS17004: Cannot use JSX unless the '--jsx' flag is provided.
src/pages/UnitOperations.tsx(3092,21): error TS17004: Cannot use JSX unless the '--jsx' flag is provided.
src/pages/UnitOperations.tsx(3094,53): error TS2550: Property 'find' does not exist on type 'Record<string, string>[]'. Do you need to change your target library? Try changing the 'lib' compiler option to 'es2015' or later.
src/pages/UnitOperations.tsx(3099,23): error TS17004: Cannot use JSX unless the '--jsx' flag is provided.
src/pages/UnitOperations.tsx(3100,49): error TS17004: Cannot use JSX unless the '--jsx' flag is provided.
src/pages/UnitOperations.tsx(3102,21): error TS17004: Cannot use JSX unless the '--jsx' flag is provided.
src/pages/UnitOperations.tsx(3103,21): error TS17004: Cannot use JSX unless the '--jsx' flag is provided.
src/pages/UnitOperations.tsx(3104,21): error TS17004: Cannot use JSX unless the '--jsx' flag is provided.
src/pages/UnitOperations.tsx(3105,21): error TS17004: Cannot use JSX unless the '--jsx' flag is provided.
src/pages/UnitOperations.tsx(3106,21): error TS17004: Cannot use JSX unless the '--jsx' flag is provided.
src/pages/UnitOperations.tsx(3115,19): error TS17004: Cannot use JSX unless the '--jsx' flag is provided.
src/pages/UnitOperations.tsx(3117,23): error TS17004: Cannot use JSX unless the '--jsx' flag is provided.
src/pages/UnitOperations.tsx(3118,25): error TS17004: Cannot use JSX unless the '--jsx' flag is provided.
src/pages/UnitOperations.tsx(3120,29): error TS17004: Cannot use JSX unless the '--jsx' flag is provided.
src/pages/UnitOperations.tsx(3121,31): error TS17004: Cannot use JSX unless the '--jsx' flag is provided.
src/pages/UnitOperations.tsx(3122,31): error TS17004: Cannot use JSX unless the '--jsx' flag is provided.
src/pages/UnitOperations.tsx(3123,31): error TS17004: Cannot use JSX unless the '--jsx' flag is provided.
src/pages/UnitOperations.tsx(3124,31): error TS17004: Cannot use JSX unless the '--jsx' flag is provided.
src/pages/UnitOperations.tsx(3125,31): error TS17004: Cannot use JSX unless the '--jsx' flag is provided.
src/pages/UnitOperations.tsx(3206,5): error TS17004: Cannot use JSX unless the '--jsx' flag is provided.
src/pages/UnitOperations.tsx(3207,7): error TS17004: Cannot use JSX unless the '--jsx' flag is provided.
src/pages/UnitOperations.tsx(3208,9): error TS17004: Cannot use JSX unless the '--jsx' flag is provided.
src/pages/UnitOperations.tsx(3212,11): error TS17004: Cannot use JSX unless the '--jsx' flag is provided.
src/pages/UnitOperations.tsx(3213,13): error TS17004: Cannot use JSX unless the '--jsx' flag is provided.
src/pages/UnitOperations.tsx(3215,11): error TS17004: Cannot use JSX unless the '--jsx' flag is provided.
src/pages/UnitOperations.tsx(3218,9): error TS17004: Cannot use JSX unless the '--jsx' flag is provided.
src/pages/UnitOperations.tsx(3222,11): error TS17004: Cannot use JSX unless the '--jsx' flag is provided.
src/pages/UnitOperations.tsx(3223,13): error TS17004: Cannot use JSX unless the '--jsx' flag is provided.
src/pages/UnitOperations.tsx(3225,11): error TS17004: Cannot use JSX unless the '--jsx' flag is provided.
src/pages/UnitOperations.tsx(3229,7): error TS17004: Cannot use JSX unless the '--jsx' flag is provided.
src/pages/UnitOperations.tsx(3231,11): error TS17004: Cannot use JSX unless the '--jsx' flag is provided.
src/pages/UnitOperations.tsx(3233,11): error TS17004: Cannot use JSX unless the '--jsx' flag is provided.
src/pages/UnitOperations.tsx(3331,5): error TS17004: Cannot use JSX unless the '--jsx' flag is provided.
src/pages/UnitOperations.tsx(3332,7): error TS17004: Cannot use JSX unless the '--jsx' flag is provided.
src/pages/UnitOperations.tsx(3333,7): error TS17004: Cannot use JSX unless the '--jsx' flag is provided.
src/pages/UnitOperations.tsx(3353,7): error TS17004: Cannot use JSX unless the '--jsx' flag is provided.
src/pages/UnitOperations.tsx(3354,9): error TS17004: Cannot use JSX unless the '--jsx' flag is provided.
src/pages/UnitOperations.tsx(3355,11): error TS17004: Cannot use JSX unless the '--jsx' flag is provided.
src/pages/UnitOperations.tsx(3356,13): error TS17004: Cannot use JSX unless the '--jsx' flag is provided.
src/pages/UnitOperations.tsx(3357,13): error TS17004: Cannot use JSX unless the '--jsx' flag is provided.
src/pages/UnitOperations.tsx(3359,11): error TS17004: Cannot use JSX unless the '--jsx' flag is provided.
src/pages/UnitOperations.tsx(3360,13): error TS17004: Cannot use JSX unless the '--jsx' flag is provided.
src/pages/UnitOperations.tsx(3361,13): error TS17004: Cannot use JSX unless the '--jsx' flag is provided.
src/pages/UnitOperations.tsx(3363,11): error TS17004: Cannot use JSX unless the '--jsx' flag is provided.
src/pages/UnitOperations.tsx(3364,13): error TS17004: Cannot use JSX unless the '--jsx' flag is provided.
src/pages/UnitOperations.tsx(3367,9): error TS17004: Cannot use JSX unless the '--jsx' flag is provided.
src/pages/UnitOperations.tsx(3368,11): error TS17004: Cannot use JSX unless the '--jsx' flag is provided.
src/pages/UnitOperations.tsx(3369,13): error TS17004: Cannot use JSX unless the '--jsx' flag is provided.
src/pages/UnitOperations.tsx(3371,11): error TS17004: Cannot use JSX unless the '--jsx' flag is provided.
src/pages/UnitOperations.tsx(3372,13): error TS17004: Cannot use JSX unless the '--jsx' flag is provided.
src/pages/UnitOperations.tsx(3380,5): error TS17004: Cannot use JSX unless the '--jsx' flag is provided.
src/pages/UnitOperations.tsx(3382,7): error TS17004: Cannot use JSX unless the '--jsx' flag is provided.
src/pages/UnitOperations.tsx(3383,7): error TS17004: Cannot use JSX unless the '--jsx' flag is provided.
src/pages/UnitOperations.tsx(3384,7): error TS17004: Cannot use JSX unless the '--jsx' flag is provided.
src/pages/UnitOperations.tsx(3385,7): error TS17004: Cannot use JSX unless the '--jsx' flag is provided.
src/pages/UnitOperations.tsx(3386,7): error TS17004: Cannot use JSX unless the '--jsx' flag is provided.
src/pages/UnitOperations.tsx(3387,7): error TS17004: Cannot use JSX unless the '--jsx' flag is provided.
src/pages/UnitOperations.tsx(3390,7): error TS17004: Cannot use JSX unless the '--jsx' flag is provided.
src/pages/UnitOperations.tsx(3393,9): error TS17004: Cannot use JSX unless the '--jsx' flag is provided.
src/pages/UnitOperations.tsx(3394,11): error TS17004: Cannot use JSX unless the '--jsx' flag is provided.
src/pages/UnitOperations.tsx(3395,13): error TS17004: Cannot use JSX unless the '--jsx' flag is provided.
src/pages/UnitOperations.tsx(3397,11): error TS17004: Cannot use JSX unless the '--jsx' flag is provided.
src/pages/UnitOperations.tsx(3398,13): error TS17004: Cannot use JSX unless the '--jsx' flag is provided.
src/pages/UnitOperations.tsx(3400,11): error TS17004: Cannot use JSX unless the '--jsx' flag is provided.
src/pages/UnitOperations.tsx(3401,13): error TS17004: Cannot use JSX unless the '--jsx' flag is provided.
src/pages/UnitOperations.tsx(3401,14): error TS2322: Type '{ selected: Date; onChange: (d: [Date, Date]) => void; dateFormat: string; placeholderText: string; className: string; showYearDropdown: true; showMonthDropdown: true; dropdownMode: string; disabled: boolean; }' is not assignable to type 'IntrinsicAttributes & (IntrinsicClassAttributes<DatePicker> & Readonly<DatePickerProps>)'.
  Property 'selectsMultiple' is missing in type '{ selected: Date; onChange: (d: [Date, Date]) => void; dateFormat: string; placeholderText: string; className: string; showYearDropdown: true; showMonthDropdown: true; dropdownMode: string; disabled: boolean; }' but required in type 'Readonly<Omit<React.ComponentPropsWithoutRef<typeof Calendar>, "container" | "className" | "onSelect" | "dateFormat" | "highlightDates" | "holidays" | "shouldFocusDayInline" | "handleOnKeyDown" | "preSelection" | ... 11 more ... | "dropdownMode"> & ... 4 more ... & { ...; }>'.
src/pages/UnitOperations.tsx(3401,90): error TS2345: Argument of type '[Date, Date]' is not assignable to parameter of type 'SetStateAction<Date>'.
  Type '[Date, Date]' is not assignable to type 'Date'.
src/pages/UnitOperations.tsx(3406,9): error TS17004: Cannot use JSX unless the '--jsx' flag is provided.
src/pages/UnitOperations.tsx(3407,11): error TS17004: Cannot use JSX unless the '--jsx' flag is provided.
src/pages/UnitOperations.tsx(3408,13): error TS17004: Cannot use JSX unless the '--jsx' flag is provided.
src/pages/UnitOperations.tsx(3408,190): error TS2550: Property 'find' does not exist on type 'Record<string, string>[]'. Do you need to change your target library? Try changing the 'lib' compiler option to 'es2015' or later.
src/pages/UnitOperations.tsx(3410,11): error TS17004: Cannot use JSX unless the '--jsx' flag is provided.
src/pages/UnitOperations.tsx(3411,13): error TS17004: Cannot use JSX unless the '--jsx' flag is provided.
src/pages/UnitOperations.tsx(3412,13): error TS17004: Cannot use JSX unless the '--jsx' flag is provided.
src/pages/UnitOperations.tsx(3415,11): error TS17004: Cannot use JSX unless the '--jsx' flag is provided.
src/pages/UnitOperations.tsx(3416,13): error TS17004: Cannot use JSX unless the '--jsx' flag is provided.
src/pages/UnitOperations.tsx(3417,13): error TS17004: Cannot use JSX unless the '--jsx' flag is provided.
src/pages/UnitOperations.tsx(3418,15): error TS17004: Cannot use JSX unless the '--jsx' flag is provided.
src/pages/UnitOperations.tsx(3419,15): error TS17004: Cannot use JSX unless the '--jsx' flag is provided.
src/pages/UnitOperations.tsx(3425,9): error TS17004: Cannot use JSX unless the '--jsx' flag is provided.
src/pages/UnitOperations.tsx(3426,11): error TS17004: Cannot use JSX unless the '--jsx' flag is provided.
src/pages/UnitOperations.tsx(3427,13): error TS17004: Cannot use JSX unless the '--jsx' flag is provided.
src/pages/UnitOperations.tsx(3429,11): error TS17004: Cannot use JSX unless the '--jsx' flag is provided.
src/pages/UnitOperations.tsx(3430,13): error TS17004: Cannot use JSX unless the '--jsx' flag is provided.
src/pages/UnitOperations.tsx(3430,158): error TS2550: Property 'find' does not exist on type 'Record<string, string>[]'. Do you need to change your target library? Try changing the 'lib' compiler option to 'es2015' or later.
src/pages/UnitOperations.tsx(3435,9): error TS17004: Cannot use JSX unless the '--jsx' flag is provided.
src/pages/UnitOperations.tsx(3436,11): error TS17004: Cannot use JSX unless the '--jsx' flag is provided.
src/pages/UnitOperations.tsx(3437,13): error TS17004: Cannot use JSX unless the '--jsx' flag is provided.
src/pages/UnitOperations.tsx(3442,9): error TS17004: Cannot use JSX unless the '--jsx' flag is provided.
src/pages/UnitOperations.tsx(3443,11): error TS17004: Cannot use JSX unless the '--jsx' flag is provided.
src/pages/UnitOperations.tsx(3444,13): error TS17004: Cannot use JSX unless the '--jsx' flag is provided.
src/pages/UnitOperations.tsx(3450,7): error TS17004: Cannot use JSX unless the '--jsx' flag is provided.
src/pages/UnitOperations.tsx(3453,7): error TS17004: Cannot use JSX unless the '--jsx' flag is provided.
src/pages/UnitOperations.tsx(3454,9): error TS17004: Cannot use JSX unless the '--jsx' flag is provided.
src/pages/UnitOperations.tsx(3456,13): error TS17004: Cannot use JSX unless the '--jsx' flag is provided.
src/pages/UnitOperations.tsx(3469,9): error TS17004: Cannot use JSX unless the '--jsx' flag is provided.
src/pages/UnitOperations.tsx(3473,13): error TS17004: Cannot use JSX unless the '--jsx' flag is provided.
src/pages/UnitOperations.tsx(3474,15): error TS17004: Cannot use JSX unless the '--jsx' flag is provided.
src/pages/UnitOperations.tsx(3480,13): error TS17004: Cannot use JSX unless the '--jsx' flag is provided.
src/pages/UnitOperations.tsx(3481,15): error TS17004: Cannot use JSX unless the '--jsx' flag is provided.
src/pages/UnitOperations.tsx(3482,15): error TS17004: Cannot use JSX unless the '--jsx' flag is provided.
src/pages/UnitOperations.tsx(3483,17): error TS17004: Cannot use JSX unless the '--jsx' flag is provided.
src/pages/UnitOperations.tsx(3490,13): error TS17004: Cannot use JSX unless the '--jsx' flag is provided.
src/pages/UnitOperations.tsx(3491,15): error TS17004: Cannot use JSX unless the '--jsx' flag is provided.
src/pages/UnitOperations.tsx(3492,17): error TS17004: Cannot use JSX unless the '--jsx' flag is provided.
src/pages/UnitOperations.tsx(3493,17): error TS17004: Cannot use JSX unless the '--jsx' flag is provided.
src/pages/UnitOperations.tsx(3494,19): error TS17004: Cannot use JSX unless the '--jsx' flag is provided.
src/pages/UnitOperations.tsx(3495,21): error TS17004: Cannot use JSX unless the '--jsx' flag is provided.
src/pages/UnitOperations.tsx(3496,21): error TS17004: Cannot use JSX unless the '--jsx' flag is provided.
src/pages/UnitOperations.tsx(3497,23): error TS17004: Cannot use JSX unless the '--jsx' flag is provided.
src/pages/UnitOperations.tsx(3497,161): error TS2550: Property 'find' does not exist on type 'Record<string, string>[]'. Do you need to change your target library? Try changing the 'lib' compiler option to 'es2015' or later.
src/pages/UnitOperations.tsx(3500,19): error TS17004: Cannot use JSX unless the '--jsx' flag is provided.
src/pages/UnitOperations.tsx(3501,21): error TS17004: Cannot use JSX unless the '--jsx' flag is provided.
src/pages/UnitOperations.tsx(3502,21): error TS17004: Cannot use JSX unless the '--jsx' flag is provided.
src/pages/UnitOperations.tsx(3503,23): error TS17004: Cannot use JSX unless the '--jsx' flag is provided.
src/pages/UnitOperations.tsx(3503,173): error TS2550: Property 'find' does not exist on type 'Record<string, string>[]'. Do you need to change your target library? Try changing the 'lib' compiler option to 'es2015' or later.
src/pages/UnitOperations.tsx(3506,19): error TS17004: Cannot use JSX unless the '--jsx' flag is provided.
src/pages/UnitOperations.tsx(3507,21): error TS17004: Cannot use JSX unless the '--jsx' flag is provided.
src/pages/UnitOperations.tsx(3508,21): error TS17004: Cannot use JSX unless the '--jsx' flag is provided.
src/pages/UnitOperations.tsx(3509,23): error TS17004: Cannot use JSX unless the '--jsx' flag is provided.
src/pages/UnitOperations.tsx(3509,157): error TS2550: Property 'find' does not exist on type 'Record<string, string>[]'. Do you need to change your target library? Try changing the 'lib' compiler option to 'es2015' or later.
src/pages/UnitOperations.tsx(3515,15): error TS17004: Cannot use JSX unless the '--jsx' flag is provided.
src/pages/UnitOperations.tsx(3516,17): error TS17004: Cannot use JSX unless the '--jsx' flag is provided.
src/pages/UnitOperations.tsx(3517,17): error TS17004: Cannot use JSX unless the '--jsx' flag is provided.
src/pages/UnitOperations.tsx(3518,19): error TS17004: Cannot use JSX unless the '--jsx' flag is provided.
src/pages/UnitOperations.tsx(3519,21): error TS17004: Cannot use JSX unless the '--jsx' flag is provided.
src/pages/UnitOperations.tsx(3520,21): error TS17004: Cannot use JSX unless the '--jsx' flag is provided.
src/pages/UnitOperations.tsx(3521,23): error TS17004: Cannot use JSX unless the '--jsx' flag is provided.
src/pages/UnitOperations.tsx(3521,167): error TS2550: Property 'find' does not exist on type 'Record<string, string>[]'. Do you need to change your target library? Try changing the 'lib' compiler option to 'es2015' or later.
src/pages/UnitOperations.tsx(3524,19): error TS17004: Cannot use JSX unless the '--jsx' flag is provided.
src/pages/UnitOperations.tsx(3525,21): error TS17004: Cannot use JSX unless the '--jsx' flag is provided.
src/pages/UnitOperations.tsx(3526,21): error TS17004: Cannot use JSX unless the '--jsx' flag is provided.
src/pages/UnitOperations.tsx(3527,23): error TS17004: Cannot use JSX unless the '--jsx' flag is provided.
src/pages/UnitOperations.tsx(3527,179): error TS2550: Property 'find' does not exist on type 'Record<string, string>[]'. Do you need to change your target library? Try changing the 'lib' compiler option to 'es2015' or later.
src/pages/UnitOperations.tsx(3530,19): error TS17004: Cannot use JSX unless the '--jsx' flag is provided.
src/pages/UnitOperations.tsx(3531,21): error TS17004: Cannot use JSX unless the '--jsx' flag is provided.
src/pages/UnitOperations.tsx(3532,21): error TS17004: Cannot use JSX unless the '--jsx' flag is provided.
src/pages/UnitOperations.tsx(3533,23): error TS17004: Cannot use JSX unless the '--jsx' flag is provided.
src/pages/UnitOperations.tsx(3533,163): error TS2550: Property 'find' does not exist on type 'Record<string, string>[]'. Do you need to change your target library? Try changing the 'lib' compiler option to 'es2015' or later.
src/pages/UnitOperations.tsx(3544,9): error TS17004: Cannot use JSX unless the '--jsx' flag is provided.
src/pages/UnitOperations.tsx(3545,11): error TS17004: Cannot use JSX unless the '--jsx' flag is provided.
src/pages/UnitOperations.tsx(3546,11): error TS17004: Cannot use JSX unless the '--jsx' flag is provided.
src/pages/UnitOperations.tsx(3548,15): error TS17004: Cannot use JSX unless the '--jsx' flag is provided.
src/pages/UnitOperations.tsx(3562,13): error TS17004: Cannot use JSX unless the '--jsx' flag is provided.
src/pages/UnitOperations.tsx(3573,11): error TS17004: Cannot use JSX unless the '--jsx' flag is provided.
src/pages/UnitOperations.tsx(3574,13): error TS17004: Cannot use JSX unless the '--jsx' flag is provided.
src/pages/UnitOperations.tsx(3575,15): error TS17004: Cannot use JSX unless the '--jsx' flag is provided.
src/pages/UnitOperations.tsx(3576,17): error TS17004: Cannot use JSX unless the '--jsx' flag is provided.
src/pages/UnitOperations.tsx(3578,21): error TS17004: Cannot use JSX unless the '--jsx' flag is provided.
src/pages/UnitOperations.tsx(3582,15): error TS17004: Cannot use JSX unless the '--jsx' flag is provided.
src/pages/UnitOperations.tsx(3584,21): error TS17004: Cannot use JSX unless the '--jsx' flag is provided.
src/pages/UnitOperations.tsx(3584,25): error TS17004: Cannot use JSX unless the '--jsx' flag is provided.
src/pages/UnitOperations.tsx(3586,21): error TS17004: Cannot use JSX unless the '--jsx' flag is provided.
src/pages/UnitOperations.tsx(3587,23): error TS17004: Cannot use JSX unless the '--jsx' flag is provided.
src/pages/UnitOperations.tsx(3588,23): error TS17004: Cannot use JSX unless the '--jsx' flag is provided.
src/pages/UnitOperations.tsx(3589,23): error TS17004: Cannot use JSX unless the '--jsx' flag is provided.
src/pages/UnitOperations.tsx(3590,23): error TS17004: Cannot use JSX unless the '--jsx' flag is provided.
src/pages/UnitOperations.tsx(3591,23): error TS17004: Cannot use JSX unless the '--jsx' flag is provided.
src/pages/UnitOperations.tsx(3592,23): error TS17004: Cannot use JSX unless the '--jsx' flag is provided.
src/pages/UnitOperations.tsx(3598,11): error TS17004: Cannot use JSX unless the '--jsx' flag is provided.
src/pages/UnitOperations.tsx(3702,5): error TS17004: Cannot use JSX unless the '--jsx' flag is provided.
src/pages/UnitOperations.tsx(3703,7): error TS17004: Cannot use JSX unless the '--jsx' flag is provided.
src/pages/UnitOperations.tsx(3704,7): error TS17004: Cannot use JSX unless the '--jsx' flag is provided.
src/pages/UnitOperations.tsx(3727,7): error TS17004: Cannot use JSX unless the '--jsx' flag is provided.
src/pages/UnitOperations.tsx(3728,9): error TS17004: Cannot use JSX unless the '--jsx' flag is provided.
src/pages/UnitOperations.tsx(3729,11): error TS17004: Cannot use JSX unless the '--jsx' flag is provided.
src/pages/UnitOperations.tsx(3730,13): error TS17004: Cannot use JSX unless the '--jsx' flag is provided.
src/pages/UnitOperations.tsx(3731,13): error TS17004: Cannot use JSX unless the '--jsx' flag is provided.
src/pages/UnitOperations.tsx(3733,11): error TS17004: Cannot use JSX unless the '--jsx' flag is provided.
src/pages/UnitOperations.tsx(3734,13): error TS17004: Cannot use JSX unless the '--jsx' flag is provided.
src/pages/UnitOperations.tsx(3735,13): error TS17004: Cannot use JSX unless the '--jsx' flag is provided.
src/pages/UnitOperations.tsx(3737,11): error TS17004: Cannot use JSX unless the '--jsx' flag is provided.
src/pages/UnitOperations.tsx(3738,13): error TS17004: Cannot use JSX unless the '--jsx' flag is provided.
src/pages/UnitOperations.tsx(3741,9): error TS17004: Cannot use JSX unless the '--jsx' flag is provided.
src/pages/UnitOperations.tsx(3742,11): error TS17004: Cannot use JSX unless the '--jsx' flag is provided.
src/pages/UnitOperations.tsx(3743,13): error TS17004: Cannot use JSX unless the '--jsx' flag is provided.
src/pages/UnitOperations.tsx(3745,11): error TS17004: Cannot use JSX unless the '--jsx' flag is provided.
src/pages/UnitOperations.tsx(3746,13): error TS17004: Cannot use JSX unless the '--jsx' flag is provided.
src/pages/UnitOperations.tsx(3754,5): error TS17004: Cannot use JSX unless the '--jsx' flag is provided.
src/pages/UnitOperations.tsx(3757,7): error TS17004: Cannot use JSX unless the '--jsx' flag is provided.
src/pages/UnitOperations.tsx(3758,7): error TS17004: Cannot use JSX unless the '--jsx' flag is provided.
src/pages/UnitOperations.tsx(3759,7): error TS17004: Cannot use JSX unless the '--jsx' flag is provided.
src/pages/UnitOperations.tsx(3760,7): error TS17004: Cannot use JSX unless the '--jsx' flag is provided.
src/pages/UnitOperations.tsx(3761,7): error TS17004: Cannot use JSX unless the '--jsx' flag is provided.
src/pages/UnitOperations.tsx(3762,7): error TS17004: Cannot use JSX unless the '--jsx' flag is provided.
src/pages/UnitOperations.tsx(3765,7): error TS17004: Cannot use JSX unless the '--jsx' flag is provided.
src/pages/UnitOperations.tsx(3767,9): error TS17004: Cannot use JSX unless the '--jsx' flag is provided.
src/pages/UnitOperations.tsx(3768,11): error TS17004: Cannot use JSX unless the '--jsx' flag is provided.
src/pages/UnitOperations.tsx(3769,13): error TS17004: Cannot use JSX unless the '--jsx' flag is provided.
src/pages/UnitOperations.tsx(3771,11): error TS17004: Cannot use JSX unless the '--jsx' flag is provided.
src/pages/UnitOperations.tsx(3772,13): error TS17004: Cannot use JSX unless the '--jsx' flag is provided.
src/pages/UnitOperations.tsx(3774,11): error TS17004: Cannot use JSX unless the '--jsx' flag is provided.
src/pages/UnitOperations.tsx(3775,13): error TS17004: Cannot use JSX unless the '--jsx' flag is provided.
src/pages/UnitOperations.tsx(3775,14): error TS2322: Type '{ selected: Date; onChange: (d: [Date, Date]) => void; dateFormat: string; placeholderText: string; className: string; showYearDropdown: true; showMonthDropdown: true; dropdownMode: string; disabled: boolean; }' is not assignable to type 'IntrinsicAttributes & (IntrinsicClassAttributes<DatePicker> & Readonly<DatePickerProps>)'.
  Property 'selectsMultiple' is missing in type '{ selected: Date; onChange: (d: [Date, Date]) => void; dateFormat: string; placeholderText: string; className: string; showYearDropdown: true; showMonthDropdown: true; dropdownMode: string; disabled: boolean; }' but required in type 'Readonly<Omit<React.ComponentPropsWithoutRef<typeof Calendar>, "container" | "className" | "onSelect" | "dateFormat" | "highlightDates" | "holidays" | "shouldFocusDayInline" | "handleOnKeyDown" | "preSelection" | ... 11 more ... | "dropdownMode"> & ... 4 more ... & { ...; }>'.
src/pages/UnitOperations.tsx(3775,80): error TS2345: Argument of type '[Date, Date]' is not assignable to parameter of type 'SetStateAction<Date>'.
  Type '[Date, Date]' is not assignable to type 'Date'.
src/pages/UnitOperations.tsx(3780,9): error TS17004: Cannot use JSX unless the '--jsx' flag is provided.
src/pages/UnitOperations.tsx(3781,11): error TS17004: Cannot use JSX unless the '--jsx' flag is provided.
src/pages/UnitOperations.tsx(3782,13): error TS17004: Cannot use JSX unless the '--jsx' flag is provided.
src/pages/UnitOperations.tsx(3784,92): error TS2550: Property 'find' does not exist on type 'Record<string, string>[]'. Do you need to change your target library? Try changing the 'lib' compiler option to 'es2015' or later.
src/pages/UnitOperations.tsx(3792,11): error TS17004: Cannot use JSX unless the '--jsx' flag is provided.
src/pages/UnitOperations.tsx(3793,13): error TS17004: Cannot use JSX unless the '--jsx' flag is provided.
src/pages/UnitOperations.tsx(3794,13): error TS17004: Cannot use JSX unless the '--jsx' flag is provided.
src/pages/UnitOperations.tsx(3797,11): error TS17004: Cannot use JSX unless the '--jsx' flag is provided.
src/pages/UnitOperations.tsx(3798,13): error TS17004: Cannot use JSX unless the '--jsx' flag is provided.
src/pages/UnitOperations.tsx(3799,13): error TS17004: Cannot use JSX unless the '--jsx' flag is provided.
src/pages/UnitOperations.tsx(3800,15): error TS17004: Cannot use JSX unless the '--jsx' flag is provided.
src/pages/UnitOperations.tsx(3801,15): error TS17004: Cannot use JSX unless the '--jsx' flag is provided.
src/pages/UnitOperations.tsx(3807,9): error TS17004: Cannot use JSX unless the '--jsx' flag is provided.
src/pages/UnitOperations.tsx(3808,11): error TS17004: Cannot use JSX unless the '--jsx' flag is provided.
src/pages/UnitOperations.tsx(3809,13): error TS17004: Cannot use JSX unless the '--jsx' flag is provided.
src/pages/UnitOperations.tsx(3819,11): error TS17004: Cannot use JSX unless the '--jsx' flag is provided.
src/pages/UnitOperations.tsx(3820,13): error TS17004: Cannot use JSX unless the '--jsx' flag is provided.
src/pages/UnitOperations.tsx(3822,83): error TS2550: Property 'find' does not exist on type 'Record<string, string>[]'. Do you need to change your target library? Try changing the 'lib' compiler option to 'es2015' or later.
src/pages/UnitOperations.tsx(3833,9): error TS17004: Cannot use JSX unless the '--jsx' flag is provided.
src/pages/UnitOperations.tsx(3834,11): error TS17004: Cannot use JSX unless the '--jsx' flag is provided.
src/pages/UnitOperations.tsx(3835,13): error TS17004: Cannot use JSX unless the '--jsx' flag is provided.
src/pages/UnitOperations.tsx(3840,9): error TS17004: Cannot use JSX unless the '--jsx' flag is provided.
src/pages/UnitOperations.tsx(3841,11): error TS17004: Cannot use JSX unless the '--jsx' flag is provided.
src/pages/UnitOperations.tsx(3842,13): error TS17004: Cannot use JSX unless the '--jsx' flag is provided.
src/pages/UnitOperations.tsx(3848,7): error TS17004: Cannot use JSX unless the '--jsx' flag is provided.
src/pages/UnitOperations.tsx(3851,7): error TS17004: Cannot use JSX unless the '--jsx' flag is provided.
src/pages/UnitOperations.tsx(3853,9): error TS17004: Cannot use JSX unless the '--jsx' flag is provided.
src/pages/UnitOperations.tsx(3855,13): error TS17004: Cannot use JSX unless the '--jsx' flag is provided.
src/pages/UnitOperations.tsx(3869,9): error TS17004: Cannot use JSX unless the '--jsx' flag is provided.
src/pages/UnitOperations.tsx(3873,13): error TS17004: Cannot use JSX unless the '--jsx' flag is provided.
src/pages/UnitOperations.tsx(3874,15): error TS17004: Cannot use JSX unless the '--jsx' flag is provided.
src/pages/UnitOperations.tsx(3880,13): error TS17004: Cannot use JSX unless the '--jsx' flag is provided.
src/pages/UnitOperations.tsx(3881,15): error TS17004: Cannot use JSX unless the '--jsx' flag is provided.
src/pages/UnitOperations.tsx(3882,15): error TS17004: Cannot use JSX unless the '--jsx' flag is provided.
src/pages/UnitOperations.tsx(3883,17): error TS17004: Cannot use JSX unless the '--jsx' flag is provided.
src/pages/UnitOperations.tsx(3890,13): error TS17004: Cannot use JSX unless the '--jsx' flag is provided.
src/pages/UnitOperations.tsx(3891,15): error TS17004: Cannot use JSX unless the '--jsx' flag is provided.
src/pages/UnitOperations.tsx(3892,17): error TS17004: Cannot use JSX unless the '--jsx' flag is provided.
src/pages/UnitOperations.tsx(3893,17): error TS17004: Cannot use JSX unless the '--jsx' flag is provided.
src/pages/UnitOperations.tsx(3894,19): error TS17004: Cannot use JSX unless the '--jsx' flag is provided.
src/pages/UnitOperations.tsx(3895,21): error TS17004: Cannot use JSX unless the '--jsx' flag is provided.
src/pages/UnitOperations.tsx(3896,21): error TS17004: Cannot use JSX unless the '--jsx' flag is provided.
src/pages/UnitOperations.tsx(3897,23): error TS17004: Cannot use JSX unless the '--jsx' flag is provided.
src/pages/UnitOperations.tsx(3897,122): error TS2550: Property 'find' does not exist on type 'Record<string, string>[]'. Do you need to change your target library? Try changing the 'lib' compiler option to 'es2015' or later.
src/pages/UnitOperations.tsx(3900,19): error TS17004: Cannot use JSX unless the '--jsx' flag is provided.
src/pages/UnitOperations.tsx(3901,21): error TS17004: Cannot use JSX unless the '--jsx' flag is provided.
src/pages/UnitOperations.tsx(3902,21): error TS17004: Cannot use JSX unless the '--jsx' flag is provided.
src/pages/UnitOperations.tsx(3903,23): error TS17004: Cannot use JSX unless the '--jsx' flag is provided.
src/pages/UnitOperations.tsx(3903,134): error TS2550: Property 'find' does not exist on type 'Record<string, string>[]'. Do you need to change your target library? Try changing the 'lib' compiler option to 'es2015' or later.
src/pages/UnitOperations.tsx(3906,19): error TS17004: Cannot use JSX unless the '--jsx' flag is provided.
src/pages/UnitOperations.tsx(3907,21): error TS17004: Cannot use JSX unless the '--jsx' flag is provided.
src/pages/UnitOperations.tsx(3908,21): error TS17004: Cannot use JSX unless the '--jsx' flag is provided.
src/pages/UnitOperations.tsx(3909,23): error TS17004: Cannot use JSX unless the '--jsx' flag is provided.
src/pages/UnitOperations.tsx(3909,118): error TS2550: Property 'find' does not exist on type 'Record<string, string>[]'. Do you need to change your target library? Try changing the 'lib' compiler option to 'es2015' or later.
src/pages/UnitOperations.tsx(3915,15): error TS17004: Cannot use JSX unless the '--jsx' flag is provided.
src/pages/UnitOperations.tsx(3916,17): error TS17004: Cannot use JSX unless the '--jsx' flag is provided.
src/pages/UnitOperations.tsx(3917,17): error TS17004: Cannot use JSX unless the '--jsx' flag is provided.
src/pages/UnitOperations.tsx(3918,19): error TS17004: Cannot use JSX unless the '--jsx' flag is provided.
src/pages/UnitOperations.tsx(3919,21): error TS17004: Cannot use JSX unless the '--jsx' flag is provided.
src/pages/UnitOperations.tsx(3920,21): error TS17004: Cannot use JSX unless the '--jsx' flag is provided.
src/pages/UnitOperations.tsx(3921,23): error TS17004: Cannot use JSX unless the '--jsx' flag is provided.
src/pages/UnitOperations.tsx(3921,128): error TS2550: Property 'find' does not exist on type 'Record<string, string>[]'. Do you need to change your target library? Try changing the 'lib' compiler option to 'es2015' or later.
src/pages/UnitOperations.tsx(3924,19): error TS17004: Cannot use JSX unless the '--jsx' flag is provided.
src/pages/UnitOperations.tsx(3925,21): error TS17004: Cannot use JSX unless the '--jsx' flag is provided.
src/pages/UnitOperations.tsx(3926,21): error TS17004: Cannot use JSX unless the '--jsx' flag is provided.
src/pages/UnitOperations.tsx(3927,23): error TS17004: Cannot use JSX unless the '--jsx' flag is provided.
src/pages/UnitOperations.tsx(3927,140): error TS2550: Property 'find' does not exist on type 'Record<string, string>[]'. Do you need to change your target library? Try changing the 'lib' compiler option to 'es2015' or later.
src/pages/UnitOperations.tsx(3930,19): error TS17004: Cannot use JSX unless the '--jsx' flag is provided.
src/pages/UnitOperations.tsx(3931,21): error TS17004: Cannot use JSX unless the '--jsx' flag is provided.
src/pages/UnitOperations.tsx(3932,21): error TS17004: Cannot use JSX unless the '--jsx' flag is provided.
src/pages/UnitOperations.tsx(3933,23): error TS17004: Cannot use JSX unless the '--jsx' flag is provided.
src/pages/UnitOperations.tsx(3933,124): error TS2550: Property 'find' does not exist on type 'Record<string, string>[]'. Do you need to change your target library? Try changing the 'lib' compiler option to 'es2015' or later.
src/pages/UnitOperations.tsx(3944,9): error TS17004: Cannot use JSX unless the '--jsx' flag is provided.
src/pages/UnitOperations.tsx(3945,11): error TS17004: Cannot use JSX unless the '--jsx' flag is provided.
src/pages/UnitOperations.tsx(3947,11): error TS17004: Cannot use JSX unless the '--jsx' flag is provided.
src/pages/UnitOperations.tsx(3949,15): error TS17004: Cannot use JSX unless the '--jsx' flag is provided.
src/pages/UnitOperations.tsx(3958,13): error TS17004: Cannot use JSX unless the '--jsx' flag is provided.
src/pages/UnitOperations.tsx(3966,11): error TS17004: Cannot use JSX unless the '--jsx' flag is provided.
src/pages/UnitOperations.tsx(3967,13): error TS17004: Cannot use JSX unless the '--jsx' flag is provided.
src/pages/UnitOperations.tsx(3968,15): error TS17004: Cannot use JSX unless the '--jsx' flag is provided.
src/pages/UnitOperations.tsx(3969,17): error TS17004: Cannot use JSX unless the '--jsx' flag is provided.
src/pages/UnitOperations.tsx(3971,21): error TS17004: Cannot use JSX unless the '--jsx' flag is provided.
src/pages/UnitOperations.tsx(3975,15): error TS17004: Cannot use JSX unless the '--jsx' flag is provided.
src/pages/UnitOperations.tsx(3977,21): error TS17004: Cannot use JSX unless the '--jsx' flag is provided.
src/pages/UnitOperations.tsx(3977,25): error TS17004: Cannot use JSX unless the '--jsx' flag is provided.
src/pages/UnitOperations.tsx(3979,21): error TS17004: Cannot use JSX unless the '--jsx' flag is provided.
src/pages/UnitOperations.tsx(3980,23): error TS17004: Cannot use JSX unless the '--jsx' flag is provided.
src/pages/UnitOperations.tsx(3981,23): error TS17004: Cannot use JSX unless the '--jsx' flag is provided.
src/pages/UnitOperations.tsx(3982,23): error TS17004: Cannot use JSX unless the '--jsx' flag is provided.
src/pages/UnitOperations.tsx(3983,23): error TS17004: Cannot use JSX unless the '--jsx' flag is provided.
src/pages/UnitOperations.tsx(3984,23): error TS17004: Cannot use JSX unless the '--jsx' flag is provided.
src/pages/UnitOperations.tsx(3985,23): error TS17004: Cannot use JSX unless the '--jsx' flag is provided.
src/pages/UnitOperations.tsx(3991,11): error TS17004: Cannot use JSX unless the '--jsx' flag is provided.
src/pages/UnitOperations.tsx(4095,5): error TS17004: Cannot use JSX unless the '--jsx' flag is provided.
src/pages/UnitOperations.tsx(4096,7): error TS17004: Cannot use JSX unless the '--jsx' flag is provided.
src/pages/UnitOperations.tsx(4097,7): error TS17004: Cannot use JSX unless the '--jsx' flag is provided.
src/pages/UnitOperations.tsx(4120,7): error TS17004: Cannot use JSX unless the '--jsx' flag is provided.
src/pages/UnitOperations.tsx(4121,9): error TS17004: Cannot use JSX unless the '--jsx' flag is provided.
src/pages/UnitOperations.tsx(4122,11): error TS17004: Cannot use JSX unless the '--jsx' flag is provided.
src/pages/UnitOperations.tsx(4123,13): error TS17004: Cannot use JSX unless the '--jsx' flag is provided.
src/pages/UnitOperations.tsx(4124,13): error TS17004: Cannot use JSX unless the '--jsx' flag is provided.
src/pages/UnitOperations.tsx(4126,11): error TS17004: Cannot use JSX unless the '--jsx' flag is provided.
src/pages/UnitOperations.tsx(4127,13): error TS17004: Cannot use JSX unless the '--jsx' flag is provided.
src/pages/UnitOperations.tsx(4128,13): error TS17004: Cannot use JSX unless the '--jsx' flag is provided.
src/pages/UnitOperations.tsx(4130,11): error TS17004: Cannot use JSX unless the '--jsx' flag is provided.
src/pages/UnitOperations.tsx(4131,13): error TS17004: Cannot use JSX unless the '--jsx' flag is provided.
src/pages/UnitOperations.tsx(4134,9): error TS17004: Cannot use JSX unless the '--jsx' flag is provided.
src/pages/UnitOperations.tsx(4135,11): error TS17004: Cannot use JSX unless the '--jsx' flag is provided.
src/pages/UnitOperations.tsx(4136,13): error TS17004: Cannot use JSX unless the '--jsx' flag is provided.
src/pages/UnitOperations.tsx(4138,11): error TS17004: Cannot use JSX unless the '--jsx' flag is provided.
src/pages/UnitOperations.tsx(4139,13): error TS17004: Cannot use JSX unless the '--jsx' flag is provided.
src/pages/UnitOperations.tsx(4147,5): error TS17004: Cannot use JSX unless the '--jsx' flag is provided.
src/pages/UnitOperations.tsx(4150,7): error TS17004: Cannot use JSX unless the '--jsx' flag is provided.
src/pages/UnitOperations.tsx(4151,7): error TS17004: Cannot use JSX unless the '--jsx' flag is provided.
src/pages/UnitOperations.tsx(4152,7): error TS17004: Cannot use JSX unless the '--jsx' flag is provided.
src/pages/UnitOperations.tsx(4153,7): error TS17004: Cannot use JSX unless the '--jsx' flag is provided.
src/pages/UnitOperations.tsx(4154,7): error TS17004: Cannot use JSX unless the '--jsx' flag is provided.
src/pages/UnitOperations.tsx(4155,7): error TS17004: Cannot use JSX unless the '--jsx' flag is provided.
src/pages/UnitOperations.tsx(4158,7): error TS17004: Cannot use JSX unless the '--jsx' flag is provided.
src/pages/UnitOperations.tsx(4160,9): error TS17004: Cannot use JSX unless the '--jsx' flag is provided.
src/pages/UnitOperations.tsx(4161,11): error TS17004: Cannot use JSX unless the '--jsx' flag is provided.
src/pages/UnitOperations.tsx(4162,13): error TS17004: Cannot use JSX unless the '--jsx' flag is provided.
src/pages/UnitOperations.tsx(4164,11): error TS17004: Cannot use JSX unless the '--jsx' flag is provided.
src/pages/UnitOperations.tsx(4165,13): error TS17004: Cannot use JSX unless the '--jsx' flag is provided.
src/pages/UnitOperations.tsx(4167,11): error TS17004: Cannot use JSX unless the '--jsx' flag is provided.
src/pages/UnitOperations.tsx(4168,13): error TS17004: Cannot use JSX unless the '--jsx' flag is provided.
src/pages/UnitOperations.tsx(4168,14): error TS2322: Type '{ selected: Date; onChange: (d: [Date, Date]) => void; dateFormat: string; placeholderText: string; className: string; showYearDropdown: true; showMonthDropdown: true; dropdownMode: string; disabled: boolean; }' is not assignable to type 'IntrinsicAttributes & (IntrinsicClassAttributes<DatePicker> & Readonly<DatePickerProps>)'.
  Property 'selectsMultiple' is missing in type '{ selected: Date; onChange: (d: [Date, Date]) => void; dateFormat: string; placeholderText: string; className: string; showYearDropdown: true; showMonthDropdown: true; dropdownMode: string; disabled: boolean; }' but required in type 'Readonly<Omit<React.ComponentPropsWithoutRef<typeof Calendar>, "container" | "className" | "onSelect" | "dateFormat" | "highlightDates" | "holidays" | "shouldFocusDayInline" | "handleOnKeyDown" | "preSelection" | ... 11 more ... | "dropdownMode"> & ... 4 more ... & { ...; }>'.
src/pages/UnitOperations.tsx(4168,80): error TS2345: Argument of type '[Date, Date]' is not assignable to parameter of type 'SetStateAction<Date>'.
  Type '[Date, Date]' is not assignable to type 'Date'.
src/pages/UnitOperations.tsx(4173,9): error TS17004: Cannot use JSX unless the '--jsx' flag is provided.
src/pages/UnitOperations.tsx(4174,11): error TS17004: Cannot use JSX unless the '--jsx' flag is provided.
src/pages/UnitOperations.tsx(4175,13): error TS17004: Cannot use JSX unless the '--jsx' flag is provided.
src/pages/UnitOperations.tsx(4177,92): error TS2550: Property 'find' does not exist on type 'Record<string, string>[]'. Do you need to change your target library? Try changing the 'lib' compiler option to 'es2015' or later.
src/pages/UnitOperations.tsx(4185,11): error TS17004: Cannot use JSX unless the '--jsx' flag is provided.
src/pages/UnitOperations.tsx(4186,13): error TS17004: Cannot use JSX unless the '--jsx' flag is provided.
src/pages/UnitOperations.tsx(4187,13): error TS17004: Cannot use JSX unless the '--jsx' flag is provided.
src/pages/UnitOperations.tsx(4190,11): error TS17004: Cannot use JSX unless the '--jsx' flag is provided.
src/pages/UnitOperations.tsx(4191,13): error TS17004: Cannot use JSX unless the '--jsx' flag is provided.
src/pages/UnitOperations.tsx(4192,13): error TS17004: Cannot use JSX unless the '--jsx' flag is provided.
src/pages/UnitOperations.tsx(4193,15): error TS17004: Cannot use JSX unless the '--jsx' flag is provided.
src/pages/UnitOperations.tsx(4194,15): error TS17004: Cannot use JSX unless the '--jsx' flag is provided.
src/pages/UnitOperations.tsx(4200,9): error TS17004: Cannot use JSX unless the '--jsx' flag is provided.
src/pages/UnitOperations.tsx(4201,11): error TS17004: Cannot use JSX unless the '--jsx' flag is provided.
src/pages/UnitOperations.tsx(4202,13): error TS17004: Cannot use JSX unless the '--jsx' flag is provided.
src/pages/UnitOperations.tsx(4212,11): error TS17004: Cannot use JSX unless the '--jsx' flag is provided.
src/pages/UnitOperations.tsx(4213,13): error TS17004: Cannot use JSX unless the '--jsx' flag is provided.
src/pages/UnitOperations.tsx(4215,83): error TS2550: Property 'find' does not exist on type 'Record<string, string>[]'. Do you need to change your target library? Try changing the 'lib' compiler option to 'es2015' or later.
src/pages/UnitOperations.tsx(4226,9): error TS17004: Cannot use JSX unless the '--jsx' flag is provided.
src/pages/UnitOperations.tsx(4227,11): error TS17004: Cannot use JSX unless the '--jsx' flag is provided.
src/pages/UnitOperations.tsx(4228,13): error TS17004: Cannot use JSX unless the '--jsx' flag is provided.
src/pages/UnitOperations.tsx(4233,9): error TS17004: Cannot use JSX unless the '--jsx' flag is provided.
src/pages/UnitOperations.tsx(4234,11): error TS17004: Cannot use JSX unless the '--jsx' flag is provided.
src/pages/UnitOperations.tsx(4235,13): error TS17004: Cannot use JSX unless the '--jsx' flag is provided.
src/pages/UnitOperations.tsx(4241,7): error TS17004: Cannot use JSX unless the '--jsx' flag is provided.
src/pages/UnitOperations.tsx(4244,7): error TS17004: Cannot use JSX unless the '--jsx' flag is provided.
src/pages/UnitOperations.tsx(4246,9): error TS17004: Cannot use JSX unless the '--jsx' flag is provided.
src/pages/UnitOperations.tsx(4248,13): error TS17004: Cannot use JSX unless the '--jsx' flag is provided.
src/pages/UnitOperations.tsx(4262,9): error TS17004: Cannot use JSX unless the '--jsx' flag is provided.
src/pages/UnitOperations.tsx(4266,13): error TS17004: Cannot use JSX unless the '--jsx' flag is provided.
src/pages/UnitOperations.tsx(4267,15): error TS17004: Cannot use JSX unless the '--jsx' flag is provided.
src/pages/UnitOperations.tsx(4273,13): error TS17004: Cannot use JSX unless the '--jsx' flag is provided.
src/pages/UnitOperations.tsx(4274,15): error TS17004: Cannot use JSX unless the '--jsx' flag is provided.
src/pages/UnitOperations.tsx(4275,15): error TS17004: Cannot use JSX unless the '--jsx' flag is provided.
src/pages/UnitOperations.tsx(4276,17): error TS17004: Cannot use JSX unless the '--jsx' flag is provided.
src/pages/UnitOperations.tsx(4283,13): error TS17004: Cannot use JSX unless the '--jsx' flag is provided.
src/pages/UnitOperations.tsx(4284,15): error TS17004: Cannot use JSX unless the '--jsx' flag is provided.
src/pages/UnitOperations.tsx(4285,17): error TS17004: Cannot use JSX unless the '--jsx' flag is provided.
src/pages/UnitOperations.tsx(4286,17): error TS17004: Cannot use JSX unless the '--jsx' flag is provided.
src/pages/UnitOperations.tsx(4287,19): error TS17004: Cannot use JSX unless the '--jsx' flag is provided.
src/pages/UnitOperations.tsx(4288,21): error TS17004: Cannot use JSX unless the '--jsx' flag is provided.
src/pages/UnitOperations.tsx(4289,21): error TS17004: Cannot use JSX unless the '--jsx' flag is provided.
src/pages/UnitOperations.tsx(4290,23): error TS17004: Cannot use JSX unless the '--jsx' flag is provided.
src/pages/UnitOperations.tsx(4290,122): error TS2550: Property 'find' does not exist on type 'Record<string, string>[]'. Do you need to change your target library? Try changing the 'lib' compiler option to 'es2015' or later.
src/pages/UnitOperations.tsx(4293,19): error TS17004: Cannot use JSX unless the '--jsx' flag is provided.
src/pages/UnitOperations.tsx(4294,21): error TS17004: Cannot use JSX unless the '--jsx' flag is provided.
src/pages/UnitOperations.tsx(4295,21): error TS17004: Cannot use JSX unless the '--jsx' flag is provided.
src/pages/UnitOperations.tsx(4296,23): error TS17004: Cannot use JSX unless the '--jsx' flag is provided.
src/pages/UnitOperations.tsx(4296,134): error TS2550: Property 'find' does not exist on type 'Record<string, string>[]'. Do you need to change your target library? Try changing the 'lib' compiler option to 'es2015' or later.
src/pages/UnitOperations.tsx(4299,19): error TS17004: Cannot use JSX unless the '--jsx' flag is provided.
src/pages/UnitOperations.tsx(4300,21): error TS17004: Cannot use JSX unless the '--jsx' flag is provided.
src/pages/UnitOperations.tsx(4301,21): error TS17004: Cannot use JSX unless the '--jsx' flag is provided.
src/pages/UnitOperations.tsx(4302,23): error TS17004: Cannot use JSX unless the '--jsx' flag is provided.
src/pages/UnitOperations.tsx(4302,118): error TS2550: Property 'find' does not exist on type 'Record<string, string>[]'. Do you need to change your target library? Try changing the 'lib' compiler option to 'es2015' or later.
src/pages/UnitOperations.tsx(4308,15): error TS17004: Cannot use JSX unless the '--jsx' flag is provided.
src/pages/UnitOperations.tsx(4309,17): error TS17004: Cannot use JSX unless the '--jsx' flag is provided.
src/pages/UnitOperations.tsx(4310,17): error TS17004: Cannot use JSX unless the '--jsx' flag is provided.
src/pages/UnitOperations.tsx(4311,19): error TS17004: Cannot use JSX unless the '--jsx' flag is provided.
src/pages/UnitOperations.tsx(4312,21): error TS17004: Cannot use JSX unless the '--jsx' flag is provided.
src/pages/UnitOperations.tsx(4313,21): error TS17004: Cannot use JSX unless the '--jsx' flag is provided.
src/pages/UnitOperations.tsx(4314,23): error TS17004: Cannot use JSX unless the '--jsx' flag is provided.
src/pages/UnitOperations.tsx(4314,128): error TS2550: Property 'find' does not exist on type 'Record<string, string>[]'. Do you need to change your target library? Try changing the 'lib' compiler option to 'es2015' or later.
src/pages/UnitOperations.tsx(4317,19): error TS17004: Cannot use JSX unless the '--jsx' flag is provided.
src/pages/UnitOperations.tsx(4318,21): error TS17004: Cannot use JSX unless the '--jsx' flag is provided.
src/pages/UnitOperations.tsx(4319,21): error TS17004: Cannot use JSX unless the '--jsx' flag is provided.
src/pages/UnitOperations.tsx(4320,23): error TS17004: Cannot use JSX unless the '--jsx' flag is provided.
src/pages/UnitOperations.tsx(4320,140): error TS2550: Property 'find' does not exist on type 'Record<string, string>[]'. Do you need to change your target library? Try changing the 'lib' compiler option to 'es2015' or later.
src/pages/UnitOperations.tsx(4323,19): error TS17004: Cannot use JSX unless the '--jsx' flag is provided.
src/pages/UnitOperations.tsx(4324,21): error TS17004: Cannot use JSX unless the '--jsx' flag is provided.
src/pages/UnitOperations.tsx(4325,21): error TS17004: Cannot use JSX unless the '--jsx' flag is provided.
src/pages/UnitOperations.tsx(4326,23): error TS17004: Cannot use JSX unless the '--jsx' flag is provided.
src/pages/UnitOperations.tsx(4326,124): error TS2550: Property 'find' does not exist on type 'Record<string, string>[]'. Do you need to change your target library? Try changing the 'lib' compiler option to 'es2015' or later.
src/pages/UnitOperations.tsx(4337,9): error TS17004: Cannot use JSX unless the '--jsx' flag is provided.
src/pages/UnitOperations.tsx(4338,11): error TS17004: Cannot use JSX unless the '--jsx' flag is provided.
src/pages/UnitOperations.tsx(4340,11): error TS17004: Cannot use JSX unless the '--jsx' flag is provided.
src/pages/UnitOperations.tsx(4342,15): error TS17004: Cannot use JSX unless the '--jsx' flag is provided.
src/pages/UnitOperations.tsx(4351,13): error TS17004: Cannot use JSX unless the '--jsx' flag is provided.
src/pages/UnitOperations.tsx(4359,11): error TS17004: Cannot use JSX unless the '--jsx' flag is provided.
src/pages/UnitOperations.tsx(4360,13): error TS17004: Cannot use JSX unless the '--jsx' flag is provided.
src/pages/UnitOperations.tsx(4361,15): error TS17004: Cannot use JSX unless the '--jsx' flag is provided.
src/pages/UnitOperations.tsx(4362,17): error TS17004: Cannot use JSX unless the '--jsx' flag is provided.
src/pages/UnitOperations.tsx(4364,21): error TS17004: Cannot use JSX unless the '--jsx' flag is provided.
src/pages/UnitOperations.tsx(4368,15): error TS17004: Cannot use JSX unless the '--jsx' flag is provided.
src/pages/UnitOperations.tsx(4370,21): error TS17004: Cannot use JSX unless the '--jsx' flag is provided.
src/pages/UnitOperations.tsx(4370,25): error TS17004: Cannot use JSX unless the '--jsx' flag is provided.
src/pages/UnitOperations.tsx(4372,21): error TS17004: Cannot use JSX unless the '--jsx' flag is provided.
src/pages/UnitOperations.tsx(4373,23): error TS17004: Cannot use JSX unless the '--jsx' flag is provided.
src/pages/UnitOperations.tsx(4374,23): error TS17004: Cannot use JSX unless the '--jsx' flag is provided.
src/pages/UnitOperations.tsx(4375,23): error TS17004: Cannot use JSX unless the '--jsx' flag is provided.
src/pages/UnitOperations.tsx(4376,23): error TS17004: Cannot use JSX unless the '--jsx' flag is provided.
src/pages/UnitOperations.tsx(4377,23): error TS17004: Cannot use JSX unless the '--jsx' flag is provided.
src/pages/UnitOperations.tsx(4378,23): error TS17004: Cannot use JSX unless the '--jsx' flag is provided.
src/pages/UnitOperations.tsx(4384,11): error TS17004: Cannot use JSX unless the '--jsx' flag is provided.
src/pages/UnitOperations.tsx(4455,5): error TS17004: Cannot use JSX unless the '--jsx' flag is provided.
src/pages/UnitOperations.tsx(4456,7): error TS17004: Cannot use JSX unless the '--jsx' flag is provided.
src/pages/UnitOperations.tsx(4457,7): error TS17004: Cannot use JSX unless the '--jsx' flag is provided.
src/pages/UnitOperations.tsx(4462,5): error TS17004: Cannot use JSX unless the '--jsx' flag is provided.
src/pages/UnitOperations.tsx(4464,7): error TS17004: Cannot use JSX unless the '--jsx' flag is provided.
src/pages/UnitOperations.tsx(4471,7): error TS17004: Cannot use JSX unless the '--jsx' flag is provided.
src/pages/UnitOperations.tsx(4479,7): error TS17004: Cannot use JSX unless the '--jsx' flag is provided.
src/pages/UnitOperations.tsx(4480,9): error TS17004: Cannot use JSX unless the '--jsx' flag is provided.
src/pages/UnitOperations.tsx(4481,11): error TS17004: Cannot use JSX unless the '--jsx' flag is provided.
src/pages/UnitOperations.tsx(4483,9): error TS17004: Cannot use JSX unless the '--jsx' flag is provided.
src/pages/UnitOperations.tsx(4484,11): error TS17004: Cannot use JSX unless the '--jsx' flag is provided.
src/pages/UnitOperations.tsx(4488,7): error TS17004: Cannot use JSX unless the '--jsx' flag is provided.
src/pages/UnitOperations.tsx(4490,9): error TS17004: Cannot use JSX unless the '--jsx' flag is provided.
src/pages/UnitOperations.tsx(4491,11): error TS17004: Cannot use JSX unless the '--jsx' flag is provided.
src/pages/UnitOperations.tsx(4492,13): error TS17004: Cannot use JSX unless the '--jsx' flag is provided.
src/pages/UnitOperations.tsx(4493,13): error TS17004: Cannot use JSX unless the '--jsx' flag is provided.
src/pages/UnitOperations.tsx(4501,11): error TS17004: Cannot use JSX unless the '--jsx' flag is provided.
src/pages/UnitOperations.tsx(4502,13): error TS17004: Cannot use JSX unless the '--jsx' flag is provided.
src/pages/UnitOperations.tsx(4503,13): error TS17004: Cannot use JSX unless the '--jsx' flag is provided.
src/pages/UnitOperations.tsx(4511,11): error TS17004: Cannot use JSX unless the '--jsx' flag is provided.
src/pages/UnitOperations.tsx(4511,37): error TS17004: Cannot use JSX unless the '--jsx' flag is provided.
src/pages/UnitOperations.tsx(4512,11): error TS17004: Cannot use JSX unless the '--jsx' flag is provided.
src/pages/UnitOperations.tsx(4512,39): error TS17004: Cannot use JSX unless the '--jsx' flag is provided.
src/pages/UnitOperations.tsx(4513,11): error TS17004: Cannot use JSX unless the '--jsx' flag is provided.
src/pages/UnitOperations.tsx(4513,45): error TS17004: Cannot use JSX unless the '--jsx' flag is provided.
src/pages/UnitOperations.tsx(4517,9): error TS17004: Cannot use JSX unless the '--jsx' flag is provided.
src/pages/UnitOperations.tsx(4518,11): error TS17004: Cannot use JSX unless the '--jsx' flag is provided.
src/pages/UnitOperations.tsx(4519,13): error TS17004: Cannot use JSX unless the '--jsx' flag is provided.
src/pages/UnitOperations.tsx(4521,11): error TS17004: Cannot use JSX unless the '--jsx' flag is provided.
src/pages/UnitOperations.tsx(4522,13): error TS17004: Cannot use JSX unless the '--jsx' flag is provided.
src/pages/UnitOperations.tsx(4524,11): error TS17004: Cannot use JSX unless the '--jsx' flag is provided.
src/pages/UnitOperations.tsx(4525,13): error TS17004: Cannot use JSX unless the '--jsx' flag is provided.
src/pages/UnitOperations.tsx(4532,11): error TS17004: Cannot use JSX unless the '--jsx' flag is provided.
src/pages/UnitOperations.tsx(4533,13): error TS17004: Cannot use JSX unless the '--jsx' flag is provided.
src/pages/UnitOperations.tsx(4533,14): error TS2322: Type '{ selected: Date; onChange: (d: [Date, Date]) => void; dateFormat: string; className: string; disabled: boolean; }' is not assignable to type 'IntrinsicAttributes & (IntrinsicClassAttributes<DatePicker> & Readonly<DatePickerProps>)'.
  Property 'selectsMultiple' is missing in type '{ selected: Date; onChange: (d: [Date, Date]) => void; dateFormat: string; className: string; disabled: boolean; }' but required in type 'Readonly<Omit<React.ComponentPropsWithoutRef<typeof Calendar>, "container" | "className" | "onSelect" | "dateFormat" | "highlightDates" | "holidays" | "shouldFocusDayInline" | "handleOnKeyDown" | "preSelection" | ... 11 more ... | "dropdownMode"> & ... 4 more ... & { ...; }>'.
src/pages/UnitOperations.tsx(4533,78): error TS2345: Argument of type '[Date, Date]' is not assignable to parameter of type 'SetStateAction<Date>'.
  Type '[Date, Date]' is not assignable to type 'Date'.
src/pages/UnitOperations.tsx(4535,11): error TS17004: Cannot use JSX unless the '--jsx' flag is provided.
src/pages/UnitOperations.tsx(4536,13): error TS17004: Cannot use JSX unless the '--jsx' flag is provided.
src/pages/UnitOperations.tsx(4551,9): error TS17004: Cannot use JSX unless the '--jsx' flag is provided.
src/pages/UnitOperations.tsx(4552,11): error TS17004: Cannot use JSX unless the '--jsx' flag is provided.
src/pages/UnitOperations.tsx(4553,13): error TS17004: Cannot use JSX unless the '--jsx' flag is provided.
src/pages/UnitOperations.tsx(4559,7): error TS17004: Cannot use JSX unless the '--jsx' flag is provided.
src/pages/UnitOperations.tsx(4560,9): error TS17004: Cannot use JSX unless the '--jsx' flag is provided.
src/pages/UnitOperations.tsx(4561,9): error TS17004: Cannot use JSX unless the '--jsx' flag is provided.
src/pages/UnitOperations.tsx(4562,11): error TS17004: Cannot use JSX unless the '--jsx' flag is provided.
src/pages/UnitOperations.tsx(4562,37): error TS17004: Cannot use JSX unless the '--jsx' flag is provided.
src/pages/UnitOperations.tsx(4563,11): error TS17004: Cannot use JSX unless the '--jsx' flag is provided.
src/pages/UnitOperations.tsx(4564,13): error TS17004: Cannot use JSX unless the '--jsx' flag is provided.
src/pages/UnitOperations.tsx(4565,13): error TS17004: Cannot use JSX unless the '--jsx' flag is provided.
src/pages/UnitOperations.tsx(4567,11): error TS17004: Cannot use JSX unless the '--jsx' flag is provided.
src/pages/UnitOperations.tsx(4568,13): error TS17004: Cannot use JSX unless the '--jsx' flag is provided.
src/pages/UnitOperations.tsx(4569,13): error TS17004: Cannot use JSX unless the '--jsx' flag is provided.
src/pages/UnitOperations.tsx(4575,7): error TS17004: Cannot use JSX unless the '--jsx' flag is provided.
src/pages/UnitOperations.tsx(4578,7): error TS17004: Cannot use JSX unless the '--jsx' flag is provided.
src/pages/UnitOperations.tsx(4579,9): error TS17004: Cannot use JSX unless the '--jsx' flag is provided.
src/pages/UnitOperations.tsx(4581,13): error TS17004: Cannot use JSX unless the '--jsx' flag is provided.
src/pages/UnitOperations.tsx(4605,9): error TS17004: Cannot use JSX unless the '--jsx' flag is provided.
src/pages/UnitOperations.tsx(4607,13): error TS17004: Cannot use JSX unless the '--jsx' flag is provided.
src/pages/UnitOperations.tsx(4608,15): error TS17004: Cannot use JSX unless the '--jsx' flag is provided.
src/pages/UnitOperations.tsx(4609,17): error TS17004: Cannot use JSX unless the '--jsx' flag is provided.
src/pages/UnitOperations.tsx(4610,17): error TS17004: Cannot use JSX unless the '--jsx' flag is provided.
src/pages/UnitOperations.tsx(4611,17): error TS17004: Cannot use JSX unless the '--jsx' flag is provided.
src/pages/UnitOperations.tsx(4612,17): error TS17004: Cannot use JSX unless the '--jsx' flag is provided.
src/pages/UnitOperations.tsx(4613,17): error TS17004: Cannot use JSX unless the '--jsx' flag is provided.
src/pages/UnitOperations.tsx(4614,17): error TS17004: Cannot use JSX unless the '--jsx' flag is provided.
src/pages/UnitOperations.tsx(4615,17): error TS17004: Cannot use JSX unless the '--jsx' flag is provided.
src/pages/UnitOperations.tsx(4634,15): error TS17004: Cannot use JSX unless the '--jsx' flag is provided.
src/pages/UnitOperations.tsx(4635,17): error TS17004: Cannot use JSX unless the '--jsx' flag is provided.
src/pages/UnitOperations.tsx(4636,19): error TS17004: Cannot use JSX unless the '--jsx' flag is provided.
src/pages/UnitOperations.tsx(4637,21): error TS17004: Cannot use JSX unless the '--jsx' flag is provided.
src/pages/UnitOperations.tsx(4638,23): error TS17004: Cannot use JSX unless the '--jsx' flag is provided.
src/pages/UnitOperations.tsx(4639,23): error TS17004: Cannot use JSX unless the '--jsx' flag is provided.
src/pages/UnitOperations.tsx(4640,23): error TS17004: Cannot use JSX unless the '--jsx' flag is provided.
src/pages/UnitOperations.tsx(4641,23): error TS17004: Cannot use JSX unless the '--jsx' flag is provided.
src/pages/UnitOperations.tsx(4642,23): error TS17004: Cannot use JSX unless the '--jsx' flag is provided.
src/pages/UnitOperations.tsx(4643,23): error TS17004: Cannot use JSX unless the '--jsx' flag is provided.
src/pages/UnitOperations.tsx(4646,19): error TS17004: Cannot use JSX unless the '--jsx' flag is provided.
src/pages/UnitOperations.tsx(4648,23): error TS17004: Cannot use JSX unless the '--jsx' flag is provided.
src/pages/UnitOperations.tsx(4649,25): error TS17004: Cannot use JSX unless the '--jsx' flag is provided.
src/pages/UnitOperations.tsx(4655,25): error TS17004: Cannot use JSX unless the '--jsx' flag is provided.
src/pages/UnitOperations.tsx(4656,27): error TS17004: Cannot use JSX unless the '--jsx' flag is provided.
src/pages/UnitOperations.tsx(4657,27): error TS17004: Cannot use JSX unless the '--jsx' flag is provided.
src/pages/UnitOperations.tsx(4658,27): error TS17004: Cannot use JSX unless the '--jsx' flag is provided.
src/pages/UnitOperations.tsx(4659,27): error TS17004: Cannot use JSX unless the '--jsx' flag is provided.
src/pages/UnitOperations.tsx(4660,27): error TS17004: Cannot use JSX unless the '--jsx' flag is provided.
src/pages/UnitOperations.tsx(4661,27): error TS17004: Cannot use JSX unless the '--jsx' flag is provided.
src/pages/UnitOperations.tsx(4668,15): error TS17004: Cannot use JSX unless the '--jsx' flag is provided.
src/pages/UnitOperations.tsx(4672,13): error TS17004: Cannot use JSX unless the '--jsx' flag is provided.
src/pages/UnitOperations.tsx(4673,15): error TS17004: Cannot use JSX unless the '--jsx' flag is provided.
src/pages/UnitOperations.tsx(4674,17): error TS17004: Cannot use JSX unless the '--jsx' flag is provided.
src/pages/UnitOperations.tsx(4675,17): error TS17004: Cannot use JSX unless the '--jsx' flag is provided.
src/pages/UnitOperations.tsx(4676,17): error TS17004: Cannot use JSX unless the '--jsx' flag is provided.
src/pages/UnitOperations.tsx(4677,17): error TS17004: Cannot use JSX unless the '--jsx' flag is provided.
src/pages/UnitOperations.tsx(4678,17): error TS17004: Cannot use JSX unless the '--jsx' flag is provided.
src/pages/UnitOperations.tsx(4679,17): error TS17004: Cannot use JSX unless the '--jsx' flag is provided.
src/pages/UnitOperations.tsx(4680,17): error TS17004: Cannot use JSX unless the '--jsx' flag is provided.
src/pages/UnitOperations.tsx(4699,15): error TS17004: Cannot use JSX unless the '--jsx' flag is provided.
src/pages/UnitOperations.tsx(4700,17): error TS17004: Cannot use JSX unless the '--jsx' flag is provided.
src/pages/UnitOperations.tsx(4701,19): error TS17004: Cannot use JSX unless the '--jsx' flag is provided.
src/pages/UnitOperations.tsx(4702,21): error TS17004: Cannot use JSX unless the '--jsx' flag is provided.
src/pages/UnitOperations.tsx(4703,23): error TS17004: Cannot use JSX unless the '--jsx' flag is provided.
src/pages/UnitOperations.tsx(4704,23): error TS17004: Cannot use JSX unless the '--jsx' flag is provided.
src/pages/UnitOperations.tsx(4705,23): error TS17004: Cannot use JSX unless the '--jsx' flag is provided.
src/pages/UnitOperations.tsx(4706,23): error TS17004: Cannot use JSX unless the '--jsx' flag is provided.
src/pages/UnitOperations.tsx(4707,23): error TS17004: Cannot use JSX unless the '--jsx' flag is provided.
src/pages/UnitOperations.tsx(4708,23): error TS17004: Cannot use JSX unless the '--jsx' flag is provided.
src/pages/UnitOperations.tsx(4711,19): error TS17004: Cannot use JSX unless the '--jsx' flag is provided.
src/pages/UnitOperations.tsx(4713,23): error TS17004: Cannot use JSX unless the '--jsx' flag is provided.
src/pages/UnitOperations.tsx(4714,25): error TS17004: Cannot use JSX unless the '--jsx' flag is provided.
src/pages/UnitOperations.tsx(4720,25): error TS17004: Cannot use JSX unless the '--jsx' flag is provided.
src/pages/UnitOperations.tsx(4721,27): error TS17004: Cannot use JSX unless the '--jsx' flag is provided.
src/pages/UnitOperations.tsx(4722,27): error TS17004: Cannot use JSX unless the '--jsx' flag is provided.
src/pages/UnitOperations.tsx(4723,27): error TS17004: Cannot use JSX unless the '--jsx' flag is provided.
src/pages/UnitOperations.tsx(4724,27): error TS17004: Cannot use JSX unless the '--jsx' flag is provided.
src/pages/UnitOperations.tsx(4725,27): error TS17004: Cannot use JSX unless the '--jsx' flag is provided.
src/pages/UnitOperations.tsx(4726,27): error TS17004: Cannot use JSX unless the '--jsx' flag is provided.
src/pages/UnitOperations.tsx(4733,15): error TS17004: Cannot use JSX unless the '--jsx' flag is provided.
src/pages/UnitOperations.tsx(4795,5): error TS17004: Cannot use JSX unless the '--jsx' flag is provided.
src/pages/UnitOperations.tsx(4796,7): error TS17004: Cannot use JSX unless the '--jsx' flag is provided.
src/pages/UnitOperations.tsx(4797,7): error TS17004: Cannot use JSX unless the '--jsx' flag is provided.
src/pages/UnitOperations.tsx(4808,5): error TS17004: Cannot use JSX unless the '--jsx' flag is provided.
src/pages/UnitOperations.tsx(4811,7): error TS17004: Cannot use JSX unless the '--jsx' flag is provided.
src/pages/UnitOperations.tsx(4812,9): error TS17004: Cannot use JSX unless the '--jsx' flag is provided.
src/pages/UnitOperations.tsx(4813,11): error TS17004: Cannot use JSX unless the '--jsx' flag is provided.
src/pages/UnitOperations.tsx(4814,11): error TS17004: Cannot use JSX unless the '--jsx' flag is provided.
src/pages/UnitOperations.tsx(4815,13): error TS17004: Cannot use JSX unless the '--jsx' flag is provided.
src/pages/UnitOperations.tsx(4823,9): error TS17004: Cannot use JSX unless the '--jsx' flag is provided.
src/pages/UnitOperations.tsx(4840,7): error TS17004: Cannot use JSX unless the '--jsx' flag is provided.
src/pages/UnitOperations.tsx(4843,9): error TS17004: Cannot use JSX unless the '--jsx' flag is provided.
src/pages/UnitOperations.tsx(4844,11): error TS17004: Cannot use JSX unless the '--jsx' flag is provided.
src/pages/UnitOperations.tsx(4849,11): error TS17004: Cannot use JSX unless the '--jsx' flag is provided.
src/pages/UnitOperations.tsx(4850,13): error TS17004: Cannot use JSX unless the '--jsx' flag is provided.
src/pages/UnitOperations.tsx(4851,15): error TS17004: Cannot use JSX unless the '--jsx' flag is provided.
src/pages/UnitOperations.tsx(4851,16): error TS2322: Type '{ selected: Date; onChange: (d: [Date, Date]) => void; dateFormat: string; placeholderText: string; className: string; disabled: boolean; }' is not assignable to type 'IntrinsicAttributes & (IntrinsicClassAttributes<DatePicker> & Readonly<DatePickerProps>)'.
  Property 'selectsMultiple' is missing in type '{ selected: Date; onChange: (d: [Date, Date]) => void; dateFormat: string; placeholderText: string; className: string; disabled: boolean; }' but required in type 'Readonly<Omit<React.ComponentPropsWithoutRef<typeof Calendar>, "container" | "className" | "onSelect" | "dateFormat" | "highlightDates" | "holidays" | "shouldFocusDayInline" | "handleOnKeyDown" | "preSelection" | ... 11 more ... | "dropdownMode"> & ... 4 more ... & { ...; }>'.
src/pages/UnitOperations.tsx(4853,51): error TS2322: Type '[Date, Date]' is not assignable to type 'Date'.
src/pages/UnitOperations.tsx(4860,13): error TS17004: Cannot use JSX unless the '--jsx' flag is provided.
src/pages/UnitOperations.tsx(4868,11): error TS17004: Cannot use JSX unless the '--jsx' flag is provided.
src/pages/UnitOperations.tsx(4869,13): error TS17004: Cannot use JSX unless the '--jsx' flag is provided.
src/pages/UnitOperations.tsx(4870,15): error TS17004: Cannot use JSX unless the '--jsx' flag is provided.
src/pages/UnitOperations.tsx(4870,16): error TS2322: Type '{ selected: Date; onChange: (d: [Date, Date]) => void; dateFormat: string; placeholderText: string; className: string; disabled: boolean; }' is not assignable to type 'IntrinsicAttributes & (IntrinsicClassAttributes<DatePicker> & Readonly<DatePickerProps>)'.
  Property 'selectsMultiple' is missing in type '{ selected: Date; onChange: (d: [Date, Date]) => void; dateFormat: string; placeholderText: string; className: string; disabled: boolean; }' but required in type 'Readonly<Omit<React.ComponentPropsWithoutRef<typeof Calendar>, "container" | "className" | "onSelect" | "dateFormat" | "highlightDates" | "holidays" | "shouldFocusDayInline" | "handleOnKeyDown" | "preSelection" | ... 11 more ... | "dropdownMode"> & ... 4 more ... & { ...; }>'.
src/pages/UnitOperations.tsx(4872,51): error TS2322: Type '[Date, Date]' is not assignable to type 'Date'.
src/pages/UnitOperations.tsx(4881,11): error TS17004: Cannot use JSX unless the '--jsx' flag is provided.
src/pages/UnitOperations.tsx(4882,13): error TS17004: Cannot use JSX unless the '--jsx' flag is provided.
src/pages/UnitOperations.tsx(4886,11): error TS17004: Cannot use JSX unless the '--jsx' flag is provided.
src/pages/UnitOperations.tsx(4887,13): error TS17004: Cannot use JSX unless the '--jsx' flag is provided.
src/pages/UnitOperations.tsx(4888,15): error TS17004: Cannot use JSX unless the '--jsx' flag is provided.
src/pages/UnitOperations.tsx(4888,16): error TS2322: Type '{ selected: Date; onChange: (d: [Date, Date]) => void; dateFormat: string; placeholderText: string; className: string; disabled: boolean; }' is not assignable to type 'IntrinsicAttributes & (IntrinsicClassAttributes<DatePicker> & Readonly<DatePickerProps>)'.
  Property 'selectsMultiple' is missing in type '{ selected: Date; onChange: (d: [Date, Date]) => void; dateFormat: string; placeholderText: string; className: string; disabled: boolean; }' but required in type 'Readonly<Omit<React.ComponentPropsWithoutRef<typeof Calendar>, "container" | "className" | "onSelect" | "dateFormat" | "highlightDates" | "holidays" | "shouldFocusDayInline" | "handleOnKeyDown" | "preSelection" | ... 11 more ... | "dropdownMode"> & ... 4 more ... & { ...; }>'.
src/pages/UnitOperations.tsx(4890,51): error TS2322: Type '[Date, Date]' is not assignable to type 'Date'.
src/pages/UnitOperations.tsx(4897,13): error TS17004: Cannot use JSX unless the '--jsx' flag is provided.
src/pages/UnitOperations.tsx(4905,11): error TS17004: Cannot use JSX unless the '--jsx' flag is provided.
src/pages/UnitOperations.tsx(4906,13): error TS17004: Cannot use JSX unless the '--jsx' flag is provided.
src/pages/UnitOperations.tsx(4909,11): error TS17004: Cannot use JSX unless the '--jsx' flag is provided.
src/pages/UnitOperations.tsx(4910,13): error TS17004: Cannot use JSX unless the '--jsx' flag is provided.
src/pages/UnitOperations.tsx(4911,15): error TS17004: Cannot use JSX unless the '--jsx' flag is provided.
src/pages/UnitOperations.tsx(4911,16): error TS2322: Type '{ selected: Date; onChange: (d: [Date, Date]) => void; dateFormat: string; placeholderText: string; className: string; disabled: boolean; }' is not assignable to type 'IntrinsicAttributes & (IntrinsicClassAttributes<DatePicker> & Readonly<DatePickerProps>)'.
  Property 'selectsMultiple' is missing in type '{ selected: Date; onChange: (d: [Date, Date]) => void; dateFormat: string; placeholderText: string; className: string; disabled: boolean; }' but required in type 'Readonly<Omit<React.ComponentPropsWithoutRef<typeof Calendar>, "container" | "className" | "onSelect" | "dateFormat" | "highlightDates" | "holidays" | "shouldFocusDayInline" | "handleOnKeyDown" | "preSelection" | ... 11 more ... | "dropdownMode"> & ... 4 more ... & { ...; }>'.
src/pages/UnitOperations.tsx(4913,51): error TS2322: Type '[Date, Date]' is not assignable to type 'Date'.
src/pages/UnitOperations.tsx(4924,9): error TS17004: Cannot use JSX unless the '--jsx' flag is provided.
src/pages/UnitOperations.tsx(4925,11): error TS17004: Cannot use JSX unless the '--jsx' flag is provided.
src/pages/UnitOperations.tsx(4929,11): error TS17004: Cannot use JSX unless the '--jsx' flag is provided.
src/pages/UnitOperations.tsx(4930,13): error TS17004: Cannot use JSX unless the '--jsx' flag is provided.
src/pages/UnitOperations.tsx(4931,15): error TS17004: Cannot use JSX unless the '--jsx' flag is provided.
src/pages/UnitOperations.tsx(4931,16): error TS2322: Type '{ selected: Date; onChange: (d: [Date, Date]) => void; dateFormat: string; placeholderText: string; className: string; disabled: boolean; }' is not assignable to type 'IntrinsicAttributes & (IntrinsicClassAttributes<DatePicker> & Readonly<DatePickerProps>)'.
  Property 'selectsMultiple' is missing in type '{ selected: Date; onChange: (d: [Date, Date]) => void; dateFormat: string; placeholderText: string; className: string; disabled: boolean; }' but required in type 'Readonly<Omit<React.ComponentPropsWithoutRef<typeof Calendar>, "container" | "className" | "onSelect" | "dateFormat" | "highlightDates" | "holidays" | "shouldFocusDayInline" | "handleOnKeyDown" | "preSelection" | ... 11 more ... | "dropdownMode"> & ... 4 more ... & { ...; }>'.
src/pages/UnitOperations.tsx(4933,51): error TS2322: Type '[Date, Date]' is not assignable to type 'Date'.
src/pages/UnitOperations.tsx(4942,11): error TS17004: Cannot use JSX unless the '--jsx' flag is provided.
src/pages/UnitOperations.tsx(4943,13): error TS17004: Cannot use JSX unless the '--jsx' flag is provided.
src/pages/UnitOperations.tsx(4946,11): error TS17004: Cannot use JSX unless the '--jsx' flag is provided.
src/pages/UnitOperations.tsx(4947,13): error TS17004: Cannot use JSX unless the '--jsx' flag is provided.
src/pages/UnitOperations.tsx(4951,11): error TS17004: Cannot use JSX unless the '--jsx' flag is provided.
src/pages/UnitOperations.tsx(4952,13): error TS17004: Cannot use JSX unless the '--jsx' flag is provided.
src/pages/UnitOperations.tsx(4953,13): error TS17004: Cannot use JSX unless the '--jsx' flag is provided.
src/pages/UnitOperations.tsx(4959,7): error TS17004: Cannot use JSX unless the '--jsx' flag is provided.
src/pages/UnitOperations.tsx(4960,9): error TS17004: Cannot use JSX unless the '--jsx' flag is provided.
src/pages/UnitOperations.tsx(4963,9): error TS17004: Cannot use JSX unless the '--jsx' flag is provided.
src/pages/UnitOperations.tsx(4965,11): error TS17004: Cannot use JSX unless the '--jsx' flag is provided.
src/pages/UnitOperations.tsx(4966,13): error TS17004: Cannot use JSX unless the '--jsx' flag is provided.
src/pages/UnitOperations.tsx(4967,13): error TS17004: Cannot use JSX unless the '--jsx' flag is provided.
src/pages/UnitOperations.tsx(4973,15): error TS17004: Cannot use JSX unless the '--jsx' flag is provided.
src/pages/UnitOperations.tsx(4974,15): error TS17004: Cannot use JSX unless the '--jsx' flag is provided.
src/pages/UnitOperations.tsx(4976,13): error TS17004: Cannot use JSX unless the '--jsx' flag is provided.
src/pages/UnitOperations.tsx(4977,13): error TS17004: Cannot use JSX unless the '--jsx' flag is provided.
src/pages/UnitOperations.tsx(4985,11): error TS17004: Cannot use JSX unless the '--jsx' flag is provided.
src/pages/UnitOperations.tsx(4986,13): error TS17004: Cannot use JSX unless the '--jsx' flag is provided.
src/pages/UnitOperations.tsx(4987,13): error TS17004: Cannot use JSX unless the '--jsx' flag is provided.
src/pages/UnitOperations.tsx(4993,15): error TS17004: Cannot use JSX unless the '--jsx' flag is provided.
src/pages/UnitOperations.tsx(4994,15): error TS17004: Cannot use JSX unless the '--jsx' flag is provided.
src/pages/UnitOperations.tsx(4996,13): error TS17004: Cannot use JSX unless the '--jsx' flag is provided.
src/pages/UnitOperations.tsx(4997,13): error TS17004: Cannot use JSX unless the '--jsx' flag is provided.
src/pages/UnitOperations.tsx(5008,7): error TS17004: Cannot use JSX unless the '--jsx' flag is provided.
src/pages/UnitOperations.tsx(5014,9): error TS17004: Cannot use JSX unless the '--jsx' flag is provided.
src/pages/UnitOperations.tsx(5014,88): error TS17004: Cannot use JSX unless the '--jsx' flag is provided.
src/pages/UnitOperations.tsx(5015,9): error TS17004: Cannot use JSX unless the '--jsx' flag is provided.
src/pages/UnitOperations.tsx(5015,76): error TS17004: Cannot use JSX unless the '--jsx' flag is provided.
src/pages/UnitOperations.tsx(5016,9): error TS17004: Cannot use JSX unless the '--jsx' flag is provided.
src/pages/UnitOperations.tsx(5016,78): error TS17004: Cannot use JSX unless the '--jsx' flag is provided.
src/pages/UnitOperations.tsx(5017,9): error TS17004: Cannot use JSX unless the '--jsx' flag is provided.
src/pages/UnitOperations.tsx(5017,55): error TS17004: Cannot use JSX unless the '--jsx' flag is provided.
src/pages/UnitOperations.tsx(5018,9): error TS17004: Cannot use JSX unless the '--jsx' flag is provided.
src/pages/UnitOperations.tsx(5018,473): error TS17004: Cannot use JSX unless the '--jsx' flag is provided.
src/pages/UnitOperations.tsx(5019,9): error TS17004: Cannot use JSX unless the '--jsx' flag is provided.
src/pages/UnitOperations.tsx(5022,10): error TS17004: Cannot use JSX unless the '--jsx' flag is provided.
src/pages/UnitOperations.tsx(5024,9): error TS17004: Cannot use JSX unless the '--jsx' flag is provided.
src/pages/UnitOperations.tsx(5026,10): error TS17004: Cannot use JSX unless the '--jsx' flag is provided.
src/pages/UnitOperations.tsx(5027,9): error TS17004: Cannot use JSX unless the '--jsx' flag is provided.
src/pages/UnitOperations.tsx(5029,10): error TS17004: Cannot use JSX unless the '--jsx' flag is provided.
src/pages/UnitOperations.tsx(5077,5): error TS17004: Cannot use JSX unless the '--jsx' flag is provided.
src/pages/UnitOperations.tsx(5080,7): error TS17004: Cannot use JSX unless the '--jsx' flag is provided.
src/pages/UnitOperations.tsx(5082,9): error TS17004: Cannot use JSX unless the '--jsx' flag is provided.
src/pages/UnitOperations.tsx(5084,11): error TS17004: Cannot use JSX unless the '--jsx' flag is provided.
src/pages/UnitOperations.tsx(5085,13): error TS17004: Cannot use JSX unless the '--jsx' flag is provided.
src/pages/UnitOperations.tsx(5086,15): error TS17004: Cannot use JSX unless the '--jsx' flag is provided.
src/pages/UnitOperations.tsx(5087,15): error TS17004: Cannot use JSX unless the '--jsx' flag is provided.
src/pages/UnitOperations.tsx(5097,11): error TS17004: Cannot use JSX unless the '--jsx' flag is provided.
src/pages/UnitOperations.tsx(5098,13): error TS17004: Cannot use JSX unless the '--jsx' flag is provided.
src/pages/UnitOperations.tsx(5102,13): error TS17004: Cannot use JSX unless the '--jsx' flag is provided.
src/pages/UnitOperations.tsx(5103,15): error TS17004: Cannot use JSX unless the '--jsx' flag is provided.
src/pages/UnitOperations.tsx(5104,15): error TS17004: Cannot use JSX unless the '--jsx' flag is provided.
src/pages/UnitOperations.tsx(5104,16): error TS2322: Type '{ selected: Date; onChange: (d: [Date, Date]) => void; className: string; dateFormat: string; }' is not assignable to type 'IntrinsicAttributes & (IntrinsicClassAttributes<DatePicker> & Readonly<DatePickerProps>)'.
  Property 'selectsMultiple' is missing in type '{ selected: Date; onChange: (d: [Date, Date]) => void; className: string; dateFormat: string; }' but required in type 'Readonly<Omit<React.ComponentPropsWithoutRef<typeof Calendar>, "container" | "className" | "onSelect" | "dateFormat" | "highlightDates" | "holidays" | "shouldFocusDayInline" | "handleOnKeyDown" | "preSelection" | ... 11 more ... | "dropdownMode"> & ... 4 more ... & { ...; }>'.
src/pages/UnitOperations.tsx(5104,74): error TS2345: Argument of type '[Date, Date]' is not assignable to parameter of type 'SetStateAction<Date>'.
  Type '[Date, Date]' is not assignable to type 'Date'.
src/pages/UnitOperations.tsx(5105,15): error TS17004: Cannot use JSX unless the '--jsx' flag is provided.
src/pages/UnitOperations.tsx(5106,15): error TS17004: Cannot use JSX unless the '--jsx' flag is provided.
src/pages/UnitOperations.tsx(5106,16): error TS2322: Type '{ selected: Date; onChange: (d: [Date, Date]) => void; className: string; dateFormat: string; }' is not assignable to type 'IntrinsicAttributes & (IntrinsicClassAttributes<DatePicker> & Readonly<DatePickerProps>)'.
  Property 'selectsMultiple' is missing in type '{ selected: Date; onChange: (d: [Date, Date]) => void; className: string; dateFormat: string; }' but required in type 'Readonly<Omit<React.ComponentPropsWithoutRef<typeof Calendar>, "container" | "className" | "onSelect" | "dateFormat" | "highlightDates" | "holidays" | "shouldFocusDayInline" | "handleOnKeyDown" | "preSelection" | ... 11 more ... | "dropdownMode"> & ... 4 more ... & { ...; }>'.
src/pages/UnitOperations.tsx(5106,70): error TS2345: Argument of type '[Date, Date]' is not assignable to parameter of type 'SetStateAction<Date>'.
  Type '[Date, Date]' is not assignable to type 'Date'.
src/pages/UnitOperations.tsx(5112,9): error TS17004: Cannot use JSX unless the '--jsx' flag is provided.
src/pages/UnitOperations.tsx(5113,11): error TS17004: Cannot use JSX unless the '--jsx' flag is provided.
src/pages/UnitOperations.tsx(5114,13): error TS17004: Cannot use JSX unless the '--jsx' flag is provided.
src/pages/UnitOperations.tsx(5115,15): error TS17004: Cannot use JSX unless the '--jsx' flag is provided.
src/pages/UnitOperations.tsx(5116,17): error TS17004: Cannot use JSX unless the '--jsx' flag is provided.
src/pages/UnitOperations.tsx(5117,17): error TS17004: Cannot use JSX unless the '--jsx' flag is provided.
src/pages/UnitOperations.tsx(5118,17): error TS17004: Cannot use JSX unless the '--jsx' flag is provided.
src/pages/UnitOperations.tsx(5119,17): error TS17004: Cannot use JSX unless the '--jsx' flag is provided.
src/pages/UnitOperations.tsx(5120,17): error TS17004: Cannot use JSX unless the '--jsx' flag is provided.
src/pages/UnitOperations.tsx(5121,17): error TS17004: Cannot use JSX unless the '--jsx' flag is provided.
src/pages/UnitOperations.tsx(5122,17): error TS17004: Cannot use JSX unless the '--jsx' flag is provided.
src/pages/UnitOperations.tsx(5123,17): error TS17004: Cannot use JSX unless the '--jsx' flag is provided.
src/pages/UnitOperations.tsx(5126,13): error TS17004: Cannot use JSX unless the '--jsx' flag is provided.
src/pages/UnitOperations.tsx(5128,22): error TS2550: Property 'from' does not exist on type 'ArrayConstructor'. Do you need to change your target library? Try changing the 'lib' compiler option to 'es2015' or later.
src/pages/UnitOperations.tsx(5129,17): error TS17004: Cannot use JSX unless the '--jsx' flag is provided.
src/pages/UnitOperations.tsx(5130,26): error TS2550: Property 'from' does not exist on type 'ArrayConstructor'. Do you need to change your target library? Try changing the 'lib' compiler option to 'es2015' or later.
src/pages/UnitOperations.tsx(5131,21): error TS17004: Cannot use JSX unless the '--jsx' flag is provided.
src/pages/UnitOperations.tsx(5140,9): error TS17004: Cannot use JSX unless the '--jsx' flag is provided.
src/pages/UnitOperations.tsx(5141,11): error TS17004: Cannot use JSX unless the '--jsx' flag is provided.
src/pages/UnitOperations.tsx(5142,13): error TS17004: Cannot use JSX unless the '--jsx' flag is provided.
src/pages/UnitOperations.tsx(5143,15): error TS17004: Cannot use JSX unless the '--jsx' flag is provided.
src/pages/UnitOperations.tsx(5152,13): error TS17004: Cannot use JSX unless the '--jsx' flag is provided.
src/pages/UnitOperations.tsx(5153,15): error TS17004: Cannot use JSX unless the '--jsx' flag is provided.
src/pages/UnitOperations.tsx(5162,13): error TS17004: Cannot use JSX unless the '--jsx' flag is provided.
src/pages/UnitOperations.tsx(5163,15): error TS17004: Cannot use JSX unless the '--jsx' flag is provided.
src/pages/UnitOperations.tsx(5172,13): error TS17004: Cannot use JSX unless the '--jsx' flag is provided.
src/pages/UnitOperations.tsx(5173,15): error TS17004: Cannot use JSX unless the '--jsx' flag is provided.
src/pages/UnitOperations.tsx(5182,13): error TS17004: Cannot use JSX unless the '--jsx' flag is provided.
src/pages/UnitOperations.tsx(5186,9): error TS17004: Cannot use JSX unless the '--jsx' flag is provided.
src/pages/UnitOperations.tsx(5250,5): error TS17004: Cannot use JSX unless the '--jsx' flag is provided.
src/pages/UnitOperations.tsx(5256,7): error TS17004: Cannot use JSX unless the '--jsx' flag is provided.
src/pages/UnitOperations.tsx(5257,9): error TS17004: Cannot use JSX unless the '--jsx' flag is provided.
src/pages/UnitOperations.tsx(5258,11): error TS17004: Cannot use JSX unless the '--jsx' flag is provided.
src/pages/UnitOperations.tsx(5259,13): error TS17004: Cannot use JSX unless the '--jsx' flag is provided.
src/pages/UnitOperations.tsx(5261,17): error TS17004: Cannot use JSX unless the '--jsx' flag is provided.
src/pages/UnitOperations.tsx(5263,15): error TS17004: Cannot use JSX unless the '--jsx' flag is provided.
src/pages/UnitOperations.tsx(5266,11): error TS17004: Cannot use JSX unless the '--jsx' flag is provided.
src/pages/UnitOperations.tsx(5268,15): error TS17004: Cannot use JSX unless the '--jsx' flag is provided.
src/pages/UnitOperations.tsx(5270,19): error TS17004: Cannot use JSX unless the '--jsx' flag is provided.
src/pages/UnitOperations.tsx(5272,17): error TS17004: Cannot use JSX unless the '--jsx' flag is provided.
src/pages/UnitOperations.tsx(5282,5): error TS17004: Cannot use JSX unless the '--jsx' flag is provided.
src/pages/UnitOperations.tsx(5292,7): error TS17004: Cannot use JSX unless the '--jsx' flag is provided.
src/pages/UnitOperations.tsx(5294,9): error TS17004: Cannot use JSX unless the '--jsx' flag is provided.
src/pages/UnitOperations.tsx(5304,11): error TS17004: Cannot use JSX unless the '--jsx' flag is provided.
src/pages/UnitOperations.tsx(5305,13): error TS17004: Cannot use JSX unless the '--jsx' flag is provided.
src/pages/UnitOperations.tsx(5306,13): error TS17004: Cannot use JSX unless the '--jsx' flag is provided.
src/pages/UnitOperations.tsx(5307,15): error TS17004: Cannot use JSX unless the '--jsx' flag is provided.
src/pages/UnitOperations.tsx(5316,11): error TS17004: Cannot use JSX unless the '--jsx' flag is provided.
src/pages/UnitOperations.tsx(5317,13): error TS17004: Cannot use JSX unless the '--jsx' flag is provided.
src/pages/UnitOperations.tsx(5318,13): error TS17004: Cannot use JSX unless the '--jsx' flag is provided.
src/pages/UnitOperations.tsx(5318,14): error TS2322: Type '{ selected: Date; onChange: (date: [Date, Date]) => void; dateFormat: string; disabled: boolean; className: string; customInput: Element; }' is not assignable to type 'IntrinsicAttributes & (IntrinsicClassAttributes<DatePicker> & Readonly<DatePickerProps>)'.
  Property 'selectsMultiple' is missing in type '{ selected: Date; onChange: (date: [Date, Date]) => void; dateFormat: string; disabled: boolean; className: string; customInput: Element; }' but required in type 'Readonly<Omit<React.ComponentPropsWithoutRef<typeof Calendar>, "container" | "className" | "onSelect" | "dateFormat" | "highlightDates" | "holidays" | "shouldFocusDayInline" | "handleOnKeyDown" | "preSelection" | ... 11 more ... | "dropdownMode"> & ... 4 more ... & { ...; }>'.
src/pages/UnitOperations.tsx(5320,44): error TS2345: Argument of type '[Date, Date]' is not assignable to parameter of type 'SetStateAction<Date>'.
  Type '[Date, Date]' is not assignable to type 'Date'.
src/pages/UnitOperations.tsx(5325,17): error TS17004: Cannot use JSX unless the '--jsx' flag is provided.
src/pages/UnitOperations.tsx(5337,19): error TS17004: Cannot use JSX unless the '--jsx' flag is provided.
src/pages/UnitOperations.tsx(5343,11): error TS17004: Cannot use JSX unless the '--jsx' flag is provided.
src/pages/UnitOperations.tsx(5365,9): error TS17004: Cannot use JSX unless the '--jsx' flag is provided.
src/pages/UnitOperations.tsx(5366,11): error TS17004: Cannot use JSX unless the '--jsx' flag is provided.
src/pages/UnitOperations.tsx(5372,11): error TS17004: Cannot use JSX unless the '--jsx' flag is provided.
src/pages/UnitOperations.tsx(5382,11): error TS17004: Cannot use JSX unless the '--jsx' flag is provided.
src/pages/UnitOperations.tsx(5390,20): error TS2550: Property 'from' does not exist on type 'ArrayConstructor'. Do you need to change your target library? Try changing the 'lib' compiler option to 'es2015' or later.
src/pages/UnitOperations.tsx(5391,15): error TS17004: Cannot use JSX unless the '--jsx' flag is provided.
src/pages/UnitOperations.tsx(5399,13): error TS17004: Cannot use JSX unless the '--jsx' flag is provided.
src/pages/UnitOperations.tsx(5475,5): error TS17004: Cannot use JSX unless the '--jsx' flag is provided.
src/pages/UnitOperations.tsx(5477,7): error TS17004: Cannot use JSX unless the '--jsx' flag is provided.
src/pages/UnitOperations.tsx(5478,9): error TS17004: Cannot use JSX unless the '--jsx' flag is provided.
src/pages/UnitOperations.tsx(5479,11): error TS17004: Cannot use JSX unless the '--jsx' flag is provided.
src/pages/UnitOperations.tsx(5480,13): error TS17004: Cannot use JSX unless the '--jsx' flag is provided.
src/pages/UnitOperations.tsx(5481,15): error TS17004: Cannot use JSX unless the '--jsx' flag is provided.
src/pages/UnitOperations.tsx(5482,17): error TS17004: Cannot use JSX unless the '--jsx' flag is provided.
src/pages/UnitOperations.tsx(5483,17): error TS17004: Cannot use JSX unless the '--jsx' flag is provided.
src/pages/UnitOperations.tsx(5484,17): error TS17004: Cannot use JSX unless the '--jsx' flag is provided.
src/pages/UnitOperations.tsx(5485,17): error TS17004: Cannot use JSX unless the '--jsx' flag is provided.
src/pages/UnitOperations.tsx(5488,13): error TS17004: Cannot use JSX unless the '--jsx' flag is provided.
src/pages/UnitOperations.tsx(5490,17): error TS17004: Cannot use JSX unless the '--jsx' flag is provided.
src/pages/UnitOperations.tsx(5491,19): error TS17004: Cannot use JSX unless the '--jsx' flag is provided.
src/pages/UnitOperations.tsx(5492,19): error TS17004: Cannot use JSX unless the '--jsx' flag is provided.
src/pages/UnitOperations.tsx(5493,19): error TS17004: Cannot use JSX unless the '--jsx' flag is provided.
src/pages/UnitOperations.tsx(5494,19): error TS17004: Cannot use JSX unless the '--jsx' flag is provided.
src/pages/UnitOperations.tsx(5503,7): error TS17004: Cannot use JSX unless the '--jsx' flag is provided.
src/pages/UnitOperations.tsx(5504,9): error TS17004: Cannot use JSX unless the '--jsx' flag is provided.
src/pages/UnitOperations.tsx(5506,11): error TS17004: Cannot use JSX unless the '--jsx' flag is provided.
src/pages/UnitOperations.tsx(5507,13): error TS17004: Cannot use JSX unless the '--jsx' flag is provided.
src/pages/UnitOperations.tsx(5507,94): error TS17004: Cannot use JSX unless the '--jsx' flag is provided.
src/pages/UnitOperations.tsx(5508,13): error TS17004: Cannot use JSX unless the '--jsx' flag is provided.
src/pages/UnitOperations.tsx(5512,11): error TS17004: Cannot use JSX unless the '--jsx' flag is provided.
src/pages/UnitOperations.tsx(5513,13): error TS17004: Cannot use JSX unless the '--jsx' flag is provided.
src/pages/UnitOperations.tsx(5516,11): error TS17004: Cannot use JSX unless the '--jsx' flag is provided.
src/pages/UnitOperations.tsx(5517,13): error TS17004: Cannot use JSX unless the '--jsx' flag is provided.
src/pages/UnitOperations.tsx(5518,15): error TS17004: Cannot use JSX unless the '--jsx' flag is provided.
src/pages/UnitOperations.tsx(5519,15): error TS17004: Cannot use JSX unless the '--jsx' flag is provided.
src/pages/UnitOperations.tsx(5522,13): error TS17004: Cannot use JSX unless the '--jsx' flag is provided.
src/pages/UnitOperations.tsx(5523,15): error TS17004: Cannot use JSX unless the '--jsx' flag is provided.
src/pages/UnitOperations.tsx(5543,15): error TS17004: Cannot use JSX unless the '--jsx' flag is provided.
src/pages/UnitOperations.tsx(5629,5): error TS17004: Cannot use JSX unless the '--jsx' flag is provided.
src/pages/UnitOperations.tsx(5634,7): error TS17004: Cannot use JSX unless the '--jsx' flag is provided.
src/pages/UnitOperations.tsx(5635,9): error TS17004: Cannot use JSX unless the '--jsx' flag is provided.
src/pages/UnitOperations.tsx(5636,11): error TS17004: Cannot use JSX unless the '--jsx' flag is provided.
src/pages/UnitOperations.tsx(5637,13): error TS17004: Cannot use JSX unless the '--jsx' flag is provided.
src/pages/UnitOperations.tsx(5637,40): error TS17004: Cannot use JSX unless the '--jsx' flag is provided.
src/pages/UnitOperations.tsx(5639,11): error TS17004: Cannot use JSX unless the '--jsx' flag is provided.
src/pages/UnitOperations.tsx(5640,20): error TS2550: Property 'from' does not exist on type 'ArrayConstructor'. Do you need to change your target library? Try changing the 'lib' compiler option to 'es2015' or later.
src/pages/UnitOperations.tsx(5641,15): error TS17004: Cannot use JSX unless the '--jsx' flag is provided.
src/pages/UnitOperations.tsx(5646,40): error TS17004: Cannot use JSX unless the '--jsx' flag is provided.
src/pages/UnitOperations.tsx(5656,5): error TS17004: Cannot use JSX unless the '--jsx' flag is provided.
src/pages/UnitOperations.tsx(5659,7): error TS17004: Cannot use JSX unless the '--jsx' flag is provided.
src/pages/UnitOperations.tsx(5664,9): error TS17004: Cannot use JSX unless the '--jsx' flag is provided.
src/pages/UnitOperations.tsx(5667,11): error TS17004: Cannot use JSX unless the '--jsx' flag is provided.
src/pages/UnitOperations.tsx(5668,13): error TS17004: Cannot use JSX unless the '--jsx' flag is provided.
src/pages/UnitOperations.tsx(5669,13): error TS17004: Cannot use JSX unless the '--jsx' flag is provided.
src/pages/UnitOperations.tsx(5678,11): error TS17004: Cannot use JSX unless the '--jsx' flag is provided.
src/pages/UnitOperations.tsx(5679,13): error TS17004: Cannot use JSX unless the '--jsx' flag is provided.
src/pages/UnitOperations.tsx(5680,13): error TS17004: Cannot use JSX unless the '--jsx' flag is provided.
src/pages/UnitOperations.tsx(5691,17): error TS17004: Cannot use JSX unless the '--jsx' flag is provided.
src/pages/UnitOperations.tsx(5696,19): error TS17004: Cannot use JSX unless the '--jsx' flag is provided.
src/pages/UnitOperations.tsx(5710,11): error TS17004: Cannot use JSX unless the '--jsx' flag is provided.
src/pages/UnitOperations.tsx(5711,13): error TS17004: Cannot use JSX unless the '--jsx' flag is provided.
src/pages/UnitOperations.tsx(5712,13): error TS17004: Cannot use JSX unless the '--jsx' flag is provided.
src/pages/UnitOperations.tsx(5718,17): error TS17004: Cannot use JSX unless the '--jsx' flag is provided.
src/pages/UnitOperations.tsx(5722,19): error TS17004: Cannot use JSX unless the '--jsx' flag is provided.
src/pages/UnitOperations.tsx(5725,19): error TS17004: Cannot use JSX unless the '--jsx' flag is provided.
src/pages/UnitOperations.tsx(5732,11): error TS17004: Cannot use JSX unless the '--jsx' flag is provided.
src/pages/UnitOperations.tsx(5733,13): error TS17004: Cannot use JSX unless the '--jsx' flag is provided.
src/pages/UnitOperations.tsx(5734,13): error TS17004: Cannot use JSX unless the '--jsx' flag is provided.
src/pages/UnitOperations.tsx(5735,15): error TS17004: Cannot use JSX unless the '--jsx' flag is provided.
src/pages/UnitOperations.tsx(5743,15): error TS17004: Cannot use JSX unless the '--jsx' flag is provided.
src/pages/UnitOperations.tsx(5751,15): error TS17004: Cannot use JSX unless the '--jsx' flag is provided.
src/pages/UnitOperations.tsx(5760,17): error TS17004: Cannot use JSX unless the '--jsx' flag is provided.
src/pages/UnitOperations.tsx(5768,7): error TS17004: Cannot use JSX unless the '--jsx' flag is provided.
src/pages/UnitOperations.tsx(5769,9): error TS17004: Cannot use JSX unless the '--jsx' flag is provided.
src/pages/UnitOperations.tsx(5774,9): error TS17004: Cannot use JSX unless the '--jsx' flag is provided.
src/pages/UnitOperations.tsx(5775,11): error TS17004: Cannot use JSX unless the '--jsx' flag is provided.
src/pages/UnitOperations.tsx(5776,11): error TS17004: Cannot use JSX unless the '--jsx' flag is provided.
src/pages/UnitOperations.tsx(5777,11): error TS17004: Cannot use JSX unless the '--jsx' flag is provided.
src/pages/UnitOperations.tsx(5778,11): error TS17004: Cannot use JSX unless the '--jsx' flag is provided.
src/pages/UnitOperations.tsx(5783,7): error TS17004: Cannot use JSX unless the '--jsx' flag is provided.
src/pages/UnitOperations.tsx(5852,7): error TS17004: Cannot use JSX unless the '--jsx' flag is provided.
src/pages/UnitOperations.tsx(5854,11): error TS17004: Cannot use JSX unless the '--jsx' flag is provided.
src/pages/UnitOperations.tsx(5855,13): error TS17004: Cannot use JSX unless the '--jsx' flag is provided.
src/pages/UnitOperations.tsx(5866,13): error TS17004: Cannot use JSX unless the '--jsx' flag is provided.
src/pages/UnitOperations.tsx(5876,9): error TS17004: Cannot use JSX unless the '--jsx' flag is provided.
src/pages/UnitOperations.tsx(5877,11): error TS17004: Cannot use JSX unless the '--jsx' flag is provided.
src/pages/UnitOperations.tsx(5884,7): error TS17004: Cannot use JSX unless the '--jsx' flag is provided.
src/pages/UnitOperations.tsx(5885,9): error TS17004: Cannot use JSX unless the '--jsx' flag is provided.
src/pages/UnitOperations.tsx(5899,5): error TS17004: Cannot use JSX unless the '--jsx' flag is provided.
src/pages/UnitOperations.tsx(5901,7): error TS17004: Cannot use JSX unless the '--jsx' flag is provided.
src/pages/UnitOperations.tsx(5902,9): error TS17004: Cannot use JSX unless the '--jsx' flag is provided.
src/pages/UnitOperations.tsx(5904,11): error TS17004: Cannot use JSX unless the '--jsx' flag is provided.
src/pages/UnitOperations.tsx(5905,13): error TS17004: Cannot use JSX unless the '--jsx' flag is provided.
src/pages/UnitOperations.tsx(5906,13): error TS17004: Cannot use JSX unless the '--jsx' flag is provided.
src/pages/UnitOperations.tsx(5907,15): error TS17004: Cannot use JSX unless the '--jsx' flag is provided.
src/pages/UnitOperations.tsx(5908,15): error TS17004: Cannot use JSX unless the '--jsx' flag is provided.
src/pages/UnitOperations.tsx(5912,11): error TS17004: Cannot use JSX unless the '--jsx' flag is provided.
src/pages/UnitOperations.tsx(5913,13): error TS17004: Cannot use JSX unless the '--jsx' flag is provided.
src/pages/UnitOperations.tsx(5914,13): error TS17004: Cannot use JSX unless the '--jsx' flag is provided.
src/pages/UnitOperations.tsx(5922,11): error TS17004: Cannot use JSX unless the '--jsx' flag is provided.
src/pages/UnitOperations.tsx(5923,13): error TS17004: Cannot use JSX unless the '--jsx' flag is provided.
src/pages/UnitOperations.tsx(5924,13): error TS17004: Cannot use JSX unless the '--jsx' flag is provided.
src/pages/UnitOperations.tsx(5927,11): error TS17004: Cannot use JSX unless the '--jsx' flag is provided.
src/pages/UnitOperations.tsx(5928,13): error TS17004: Cannot use JSX unless the '--jsx' flag is provided.
src/pages/UnitOperations.tsx(5929,13): error TS17004: Cannot use JSX unless the '--jsx' flag is provided.
src/pages/UnitOperations.tsx(5935,7): error TS17004: Cannot use JSX unless the '--jsx' flag is provided.
src/pages/UnitOperations.tsx(5936,9): error TS17004: Cannot use JSX unless the '--jsx' flag is provided.
src/pages/UnitOperations.tsx(5952,7): error TS17004: Cannot use JSX unless the '--jsx' flag is provided.
src/pages/UnitOperations.tsx(5954,9): error TS17004: Cannot use JSX unless the '--jsx' flag is provided.
src/pages/UnitOperations.tsx(5955,11): error TS17004: Cannot use JSX unless the '--jsx' flag is provided.
src/pages/UnitOperations.tsx(5956,13): error TS17004: Cannot use JSX unless the '--jsx' flag is provided.
src/pages/UnitOperations.tsx(5957,13): error TS17004: Cannot use JSX unless the '--jsx' flag is provided.
src/pages/UnitOperations.tsx(5959,11): error TS17004: Cannot use JSX unless the '--jsx' flag is provided.
src/pages/UnitOperations.tsx(5960,13): error TS17004: Cannot use JSX unless the '--jsx' flag is provided.
src/pages/UnitOperations.tsx(5961,13): error TS17004: Cannot use JSX unless the '--jsx' flag is provided.
src/pages/UnitOperations.tsx(5963,11): error TS17004: Cannot use JSX unless the '--jsx' flag is provided.
src/pages/UnitOperations.tsx(5964,13): error TS17004: Cannot use JSX unless the '--jsx' flag is provided.
src/pages/UnitOperations.tsx(5965,13): error TS17004: Cannot use JSX unless the '--jsx' flag is provided.
src/pages/UnitOperations.tsx(5966,15): error TS17004: Cannot use JSX unless the '--jsx' flag is provided.
src/pages/UnitOperations.tsx(5966,16): error TS2322: Type '{ selected: Date; onChange: (d: [Date, Date]) => void; className: string; disabled: boolean; }' is not assignable to type 'IntrinsicAttributes & (IntrinsicClassAttributes<DatePicker> & Readonly<DatePickerProps>)'.
  Property 'selectsMultiple' is missing in type '{ selected: Date; onChange: (d: [Date, Date]) => void; className: string; disabled: boolean; }' but required in type 'Readonly<Omit<React.ComponentPropsWithoutRef<typeof Calendar>, "container" | "className" | "onSelect" | "dateFormat" | "highlightDates" | "holidays" | "shouldFocusDayInline" | "handleOnKeyDown" | "preSelection" | ... 11 more ... | "dropdownMode"> & ... 4 more ... & { ...; }>'.
src/pages/UnitOperations.tsx(5967,15): error TS17004: Cannot use JSX unless the '--jsx' flag is provided.
src/pages/UnitOperations.tsx(5968,15): error TS17004: Cannot use JSX unless the '--jsx' flag is provided.
src/pages/UnitOperations.tsx(5968,16): error TS2322: Type '{ selected: Date; onChange: (d: [Date, Date]) => void; className: string; disabled: boolean; }' is not assignable to type 'IntrinsicAttributes & (IntrinsicClassAttributes<DatePicker> & Readonly<DatePickerProps>)'.
  Property 'selectsMultiple' is missing in type '{ selected: Date; onChange: (d: [Date, Date]) => void; className: string; disabled: boolean; }' but required in type 'Readonly<Omit<React.ComponentPropsWithoutRef<typeof Calendar>, "container" | "className" | "onSelect" | "dateFormat" | "highlightDates" | "holidays" | "shouldFocusDayInline" | "handleOnKeyDown" | "preSelection" | ... 11 more ... | "dropdownMode"> & ... 4 more ... & { ...; }>'.
src/pages/UnitOperations.tsx(5971,11): error TS17004: Cannot use JSX unless the '--jsx' flag is provided.
src/pages/UnitOperations.tsx(5972,13): error TS17004: Cannot use JSX unless the '--jsx' flag is provided.
src/pages/UnitOperations.tsx(5973,13): error TS17004: Cannot use JSX unless the '--jsx' flag is provided.
src/pages/UnitOperations.tsx(5974,15): error TS17004: Cannot use JSX unless the '--jsx' flag is provided.
src/pages/UnitOperations.tsx(5974,16): error TS2322: Type '{ selected: Date; onChange: (d: [Date, Date]) => void; className: string; disabled: boolean; }' is not assignable to type 'IntrinsicAttributes & (IntrinsicClassAttributes<DatePicker> & Readonly<DatePickerProps>)'.
  Property 'selectsMultiple' is missing in type '{ selected: Date; onChange: (d: [Date, Date]) => void; className: string; disabled: boolean; }' but required in type 'Readonly<Omit<React.ComponentPropsWithoutRef<typeof Calendar>, "container" | "className" | "onSelect" | "dateFormat" | "highlightDates" | "holidays" | "shouldFocusDayInline" | "handleOnKeyDown" | "preSelection" | ... 11 more ... | "dropdownMode"> & ... 4 more ... & { ...; }>'.
src/pages/UnitOperations.tsx(5975,15): error TS17004: Cannot use JSX unless the '--jsx' flag is provided.
src/pages/UnitOperations.tsx(5976,17): error TS17004: Cannot use JSX unless the '--jsx' flag is provided.
src/pages/UnitOperations.tsx(5981,11): error TS17004: Cannot use JSX unless the '--jsx' flag is provided.
src/pages/UnitOperations.tsx(5982,13): error TS17004: Cannot use JSX unless the '--jsx' flag is provided.
src/pages/UnitOperations.tsx(5983,13): error TS17004: Cannot use JSX unless the '--jsx' flag is provided.
src/pages/UnitOperations.tsx(5983,14): error TS2322: Type '{ selected: Date; onChange: (d: [Date, Date]) => void; className: string; disabled: boolean; }' is not assignable to type 'IntrinsicAttributes & (IntrinsicClassAttributes<DatePicker> & Readonly<DatePickerProps>)'.
  Property 'selectsMultiple' is missing in type '{ selected: Date; onChange: (d: [Date, Date]) => void; className: string; disabled: boolean; }' but required in type 'Readonly<Omit<React.ComponentPropsWithoutRef<typeof Calendar>, "container" | "className" | "onSelect" | "dateFormat" | "highlightDates" | "holidays" | "shouldFocusDayInline" | "handleOnKeyDown" | "preSelection" | ... 11 more ... | "dropdownMode"> & ... 4 more ... & { ...; }>'.
src/pages/UnitOperations.tsx(5985,11): error TS17004: Cannot use JSX unless the '--jsx' flag is provided.
src/pages/UnitOperations.tsx(5986,13): error TS17004: Cannot use JSX unless the '--jsx' flag is provided.
src/pages/UnitOperations.tsx(5987,13): error TS17004: Cannot use JSX unless the '--jsx' flag is provided.
src/pages/UnitOperations.tsx(5992,9): error TS17004: Cannot use JSX unless the '--jsx' flag is provided.
src/pages/UnitOperations.tsx(5993,11): error TS17004: Cannot use JSX unless the '--jsx' flag is provided.
src/pages/UnitOperations.tsx(5994,13): error TS17004: Cannot use JSX unless the '--jsx' flag is provided.
src/pages/UnitOperations.tsx(6008,11): error TS17004: Cannot use JSX unless the '--jsx' flag is provided.
src/pages/UnitOperations.tsx(6009,13): error TS17004: Cannot use JSX unless the '--jsx' flag is provided.
src/pages/UnitOperations.tsx(6010,15): error TS17004: Cannot use JSX unless the '--jsx' flag is provided.
src/pages/UnitOperations.tsx(6011,15): error TS17004: Cannot use JSX unless the '--jsx' flag is provided.
src/pages/UnitOperations.tsx(6013,83): error TS2550: Property 'find' does not exist on type 'Record<string, string>[]'. Do you need to change your target library? Try changing the 'lib' compiler option to 'es2015' or later.
src/pages/UnitOperations.tsx(6022,13): error TS17004: Cannot use JSX unless the '--jsx' flag is provided.
src/pages/UnitOperations.tsx(6023,15): error TS17004: Cannot use JSX unless the '--jsx' flag is provided.
src/pages/UnitOperations.tsx(6024,15): error TS17004: Cannot use JSX unless the '--jsx' flag is provided.
src/pages/UnitOperations.tsx(6026,13): error TS17004: Cannot use JSX unless the '--jsx' flag is provided.
src/pages/UnitOperations.tsx(6027,15): error TS17004: Cannot use JSX unless the '--jsx' flag is provided.
src/pages/UnitOperations.tsx(6028,15): error TS17004: Cannot use JSX unless the '--jsx' flag is provided.
src/pages/UnitOperations.tsx(6030,13): error TS17004: Cannot use JSX unless the '--jsx' flag is provided.
src/pages/UnitOperations.tsx(6031,15): error TS17004: Cannot use JSX unless the '--jsx' flag is provided.
src/pages/UnitOperations.tsx(6032,15): error TS17004: Cannot use JSX unless the '--jsx' flag is provided.
src/pages/UnitOperations.tsx(6039,7): error TS17004: Cannot use JSX unless the '--jsx' flag is provided.
src/pages/UnitOperations.tsx(6040,9): error TS17004: Cannot use JSX unless the '--jsx' flag is provided.
src/pages/UnitOperations.tsx(6041,11): error TS17004: Cannot use JSX unless the '--jsx' flag is provided.
src/pages/UnitOperations.tsx(6041,90): error TS17004: Cannot use JSX unless the '--jsx' flag is provided.
src/pages/UnitOperations.tsx(6042,11): error TS17004: Cannot use JSX unless the '--jsx' flag is provided.
src/pages/UnitOperations.tsx(6042,56): error TS17004: Cannot use JSX unless the '--jsx' flag is provided.
src/pages/UnitOperations.tsx(6043,11): error TS17004: Cannot use JSX unless the '--jsx' flag is provided.
src/pages/UnitOperations.tsx(6043,58): error TS17004: Cannot use JSX unless the '--jsx' flag is provided.
src/pages/UnitOperations.tsx(6044,11): error TS17004: Cannot use JSX unless the '--jsx' flag is provided.
src/pages/UnitOperations.tsx(6044,57): error TS17004: Cannot use JSX unless the '--jsx' flag is provided.
src/pages/UnitOperations.tsx(6045,11): error TS17004: Cannot use JSX unless the '--jsx' flag is provided.
src/pages/UnitOperations.tsx(6045,93): error TS17004: Cannot use JSX unless the '--jsx' flag is provided.
src/pages/UnitOperations.tsx(6048,9): error TS17004: Cannot use JSX unless the '--jsx' flag is provided.
src/pages/UnitOperations.tsx(6049,11): error TS17004: Cannot use JSX unless the '--jsx' flag is provided.
src/pages/UnitOperations.tsx(6050,13): error TS17004: Cannot use JSX unless the '--jsx' flag is provided.
src/pages/UnitOperations.tsx(6053,11): error TS17004: Cannot use JSX unless the '--jsx' flag is provided.
src/pages/UnitOperations.tsx(6054,13): error TS17004: Cannot use JSX unless the '--jsx' flag is provided.
src/pages/UnitOperations.tsx(6057,11): error TS17004: Cannot use JSX unless the '--jsx' flag is provided.
src/pages/UnitOperations.tsx(6058,13): error TS17004: Cannot use JSX unless the '--jsx' flag is provided.
src/pages/UnitOperations.tsx(6065,7): error TS17004: Cannot use JSX unless the '--jsx' flag is provided.
src/pages/UnitOperations.tsx(6066,9): error TS17004: Cannot use JSX unless the '--jsx' flag is provided.
src/pages/UnitOperations.tsx(6067,11): error TS17004: Cannot use JSX unless the '--jsx' flag is provided.
src/pages/UnitOperations.tsx(6068,13): error TS17004: Cannot use JSX unless the '--jsx' flag is provided.
src/pages/UnitOperations.tsx(6069,15): error TS17004: Cannot use JSX unless the '--jsx' flag is provided.
src/pages/UnitOperations.tsx(6070,17): error TS17004: Cannot use JSX unless the '--jsx' flag is provided.
src/pages/UnitOperations.tsx(6071,17): error TS17004: Cannot use JSX unless the '--jsx' flag is provided.
src/pages/UnitOperations.tsx(6072,17): error TS17004: Cannot use JSX unless the '--jsx' flag is provided.
src/pages/UnitOperations.tsx(6073,17): error TS17004: Cannot use JSX unless the '--jsx' flag is provided.
src/pages/UnitOperations.tsx(6074,17): error TS17004: Cannot use JSX unless the '--jsx' flag is provided.
src/pages/UnitOperations.tsx(6075,17): error TS17004: Cannot use JSX unless the '--jsx' flag is provided.
src/pages/UnitOperations.tsx(6076,17): error TS17004: Cannot use JSX unless the '--jsx' flag is provided.
src/pages/UnitOperations.tsx(6077,17): error TS17004: Cannot use JSX unless the '--jsx' flag is provided.
src/pages/UnitOperations.tsx(6078,17): error TS17004: Cannot use JSX unless the '--jsx' flag is provided.
src/pages/UnitOperations.tsx(6079,17): error TS17004: Cannot use JSX unless the '--jsx' flag is provided.
src/pages/UnitOperations.tsx(6080,17): error TS17004: Cannot use JSX unless the '--jsx' flag is provided.
src/pages/UnitOperations.tsx(6081,17): error TS17004: Cannot use JSX unless the '--jsx' flag is provided.
src/pages/UnitOperations.tsx(6082,17): error TS17004: Cannot use JSX unless the '--jsx' flag is provided.
src/pages/UnitOperations.tsx(6083,17): error TS17004: Cannot use JSX unless the '--jsx' flag is provided.
src/pages/UnitOperations.tsx(6084,17): error TS17004: Cannot use JSX unless the '--jsx' flag is provided.
src/pages/UnitOperations.tsx(6085,17): error TS17004: Cannot use JSX unless the '--jsx' flag is provided.
src/pages/UnitOperations.tsx(6086,17): error TS17004: Cannot use JSX unless the '--jsx' flag is provided.
src/pages/UnitOperations.tsx(6089,13): error TS17004: Cannot use JSX unless the '--jsx' flag is provided.
src/pages/UnitOperations.tsx(6092,17): error TS17004: Cannot use JSX unless the '--jsx' flag is provided.
src/pages/UnitOperations.tsx(6093,26): error TS2550: Property 'from' does not exist on type 'ArrayConstructor'. Do you need to change your target library? Try changing the 'lib' compiler option to 'es2015' or later.
src/pages/UnitOperations.tsx(6093,61): error TS17004: Cannot use JSX unless the '--jsx' flag is provided.
src/pages/UnitOperations.tsx(6100,7): error TS17004: Cannot use JSX unless the '--jsx' flag is provided.
src/pages/UnitOperations.tsx(6155,5): error TS17004: Cannot use JSX unless the '--jsx' flag is provided.
src/pages/UnitOperations.tsx(6157,7): error TS17004: Cannot use JSX unless the '--jsx' flag is provided.
src/pages/UnitOperations.tsx(6158,9): error TS17004: Cannot use JSX unless the '--jsx' flag is provided.
src/pages/UnitOperations.tsx(6159,11): error TS17004: Cannot use JSX unless the '--jsx' flag is provided.
src/pages/UnitOperations.tsx(6160,13): error TS17004: Cannot use JSX unless the '--jsx' flag is provided.
src/pages/UnitOperations.tsx(6161,13): error TS17004: Cannot use JSX unless the '--jsx' flag is provided.
src/pages/UnitOperations.tsx(6161,14): error TS2322: Type '{ selected: Date; onChange: (d: [Date, Date]) => void; className: string; disabled: boolean; }' is not assignable to type 'IntrinsicAttributes & (IntrinsicClassAttributes<DatePicker> & Readonly<DatePickerProps>)'.
  Property 'selectsMultiple' is missing in type '{ selected: Date; onChange: (d: [Date, Date]) => void; className: string; disabled: boolean; }' but required in type 'Readonly<Omit<React.ComponentPropsWithoutRef<typeof Calendar>, "container" | "className" | "onSelect" | "dateFormat" | "highlightDates" | "holidays" | "shouldFocusDayInline" | "handleOnKeyDown" | "preSelection" | ... 11 more ... | "dropdownMode"> & ... 4 more ... & { ...; }>'.
src/pages/UnitOperations.tsx(6161,68): error TS2345: Argument of type '[Date, Date]' is not assignable to parameter of type 'SetStateAction<Date>'.
  Type '[Date, Date]' is not assignable to type 'Date'.
src/pages/UnitOperations.tsx(6164,11): error TS17004: Cannot use JSX unless the '--jsx' flag is provided.
src/pages/UnitOperations.tsx(6165,13): error TS17004: Cannot use JSX unless the '--jsx' flag is provided.
src/pages/UnitOperations.tsx(6166,15): error TS17004: Cannot use JSX unless the '--jsx' flag is provided.
src/pages/UnitOperations.tsx(6169,13): error TS17004: Cannot use JSX unless the '--jsx' flag is provided.
src/pages/UnitOperations.tsx(6170,15): error TS17004: Cannot use JSX unless the '--jsx' flag is provided.
src/pages/UnitOperations.tsx(6175,11): error TS17004: Cannot use JSX unless the '--jsx' flag is provided.
src/pages/UnitOperations.tsx(6185,7): error TS17004: Cannot use JSX unless the '--jsx' flag is provided.
src/pages/UnitOperations.tsx(6188,9): error TS17004: Cannot use JSX unless the '--jsx' flag is provided.
src/pages/UnitOperations.tsx(6189,11): error TS17004: Cannot use JSX unless the '--jsx' flag is provided.
src/pages/UnitOperations.tsx(6190,13): error TS17004: Cannot use JSX unless the '--jsx' flag is provided.
src/pages/UnitOperations.tsx(6191,13): error TS17004: Cannot use JSX unless the '--jsx' flag is provided.
src/pages/UnitOperations.tsx(6192,15): error TS17004: Cannot use JSX unless the '--jsx' flag is provided.
src/pages/UnitOperations.tsx(6195,11): error TS17004: Cannot use JSX unless the '--jsx' flag is provided.
src/pages/UnitOperations.tsx(6196,13): error TS17004: Cannot use JSX unless the '--jsx' flag is provided.
src/pages/UnitOperations.tsx(6197,13): error TS17004: Cannot use JSX unless the '--jsx' flag is provided.
src/pages/UnitOperations.tsx(6199,11): error TS17004: Cannot use JSX unless the '--jsx' flag is provided.
src/pages/UnitOperations.tsx(6200,13): error TS17004: Cannot use JSX unless the '--jsx' flag is provided.
src/pages/UnitOperations.tsx(6201,13): error TS17004: Cannot use JSX unless the '--jsx' flag is provided.
src/pages/UnitOperations.tsx(6203,11): error TS17004: Cannot use JSX unless the '--jsx' flag is provided.
src/pages/UnitOperations.tsx(6204,13): error TS17004: Cannot use JSX unless the '--jsx' flag is provided.
src/pages/UnitOperations.tsx(6205,13): error TS17004: Cannot use JSX unless the '--jsx' flag is provided.
src/pages/UnitOperations.tsx(6206,15): error TS17004: Cannot use JSX unless the '--jsx' flag is provided.
src/pages/UnitOperations.tsx(6206,16): error TS2322: Type '{ selected: Date; onChange: (d: [Date, Date]) => void; className: string; disabled: boolean; }' is not assignable to type 'IntrinsicAttributes & (IntrinsicClassAttributes<DatePicker> & Readonly<DatePickerProps>)'.
  Property 'selectsMultiple' is missing in type '{ selected: Date; onChange: (d: [Date, Date]) => void; className: string; disabled: boolean; }' but required in type 'Readonly<Omit<React.ComponentPropsWithoutRef<typeof Calendar>, "container" | "className" | "onSelect" | "dateFormat" | "highlightDates" | "holidays" | "shouldFocusDayInline" | "handleOnKeyDown" | "preSelection" | ... 11 more ... | "dropdownMode"> & ... 4 more ... & { ...; }>'.
src/pages/UnitOperations.tsx(6206,76): error TS2345: Argument of type '[Date, Date]' is not assignable to parameter of type 'SetStateAction<Date>'.
  Type '[Date, Date]' is not assignable to type 'Date'.
src/pages/UnitOperations.tsx(6209,11): error TS17004: Cannot use JSX unless the '--jsx' flag is provided.
src/pages/UnitOperations.tsx(6210,13): error TS17004: Cannot use JSX unless the '--jsx' flag is provided.
src/pages/UnitOperations.tsx(6211,13): error TS17004: Cannot use JSX unless the '--jsx' flag is provided.
src/pages/UnitOperations.tsx(6212,15): error TS17004: Cannot use JSX unless the '--jsx' flag is provided.
src/pages/UnitOperations.tsx(6213,15): error TS17004: Cannot use JSX unless the '--jsx' flag is provided.
src/pages/UnitOperations.tsx(6219,9): error TS17004: Cannot use JSX unless the '--jsx' flag is provided.
src/pages/UnitOperations.tsx(6220,11): error TS17004: Cannot use JSX unless the '--jsx' flag is provided.
src/pages/UnitOperations.tsx(6221,13): error TS17004: Cannot use JSX unless the '--jsx' flag is provided.
src/pages/UnitOperations.tsx(6222,13): error TS17004: Cannot use JSX unless the '--jsx' flag is provided.
src/pages/UnitOperations.tsx(6224,11): error TS17004: Cannot use JSX unless the '--jsx' flag is provided.
src/pages/UnitOperations.tsx(6225,13): error TS17004: Cannot use JSX unless the '--jsx' flag is provided.
src/pages/UnitOperations.tsx(6226,13): error TS17004: Cannot use JSX unless the '--jsx' flag is provided.
src/pages/UnitOperations.tsx(6228,11): error TS17004: Cannot use JSX unless the '--jsx' flag is provided.
src/pages/UnitOperations.tsx(6229,13): error TS17004: Cannot use JSX unless the '--jsx' flag is provided.
src/pages/UnitOperations.tsx(6230,13): error TS17004: Cannot use JSX unless the '--jsx' flag is provided.
src/pages/UnitOperations.tsx(6232,11): error TS17004: Cannot use JSX unless the '--jsx' flag is provided.
src/pages/UnitOperations.tsx(6233,13): error TS17004: Cannot use JSX unless the '--jsx' flag is provided.
src/pages/UnitOperations.tsx(6234,13): error TS17004: Cannot use JSX unless the '--jsx' flag is provided.
src/pages/UnitOperations.tsx(6240,7): error TS17004: Cannot use JSX unless the '--jsx' flag is provided.
src/pages/UnitOperations.tsx(6241,9): error TS17004: Cannot use JSX unless the '--jsx' flag is provided.
src/pages/UnitOperations.tsx(6242,11): error TS17004: Cannot use JSX unless the '--jsx' flag is provided.
src/pages/UnitOperations.tsx(6242,90): error TS17004: Cannot use JSX unless the '--jsx' flag is provided.
src/pages/UnitOperations.tsx(6243,11): error TS17004: Cannot use JSX unless the '--jsx' flag is provided.
src/pages/UnitOperations.tsx(6243,56): error TS17004: Cannot use JSX unless the '--jsx' flag is provided.
src/pages/UnitOperations.tsx(6244,11): error TS17004: Cannot use JSX unless the '--jsx' flag is provided.
src/pages/UnitOperations.tsx(6244,58): error TS17004: Cannot use JSX unless the '--jsx' flag is provided.
src/pages/UnitOperations.tsx(6245,11): error TS17004: Cannot use JSX unless the '--jsx' flag is provided.
src/pages/UnitOperations.tsx(6245,57): error TS17004: Cannot use JSX unless the '--jsx' flag is provided.
src/pages/UnitOperations.tsx(6246,11): error TS17004: Cannot use JSX unless the '--jsx' flag is provided.
src/pages/UnitOperations.tsx(6246,93): error TS17004: Cannot use JSX unless the '--jsx' flag is provided.
src/pages/UnitOperations.tsx(6251,7): error TS17004: Cannot use JSX unless the '--jsx' flag is provided.
src/pages/UnitOperations.tsx(6253,9): error TS17004: Cannot use JSX unless the '--jsx' flag is provided.
src/pages/UnitOperations.tsx(6254,11): error TS17004: Cannot use JSX unless the '--jsx' flag is provided.
src/pages/UnitOperations.tsx(6255,13): error TS17004: Cannot use JSX unless the '--jsx' flag is provided.
src/pages/UnitOperations.tsx(6256,15): error TS17004: Cannot use JSX unless the '--jsx' flag is provided.
src/pages/UnitOperations.tsx(6257,17): error TS17004: Cannot use JSX unless the '--jsx' flag is provided.
src/pages/UnitOperations.tsx(6259,21): error TS17004: Cannot use JSX unless the '--jsx' flag is provided.
src/pages/UnitOperations.tsx(6263,15): error TS17004: Cannot use JSX unless the '--jsx' flag is provided.
src/pages/UnitOperations.tsx(6265,19): error TS17004: Cannot use JSX unless the '--jsx' flag is provided.
src/pages/UnitOperations.tsx(6266,28): error TS2550: Property 'from' does not exist on type 'ArrayConstructor'. Do you need to change your target library? Try changing the 'lib' compiler option to 'es2015' or later.
src/pages/UnitOperations.tsx(6266,63): error TS17004: Cannot use JSX unless the '--jsx' flag is provided.
src/pages/UnitOperations.tsx(6274,9): error TS17004: Cannot use JSX unless the '--jsx' flag is provided.
src/pages/UnitOperations.tsx(6277,9): error TS17004: Cannot use JSX unless the '--jsx' flag is provided.
src/pages/UnitOperations.tsx(6278,11): error TS17004: Cannot use JSX unless the '--jsx' flag is provided.
src/pages/UnitOperations.tsx(6279,13): error TS17004: Cannot use JSX unless the '--jsx' flag is provided.
src/pages/UnitOperations.tsx(6280,15): error TS17004: Cannot use JSX unless the '--jsx' flag is provided.
src/pages/UnitOperations.tsx(6281,17): error TS17004: Cannot use JSX unless the '--jsx' flag is provided.
src/pages/UnitOperations.tsx(6283,21): error TS17004: Cannot use JSX unless the '--jsx' flag is provided.
src/pages/UnitOperations.tsx(6287,15): error TS17004: Cannot use JSX unless the '--jsx' flag is provided.
src/pages/UnitOperations.tsx(6289,19): error TS17004: Cannot use JSX unless the '--jsx' flag is provided.
src/pages/UnitOperations.tsx(6290,28): error TS2550: Property 'from' does not exist on type 'ArrayConstructor'. Do you need to change your target library? Try changing the 'lib' compiler option to 'es2015' or later.
src/pages/UnitOperations.tsx(6290,62): error TS17004: Cannot use JSX unless the '--jsx' flag is provided.
src/pages/UnitOperations.tsx(6341,5): error TS17004: Cannot use JSX unless the '--jsx' flag is provided.
src/pages/UnitOperations.tsx(6343,7): error TS17004: Cannot use JSX unless the '--jsx' flag is provided.
src/pages/UnitOperations.tsx(6345,11): error TS17004: Cannot use JSX unless the '--jsx' flag is provided.
src/pages/UnitOperations.tsx(6369,7): error TS17004: Cannot use JSX unless the '--jsx' flag is provided.
src/pages/UnitOperations.tsx(6380,9): error TS17004: Cannot use JSX unless the '--jsx' flag is provided.
src/pages/UnitOperations.tsx(6381,11): error TS17004: Cannot use JSX unless the '--jsx' flag is provided.
src/pages/UnitOperations.tsx(6382,13): error TS17004: Cannot use JSX unless the '--jsx' flag is provided.
src/pages/UnitOperations.tsx(6383,15): error TS17004: Cannot use JSX unless the '--jsx' flag is provided.
src/pages/UnitOperations.tsx(6385,19): error TS17004: Cannot use JSX unless the '--jsx' flag is provided.
src/pages/UnitOperations.tsx(6389,13): error TS17004: Cannot use JSX unless the '--jsx' flag is provided.
src/pages/UnitOperations.tsx(6391,22): error TS2550: Property 'from' does not exist on type 'ArrayConstructor'. Do you need to change your target library? Try changing the 'lib' compiler option to 'es2015' or later.
src/pages/UnitOperations.tsx(6392,17): error TS17004: Cannot use JSX unless the '--jsx' flag is provided.
src/pages/UnitOperations.tsx(6394,21): error TS17004: Cannot use JSX unless the '--jsx' flag is provided.
src/pages/UnitOperations.tsx(6406,7): error TS17004: Cannot use JSX unless the '--jsx' flag is provided.
src/pages/UnitOperations.tsx(6407,9): error TS17004: Cannot use JSX unless the '--jsx' flag is provided.
src/pages/UnitOperations.tsx(6516,37): error TS2550: Property 'find' does not exist on type 'Record<string, string>[]'. Do you need to change your target library? Try changing the 'lib' compiler option to 'es2015' or later.
src/pages/UnitOperations.tsx(6525,40): error TS2550: Property 'find' does not exist on type 'Record<string, string>[]'. Do you need to change your target library? Try changing the 'lib' compiler option to 'es2015' or later.
src/pages/UnitOperations.tsx(6534,36): error TS2550: Property 'find' does not exist on type 'Record<string, string>[]'. Do you need to change your target library? Try changing the 'lib' compiler option to 'es2015' or later.
src/pages/UnitOperations.tsx(6539,7): error TS17004: Cannot use JSX unless the '--jsx' flag is provided.
src/pages/UnitOperations.tsx(6540,9): error TS17004: Cannot use JSX unless the '--jsx' flag is provided.
src/pages/UnitOperations.tsx(6541,9): error TS17004: Cannot use JSX unless the '--jsx' flag is provided.
src/pages/UnitOperations.tsx(6565,5): error TS17004: Cannot use JSX unless the '--jsx' flag is provided.
src/pages/UnitOperations.tsx(6570,7): error TS17004: Cannot use JSX unless the '--jsx' flag is provided.
src/pages/UnitOperations.tsx(6577,7): error TS17004: Cannot use JSX unless the '--jsx' flag is provided.
src/pages/UnitOperations.tsx(6583,9): error TS17004: Cannot use JSX unless the '--jsx' flag is provided.
src/pages/UnitOperations.tsx(6585,13): error TS17004: Cannot use JSX unless the '--jsx' flag is provided.
src/pages/UnitOperations.tsx(6591,15): error TS17004: Cannot use JSX unless the '--jsx' flag is provided.
src/pages/UnitOperations.tsx(6600,19): error TS17004: Cannot use JSX unless the '--jsx' flag is provided.
src/pages/UnitOperations.tsx(6606,15): error TS17004: Cannot use JSX unless the '--jsx' flag is provided.
src/pages/UnitOperations.tsx(6619,11): error TS17004: Cannot use JSX unless the '--jsx' flag is provided.
src/pages/UnitOperations.tsx(6625,13): error TS17004: Cannot use JSX unless the '--jsx' flag is provided.
src/pages/UnitOperations.tsx(6626,15): error TS17004: Cannot use JSX unless the '--jsx' flag is provided.
src/pages/UnitOperations.tsx(6627,15): error TS17004: Cannot use JSX unless the '--jsx' flag is provided.
src/pages/UnitOperations.tsx(6632,15): error TS17004: Cannot use JSX unless the '--jsx' flag is provided.
src/pages/UnitOperations.tsx(6633,17): error TS17004: Cannot use JSX unless the '--jsx' flag is provided.
src/pages/UnitOperations.tsx(6636,13): error TS17004: Cannot use JSX unless the '--jsx' flag is provided.
src/pages/UnitOperations.tsx(6637,15): error TS17004: Cannot use JSX unless the '--jsx' flag is provided.
src/pages/UnitOperations.tsx(6638,15): error TS17004: Cannot use JSX unless the '--jsx' flag is provided.
src/pages/UnitOperations.tsx(6644,13): error TS17004: Cannot use JSX unless the '--jsx' flag is provided.
src/pages/UnitOperations.tsx(6650,13): error TS17004: Cannot use JSX unless the '--jsx' flag is provided.
src/pages/UnitOperations.tsx(6653,17): error TS17004: Cannot use JSX unless the '--jsx' flag is provided.
src/pages/UnitOperations.tsx(6657,19): error TS17004: Cannot use JSX unless the '--jsx' flag is provided.
src/pages/UnitOperations.tsx(6668,11): error TS17004: Cannot use JSX unless the '--jsx' flag is provided.
src/pages/UnitOperations.tsx(6674,13): error TS17004: Cannot use JSX unless the '--jsx' flag is provided.
src/pages/UnitOperations.tsx(6675,15): error TS17004: Cannot use JSX unless the '--jsx' flag is provided.
src/pages/UnitOperations.tsx(6676,15): error TS17004: Cannot use JSX unless the '--jsx' flag is provided.
src/pages/UnitOperations.tsx(6681,44): error TS17004: Cannot use JSX unless the '--jsx' flag is provided.
src/pages/UnitOperations.tsx(6684,13): error TS17004: Cannot use JSX unless the '--jsx' flag is provided.
src/pages/UnitOperations.tsx(6686,17): error TS17004: Cannot use JSX unless the '--jsx' flag is provided.
src/pages/UnitOperations.tsx(6691,19): error TS17004: Cannot use JSX unless the '--jsx' flag is provided.
src/pages/UnitOperations.tsx(6697,44): error TS17004: Cannot use JSX unless the '--jsx' flag is provided.
src/pages/UnitOperations.tsx(6699,19): error TS17004: Cannot use JSX unless the '--jsx' flag is provided.
src/pages/UnitOperations.tsx(6704,13): error TS17004: Cannot use JSX unless the '--jsx' flag is provided.
src/pages/UnitOperations.tsx(6705,15): error TS17004: Cannot use JSX unless the '--jsx' flag is provided.
src/pages/UnitOperations.tsx(6706,15): error TS17004: Cannot use JSX unless the '--jsx' flag is provided.
src/pages/UnitOperations.tsx(6712,13): error TS17004: Cannot use JSX unless the '--jsx' flag is provided.
src/pages/UnitOperations.tsx(6723,7): error TS17004: Cannot use JSX unless the '--jsx' flag is provided.
src/pages/UnitOperations.tsx(6729,9): error TS17004: Cannot use JSX unless the '--jsx' flag is provided.
src/pages/UnitOperations.tsx(6730,11): error TS17004: Cannot use JSX unless the '--jsx' flag is provided.
src/pages/UnitOperations.tsx(6731,13): error TS17004: Cannot use JSX unless the '--jsx' flag is provided.
src/pages/UnitOperations.tsx(6732,15): error TS17004: Cannot use JSX unless the '--jsx' flag is provided.
src/pages/UnitOperations.tsx(6734,19): error TS17004: Cannot use JSX unless the '--jsx' flag is provided.
src/pages/UnitOperations.tsx(6738,13): error TS17004: Cannot use JSX unless the '--jsx' flag is provided.
src/pages/UnitOperations.tsx(6740,17): error TS17004: Cannot use JSX unless the '--jsx' flag is provided.
src/pages/UnitOperations.tsx(6741,19): error TS17004: Cannot use JSX unless the '--jsx' flag is provided.
src/pages/UnitOperations.tsx(6742,19): error TS17004: Cannot use JSX unless the '--jsx' flag is provided.
src/pages/UnitOperations.tsx(6743,19): error TS17004: Cannot use JSX unless the '--jsx' flag is provided.
src/pages/UnitOperations.tsx(6744,19): error TS17004: Cannot use JSX unless the '--jsx' flag is provided.
src/pages/UnitOperations.tsx(6745,19): error TS17004: Cannot use JSX unless the '--jsx' flag is provided.
src/pages/UnitOperations.tsx(6746,19): error TS17004: Cannot use JSX unless the '--jsx' flag is provided.
src/pages/UnitOperations.tsx(6747,19): error TS17004: Cannot use JSX unless the '--jsx' flag is provided.
src/pages/UnitOperations.tsx(6748,19): error TS17004: Cannot use JSX unless the '--jsx' flag is provided.
src/pages/UnitOperations.tsx(6749,19): error TS17004: Cannot use JSX unless the '--jsx' flag is provided.
src/pages/UnitOperations.tsx(6752,22): error TS2550: Property 'from' does not exist on type 'ArrayConstructor'. Do you need to change your target library? Try changing the 'lib' compiler option to 'es2015' or later.
src/pages/UnitOperations.tsx(6753,17): error TS17004: Cannot use JSX unless the '--jsx' flag is provided.
src/pages/UnitOperations.tsx(6755,21): error TS17004: Cannot use JSX unless the '--jsx' flag is provided.
src/pages/UnitOperations.tsx(6765,7): error TS17004: Cannot use JSX unless the '--jsx' flag is provided.
src/pages/UnitOperations.tsx(6767,9): error TS17004: Cannot use JSX unless the '--jsx' flag is provided.
src/pages/UnitOperations.tsx(6772,11): error TS17004: Cannot use JSX unless the '--jsx' flag is provided.
src/pages/UnitOperations.tsx(6778,11): error TS17004: Cannot use JSX unless the '--jsx' flag is provided.
src/pages/UnitOperations.tsx(6786,9): error TS17004: Cannot use JSX unless the '--jsx' flag is provided.
src/pages/UnitOperations.tsx(6791,11): error TS17004: Cannot use JSX unless the '--jsx' flag is provided.
src/pages/UnitOperations.tsx(6797,11): error TS17004: Cannot use JSX unless the '--jsx' flag is provided.
src/pages/UnitOperations.tsx(6806,7): error TS17004: Cannot use JSX unless the '--jsx' flag is provided.
src/pages/UnitOperations.tsx(6815,9): error TS17004: Cannot use JSX unless the '--jsx' flag is provided.
src/pages/UnitOperations.tsx(6897,5): error TS17004: Cannot use JSX unless the '--jsx' flag is provided.
src/pages/UnitOperations.tsx(6898,7): error TS17004: Cannot use JSX unless the '--jsx' flag is provided.
src/pages/UnitOperations.tsx(6899,7): error TS17004: Cannot use JSX unless the '--jsx' flag is provided.
src/pages/UnitOperations.tsx(6918,5): error TS17004: Cannot use JSX unless the '--jsx' flag is provided.
src/pages/UnitOperations.tsx(6919,7): error TS17004: Cannot use JSX unless the '--jsx' flag is provided.
src/pages/UnitOperations.tsx(6931,7): error TS17004: Cannot use JSX unless the '--jsx' flag is provided.
src/pages/UnitOperations.tsx(6932,9): error TS17004: Cannot use JSX unless the '--jsx' flag is provided.
src/pages/UnitOperations.tsx(6933,11): error TS17004: Cannot use JSX unless the '--jsx' flag is provided.
src/pages/UnitOperations.tsx(6934,13): error TS17004: Cannot use JSX unless the '--jsx' flag is provided.
src/pages/UnitOperations.tsx(6936,11): error TS17004: Cannot use JSX unless the '--jsx' flag is provided.
src/pages/UnitOperations.tsx(6937,13): error TS17004: Cannot use JSX unless the '--jsx' flag is provided.
src/pages/UnitOperations.tsx(6939,11): error TS17004: Cannot use JSX unless the '--jsx' flag is provided.
src/pages/UnitOperations.tsx(6940,13): error TS17004: Cannot use JSX unless the '--jsx' flag is provided.
src/pages/UnitOperations.tsx(6942,11): error TS17004: Cannot use JSX unless the '--jsx' flag is provided.
src/pages/UnitOperations.tsx(6943,13): error TS17004: Cannot use JSX unless the '--jsx' flag is provided.
src/pages/UnitOperations.tsx(6947,9): error TS17004: Cannot use JSX unless the '--jsx' flag is provided.
src/pages/UnitOperations.tsx(6948,11): error TS17004: Cannot use JSX unless the '--jsx' flag is provided.
src/pages/UnitOperations.tsx(6949,11): error TS17004: Cannot use JSX unless the '--jsx' flag is provided.
src/pages/UnitOperations.tsx(6950,13): error TS17004: Cannot use JSX unless the '--jsx' flag is provided.
src/pages/UnitOperations.tsx(6951,15): error TS17004: Cannot use JSX unless the '--jsx' flag is provided.
src/pages/UnitOperations.tsx(6951,66): error TS17004: Cannot use JSX unless the '--jsx' flag is provided.
src/pages/UnitOperations.tsx(6951,135): error TS17004: Cannot use JSX unless the '--jsx' flag is provided.
src/pages/UnitOperations.tsx(6952,15): error TS17004: Cannot use JSX unless the '--jsx' flag is provided.
src/pages/UnitOperations.tsx(6952,66): error TS17004: Cannot use JSX unless the '--jsx' flag is provided.
src/pages/UnitOperations.tsx(6952,137): error TS17004: Cannot use JSX unless the '--jsx' flag is provided.
src/pages/UnitOperations.tsx(6953,15): error TS17004: Cannot use JSX unless the '--jsx' flag is provided.
src/pages/UnitOperations.tsx(6953,66): error TS17004: Cannot use JSX unless the '--jsx' flag is provided.
src/pages/UnitOperations.tsx(6953,132): error TS17004: Cannot use JSX unless the '--jsx' flag is provided.
src/pages/UnitOperations.tsx(6955,13): error TS17004: Cannot use JSX unless the '--jsx' flag is provided.
src/pages/UnitOperations.tsx(6956,15): error TS17004: Cannot use JSX unless the '--jsx' flag is provided.
src/pages/UnitOperations.tsx(6956,66): error TS17004: Cannot use JSX unless the '--jsx' flag is provided.
src/pages/UnitOperations.tsx(6956,136): error TS17004: Cannot use JSX unless the '--jsx' flag is provided.
src/pages/UnitOperations.tsx(6957,15): error TS17004: Cannot use JSX unless the '--jsx' flag is provided.
src/pages/UnitOperations.tsx(6957,66): error TS17004: Cannot use JSX unless the '--jsx' flag is provided.
src/pages/UnitOperations.tsx(6957,138): error TS17004: Cannot use JSX unless the '--jsx' flag is provided.
src/pages/UnitOperations.tsx(6958,15): error TS17004: Cannot use JSX unless the '--jsx' flag is provided.
src/pages/UnitOperations.tsx(6958,66): error TS17004: Cannot use JSX unless the '--jsx' flag is provided.
src/pages/UnitOperations.tsx(6958,131): error TS17004: Cannot use JSX unless the '--jsx' flag is provided.
src/pages/UnitOperations.tsx(6965,7): error TS17004: Cannot use JSX unless the '--jsx' flag is provided.
src/pages/UnitOperations.tsx(6966,9): error TS17004: Cannot use JSX unless the '--jsx' flag is provided.
src/pages/UnitOperations.tsx(6967,11): error TS17004: Cannot use JSX unless the '--jsx' flag is provided.
src/pages/UnitOperations.tsx(6968,13): error TS17004: Cannot use JSX unless the '--jsx' flag is provided.
src/pages/UnitOperations.tsx(6975,11): error TS17004: Cannot use JSX unless the '--jsx' flag is provided.
src/pages/UnitOperations.tsx(6976,13): error TS17004: Cannot use JSX unless the '--jsx' flag is provided.
src/pages/UnitOperations.tsx(6977,15): error TS17004: Cannot use JSX unless the '--jsx' flag is provided.
src/pages/UnitOperations.tsx(6978,15): error TS17004: Cannot use JSX unless the '--jsx' flag is provided.
src/pages/UnitOperations.tsx(6982,9): error TS17004: Cannot use JSX unless the '--jsx' flag is provided.
src/pages/UnitOperations.tsx(6983,11): error TS17004: Cannot use JSX unless the '--jsx' flag is provided.
src/pages/UnitOperations.tsx(6984,13): error TS17004: Cannot use JSX unless the '--jsx' flag is provided.
src/pages/UnitOperations.tsx(6987,11): error TS17004: Cannot use JSX unless the '--jsx' flag is provided.
src/pages/UnitOperations.tsx(6988,13): error TS17004: Cannot use JSX unless the '--jsx' flag is provided.
src/pages/UnitOperations.tsx(6988,45): error TS17004: Cannot use JSX unless the '--jsx' flag is provided.
src/pages/UnitOperations.tsx(6988,46): error TS2322: Type '{ selected: Date; onChange: (d: [Date, Date]) => void; className: string; dateFormat: string; }' is not assignable to type 'IntrinsicAttributes & (IntrinsicClassAttributes<DatePicker> & Readonly<DatePickerProps>)'.
  Property 'selectsMultiple' is missing in type '{ selected: Date; onChange: (d: [Date, Date]) => void; className: string; dateFormat: string; }' but required in type 'Readonly<Omit<React.ComponentPropsWithoutRef<typeof Calendar>, "container" | "className" | "onSelect" | "dateFormat" | "highlightDates" | "holidays" | "shouldFocusDayInline" | "handleOnKeyDown" | "preSelection" | ... 11 more ... | "dropdownMode"> & ... 4 more ... & { ...; }>'.
src/pages/UnitOperations.tsx(6988,104): error TS2345: Argument of type '[Date, Date]' is not assignable to parameter of type 'SetStateAction<Date>'.
  Type '[Date, Date]' is not assignable to type 'Date'.
src/pages/UnitOperations.tsx(6989,13): error TS17004: Cannot use JSX unless the '--jsx' flag is provided.
src/pages/UnitOperations.tsx(6990,13): error TS17004: Cannot use JSX unless the '--jsx' flag is provided.
src/pages/UnitOperations.tsx(6990,45): error TS17004: Cannot use JSX unless the '--jsx' flag is provided.
src/pages/UnitOperations.tsx(6990,46): error TS2322: Type '{ selected: Date; onChange: (d: [Date, Date]) => void; className: string; dateFormat: string; }' is not assignable to type 'IntrinsicAttributes & (IntrinsicClassAttributes<DatePicker> & Readonly<DatePickerProps>)'.
  Property 'selectsMultiple' is missing in type '{ selected: Date; onChange: (d: [Date, Date]) => void; className: string; dateFormat: string; }' but required in type 'Readonly<Omit<React.ComponentPropsWithoutRef<typeof Calendar>, "container" | "className" | "onSelect" | "dateFormat" | "highlightDates" | "holidays" | "shouldFocusDayInline" | "handleOnKeyDown" | "preSelection" | ... 11 more ... | "dropdownMode"> & ... 4 more ... & { ...; }>'.
src/pages/UnitOperations.tsx(6990,100): error TS2345: Argument of type '[Date, Date]' is not assignable to parameter of type 'SetStateAction<Date>'.
  Type '[Date, Date]' is not assignable to type 'Date'.
src/pages/UnitOperations.tsx(6996,7): error TS17004: Cannot use JSX unless the '--jsx' flag is provided.
src/pages/UnitOperations.tsx(6998,9): error TS17004: Cannot use JSX unless the '--jsx' flag is provided.
src/pages/UnitOperations.tsx(6999,11): error TS17004: Cannot use JSX unless the '--jsx' flag is provided.
src/pages/UnitOperations.tsx(7000,11): error TS17004: Cannot use JSX unless the '--jsx' flag is provided.
src/pages/UnitOperations.tsx(7001,13): error TS17004: Cannot use JSX unless the '--jsx' flag is provided.
src/pages/UnitOperations.tsx(7002,15): error TS17004: Cannot use JSX unless the '--jsx' flag is provided.
src/pages/UnitOperations.tsx(7002,16): error TS2322: Type '{ selected: Date; onChange: (d: [Date, Date]) => void; className: string; dateFormat: string; }' is not assignable to type 'IntrinsicAttributes & (IntrinsicClassAttributes<DatePicker> & Readonly<DatePickerProps>)'.
  Property 'selectsMultiple' is missing in type '{ selected: Date; onChange: (d: [Date, Date]) => void; className: string; dateFormat: string; }' but required in type 'Readonly<Omit<React.ComponentPropsWithoutRef<typeof Calendar>, "container" | "className" | "onSelect" | "dateFormat" | "highlightDates" | "holidays" | "shouldFocusDayInline" | "handleOnKeyDown" | "preSelection" | ... 11 more ... | "dropdownMode"> & ... 4 more ... & { ...; }>'.
src/pages/UnitOperations.tsx(7002,78): error TS2345: Argument of type '[Date, Date]' is not assignable to parameter of type 'SetStateAction<Date>'.
  Type '[Date, Date]' is not assignable to type 'Date'.
src/pages/UnitOperations.tsx(7004,13): error TS17004: Cannot use JSX unless the '--jsx' flag is provided.
src/pages/UnitOperations.tsx(7005,15): error TS17004: Cannot use JSX unless the '--jsx' flag is provided.
src/pages/UnitOperations.tsx(7013,11): error TS17004: Cannot use JSX unless the '--jsx' flag is provided.
src/pages/UnitOperations.tsx(7014,13): error TS17004: Cannot use JSX unless the '--jsx' flag is provided.
src/pages/UnitOperations.tsx(7015,15): error TS17004: Cannot use JSX unless the '--jsx' flag is provided.
src/pages/UnitOperations.tsx(7017,13): error TS17004: Cannot use JSX unless the '--jsx' flag is provided.
src/pages/UnitOperations.tsx(7018,15): error TS17004: Cannot use JSX unless the '--jsx' flag is provided.
src/pages/UnitOperations.tsx(7024,9): error TS17004: Cannot use JSX unless the '--jsx' flag is provided.
src/pages/UnitOperations.tsx(7025,11): error TS17004: Cannot use JSX unless the '--jsx' flag is provided.
src/pages/UnitOperations.tsx(7026,11): error TS17004: Cannot use JSX unless the '--jsx' flag is provided.
src/pages/UnitOperations.tsx(7027,13): error TS17004: Cannot use JSX unless the '--jsx' flag is provided.
src/pages/UnitOperations.tsx(7028,15): error TS17004: Cannot use JSX unless the '--jsx' flag is provided.
src/pages/UnitOperations.tsx(7030,13): error TS17004: Cannot use JSX unless the '--jsx' flag is provided.
src/pages/UnitOperations.tsx(7031,15): error TS17004: Cannot use JSX unless the '--jsx' flag is provided.
src/pages/UnitOperations.tsx(7034,11): error TS17004: Cannot use JSX unless the '--jsx' flag is provided.
src/pages/UnitOperations.tsx(7035,13): error TS17004: Cannot use JSX unless the '--jsx' flag is provided.
src/pages/UnitOperations.tsx(7042,11): error TS17004: Cannot use JSX unless the '--jsx' flag is provided.
src/pages/UnitOperations.tsx(7043,13): error TS17004: Cannot use JSX unless the '--jsx' flag is provided.
src/pages/UnitOperations.tsx(7043,14): error TS2322: Type '{ selected: Date; onChange: (d: [Date, Date]) => void; className: string; dateFormat: string; }' is not assignable to type 'IntrinsicAttributes & (IntrinsicClassAttributes<DatePicker> & Readonly<DatePickerProps>)'.
  Property 'selectsMultiple' is missing in type '{ selected: Date; onChange: (d: [Date, Date]) => void; className: string; dateFormat: string; }' but required in type 'Readonly<Omit<React.ComponentPropsWithoutRef<typeof Calendar>, "container" | "className" | "onSelect" | "dateFormat" | "highlightDates" | "holidays" | "shouldFocusDayInline" | "handleOnKeyDown" | "preSelection" | ... 11 more ... | "dropdownMode"> & ... 4 more ... & { ...; }>'.
src/pages/UnitOperations.tsx(7043,70): error TS2345: Argument of type '[Date, Date]' is not assignable to parameter of type 'SetStateAction<Date>'.
  Type '[Date, Date]' is not assignable to type 'Date'.
src/pages/UnitOperations.tsx(7048,9): error TS17004: Cannot use JSX unless the '--jsx' flag is provided.
src/pages/UnitOperations.tsx(7055,11): error TS17004: Cannot use JSX unless the '--jsx' flag is provided.
src/pages/UnitOperations.tsx(7056,13): error TS17004: Cannot use JSX unless the '--jsx' flag is provided.
src/pages/UnitOperations.tsx(7057,13): error TS17004: Cannot use JSX unless the '--jsx' flag is provided.
src/pages/UnitOperations.tsx(7065,13): error TS17004: Cannot use JSX unless the '--jsx' flag is provided.
src/pages/UnitOperations.tsx(7066,15): error TS17004: Cannot use JSX unless the '--jsx' flag is provided.
src/pages/UnitOperations.tsx(7071,11): error TS17004: Cannot use JSX unless the '--jsx' flag is provided.
src/pages/UnitOperations.tsx(7074,11): error TS17004: Cannot use JSX unless the '--jsx' flag is provided.
src/pages/UnitOperations.tsx(7075,13): error TS17004: Cannot use JSX unless the '--jsx' flag is provided.
src/pages/UnitOperations.tsx(7076,13): error TS17004: Cannot use JSX unless the '--jsx' flag is provided.
src/pages/UnitOperations.tsx(7077,13): error TS17004: Cannot use JSX unless the '--jsx' flag is provided.
src/pages/UnitOperations.tsx(7078,13): error TS17004: Cannot use JSX unless the '--jsx' flag is provided.
src/pages/UnitOperations.tsx(7084,7): error TS17004: Cannot use JSX unless the '--jsx' flag is provided.
src/pages/UnitOperations.tsx(7112,9): error TS17004: Cannot use JSX unless the '--jsx' flag is provided.
src/pages/UnitOperations.tsx(7112,96): error TS17004: Cannot use JSX unless the '--jsx' flag is provided.
src/pages/UnitOperations.tsx(7113,9): error TS17004: Cannot use JSX unless the '--jsx' flag is provided.
src/pages/UnitOperations.tsx(7113,85): error TS17004: Cannot use JSX unless the '--jsx' flag is provided.
src/pages/UnitOperations.tsx(7114,9): error TS17004: Cannot use JSX unless the '--jsx' flag is provided.
src/pages/UnitOperations.tsx(7115,11): error TS17004: Cannot use JSX unless the '--jsx' flag is provided.
src/pages/UnitOperations.tsx(7120,7): error TS17004: Cannot use JSX unless the '--jsx' flag is provided.
src/pages/UnitOperations.tsx(7126,7): error TS17004: Cannot use JSX unless the '--jsx' flag is provided.
src/pages/UnitOperations.tsx(7132,7): error TS17004: Cannot use JSX unless the '--jsx' flag is provided.
src/pages/UnitOperations.tsx(7190,5): error TS17004: Cannot use JSX unless the '--jsx' flag is provided.
src/pages/UnitOperations.tsx(7193,7): error TS17004: Cannot use JSX unless the '--jsx' flag is provided.
src/pages/UnitOperations.tsx(7198,9): error TS17004: Cannot use JSX unless the '--jsx' flag is provided.
src/pages/UnitOperations.tsx(7199,9): error TS17004: Cannot use JSX unless the '--jsx' flag is provided.
src/pages/UnitOperations.tsx(7203,7): error TS17004: Cannot use JSX unless the '--jsx' flag is provided.
src/pages/UnitOperations.tsx(7204,9): error TS17004: Cannot use JSX unless the '--jsx' flag is provided.
src/pages/UnitOperations.tsx(7205,9): error TS17004: Cannot use JSX unless the '--jsx' flag is provided.
src/pages/UnitOperations.tsx(7206,9): error TS17004: Cannot use JSX unless the '--jsx' flag is provided.
src/pages/UnitOperations.tsx(7207,9): error TS17004: Cannot use JSX unless the '--jsx' flag is provided.
src/pages/UnitOperations.tsx(7211,7): error TS17004: Cannot use JSX unless the '--jsx' flag is provided.
src/pages/UnitOperations.tsx(7212,9): error TS17004: Cannot use JSX unless the '--jsx' flag is provided.
src/pages/UnitOperations.tsx(7213,11): error TS17004: Cannot use JSX unless the '--jsx' flag is provided.
src/pages/UnitOperations.tsx(7214,11): error TS17004: Cannot use JSX unless the '--jsx' flag is provided.
src/pages/UnitOperations.tsx(7216,9): error TS17004: Cannot use JSX unless the '--jsx' flag is provided.
src/pages/UnitOperations.tsx(7217,11): error TS17004: Cannot use JSX unless the '--jsx' flag is provided.
src/pages/UnitOperations.tsx(7218,11): error TS17004: Cannot use JSX unless the '--jsx' flag is provided.
src/pages/UnitOperations.tsx(7219,11): error TS17004: Cannot use JSX unless the '--jsx' flag is provided.
src/pages/UnitOperations.tsx(7220,11): error TS17004: Cannot use JSX unless the '--jsx' flag is provided.
src/pages/UnitOperations.tsx(7222,9): error TS17004: Cannot use JSX unless the '--jsx' flag is provided.
src/pages/UnitOperations.tsx(7223,11): error TS17004: Cannot use JSX unless the '--jsx' flag is provided.
src/pages/UnitOperations.tsx(7224,11): error TS17004: Cannot use JSX unless the '--jsx' flag is provided.
src/pages/UnitOperations.tsx(7226,9): error TS17004: Cannot use JSX unless the '--jsx' flag is provided.
src/pages/UnitOperations.tsx(7227,11): error TS17004: Cannot use JSX unless the '--jsx' flag is provided.
src/pages/UnitOperations.tsx(7228,11): error TS17004: Cannot use JSX unless the '--jsx' flag is provided.
src/pages/UnitOperations.tsx(7238,7): error TS17004: Cannot use JSX unless the '--jsx' flag is provided.
src/pages/UnitOperations.tsx(7239,9): error TS17004: Cannot use JSX unless the '--jsx' flag is provided.
src/pages/UnitOperations.tsx(7240,9): error TS17004: Cannot use JSX unless the '--jsx' flag is provided.
src/pages/UnitOperations.tsx(7241,11): error TS17004: Cannot use JSX unless the '--jsx' flag is provided.
src/pages/UnitOperations.tsx(7242,11): error TS17004: Cannot use JSX unless the '--jsx' flag is provided.
src/pages/UnitOperations.tsx(7243,11): error TS17004: Cannot use JSX unless the '--jsx' flag is provided.
src/pages/UnitOperations.tsx(7244,13): error TS17004: Cannot use JSX unless the '--jsx' flag is provided.
src/pages/UnitOperations.tsx(7247,11): error TS17004: Cannot use JSX unless the '--jsx' flag is provided.
src/pages/UnitOperations.tsx(7249,9): error TS17004: Cannot use JSX unless the '--jsx' flag is provided.
src/pages/UnitOperations.tsx(7250,11): error TS17004: Cannot use JSX unless the '--jsx' flag is provided.
src/pages/UnitOperations.tsx(7251,11): error TS17004: Cannot use JSX unless the '--jsx' flag is provided.
src/pages/UnitOperations.tsx(7253,9): error TS17004: Cannot use JSX unless the '--jsx' flag is provided.
src/pages/UnitOperations.tsx(7263,7): error TS17004: Cannot use JSX unless the '--jsx' flag is provided.
src/pages/UnitOperations.tsx(7264,9): error TS17004: Cannot use JSX unless the '--jsx' flag is provided.
src/pages/UnitOperations.tsx(7265,11): error TS17004: Cannot use JSX unless the '--jsx' flag is provided.
src/pages/UnitOperations.tsx(7268,9): error TS17004: Cannot use JSX unless the '--jsx' flag is provided.
src/pages/UnitOperations.tsx(7269,11): error TS17004: Cannot use JSX unless the '--jsx' flag is provided.
src/pages/UnitOperations.tsx(7275,7): error TS17004: Cannot use JSX unless the '--jsx' flag is provided.
src/pages/UnitOperations.tsx(7276,9): error TS17004: Cannot use JSX unless the '--jsx' flag is provided.
src/pages/UnitOperations.tsx(7277,9): error TS17004: Cannot use JSX unless the '--jsx' flag is provided.
src/pages/UnitOperations.tsx(7278,11): error TS17004: Cannot use JSX unless the '--jsx' flag is provided.
src/pages/UnitOperations.tsx(7279,13): error TS17004: Cannot use JSX unless the '--jsx' flag is provided.
src/pages/UnitOperations.tsx(7282,11): error TS17004: Cannot use JSX unless the '--jsx' flag is provided.
src/pages/UnitOperations.tsx(7283,13): error TS17004: Cannot use JSX unless the '--jsx' flag is provided.
src/pages/UnitOperations.tsx(7290,7): error TS17004: Cannot use JSX unless the '--jsx' flag is provided.
src/pages/UnitOperations.tsx(7291,9): error TS17004: Cannot use JSX unless the '--jsx' flag is provided.
src/pages/UnitOperations.tsx(7292,11): error TS17004: Cannot use JSX unless the '--jsx' flag is provided.
src/pages/UnitOperations.tsx(7293,11): error TS17004: Cannot use JSX unless the '--jsx' flag is provided.
src/pages/UnitOperations.tsx(7294,11): error TS17004: Cannot use JSX unless the '--jsx' flag is provided.
src/pages/UnitOperations.tsx(7296,9): error TS17004: Cannot use JSX unless the '--jsx' flag is provided.
src/pages/UnitOperations.tsx(7297,11): error TS17004: Cannot use JSX unless the '--jsx' flag is provided.
src/pages/UnitOperations.tsx(7298,11): error TS17004: Cannot use JSX unless the '--jsx' flag is provided.
src/pages/UnitOperations.tsx(7302,7): error TS17004: Cannot use JSX unless the '--jsx' flag is provided.
src/pages/UnitOperations.tsx(7409,5): error TS17004: Cannot use JSX unless the '--jsx' flag is provided.
src/pages/UnitOperations.tsx(7410,7): error TS17004: Cannot use JSX unless the '--jsx' flag is provided.
src/pages/UnitOperations.tsx(7411,9): error TS17004: Cannot use JSX unless the '--jsx' flag is provided.
src/pages/UnitOperations.tsx(7413,11): error TS17004: Cannot use JSX unless the '--jsx' flag is provided.
src/pages/UnitOperations.tsx(7415,15): error TS17004: Cannot use JSX unless the '--jsx' flag is provided.
src/pages/UnitOperations.tsx(7432,11): error TS17004: Cannot use JSX unless the '--jsx' flag is provided.
src/pages/UnitOperations.tsx(7434,15): error TS17004: Cannot use JSX unless the '--jsx' flag is provided.
src/pages/UnitOperations.tsx(7435,17): error TS17004: Cannot use JSX unless the '--jsx' flag is provided.
src/pages/UnitOperations.tsx(7436,19): error TS17004: Cannot use JSX unless the '--jsx' flag is provided.
src/pages/UnitOperations.tsx(7437,21): error TS17004: Cannot use JSX unless the '--jsx' flag is provided.
src/pages/UnitOperations.tsx(7438,23): error TS17004: Cannot use JSX unless the '--jsx' flag is provided.
src/pages/UnitOperations.tsx(7439,23): error TS17004: Cannot use JSX unless the '--jsx' flag is provided.
src/pages/UnitOperations.tsx(7440,25): error TS17004: Cannot use JSX unless the '--jsx' flag is provided.
src/pages/UnitOperations.tsx(7451,27): error TS17004: Cannot use JSX unless the '--jsx' flag is provided.
src/pages/UnitOperations.tsx(7452,29): error TS17004: Cannot use JSX unless the '--jsx' flag is provided.
src/pages/UnitOperations.tsx(7453,31): error TS17004: Cannot use JSX unless the '--jsx' flag is provided.
src/pages/UnitOperations.tsx(7454,33): error TS17004: Cannot use JSX unless the '--jsx' flag is provided.
src/pages/UnitOperations.tsx(7455,35): error TS17004: Cannot use JSX unless the '--jsx' flag is provided.
src/pages/UnitOperations.tsx(7456,35): error TS17004: Cannot use JSX unless the '--jsx' flag is provided.
src/pages/UnitOperations.tsx(7459,31): error TS17004: Cannot use JSX unless the '--jsx' flag is provided.
src/pages/UnitOperations.tsx(7461,35): error TS17004: Cannot use JSX unless the '--jsx' flag is provided.
src/pages/UnitOperations.tsx(7467,37): error TS17004: Cannot use JSX unless the '--jsx' flag is provided.
src/pages/UnitOperations.tsx(7468,37): error TS17004: Cannot use JSX unless the '--jsx' flag is provided.
src/pages/UnitOperations.tsx(7478,21): error TS17004: Cannot use JSX unless the '--jsx' flag is provided.
src/pages/UnitOperations.tsx(7479,23): error TS17004: Cannot use JSX unless the '--jsx' flag is provided.
src/pages/UnitOperations.tsx(7480,23): error TS17004: Cannot use JSX unless the '--jsx' flag is provided.
src/pages/UnitOperations.tsx(7481,25): error TS17004: Cannot use JSX unless the '--jsx' flag is provided.
src/pages/UnitOperations.tsx(7487,17): error TS17004: Cannot use JSX unless the '--jsx' flag is provided.
src/pages/UnitOperations.tsx(7488,19): error TS17004: Cannot use JSX unless the '--jsx' flag is provided.
src/pages/UnitOperations.tsx(7488,90): error TS17004: Cannot use JSX unless the '--jsx' flag is provided.
src/pages/UnitOperations.tsx(7489,19): error TS17004: Cannot use JSX unless the '--jsx' flag is provided.
src/pages/UnitOperations.tsx(7489,64): error TS17004: Cannot use JSX unless the '--jsx' flag is provided.
src/pages/UnitOperations.tsx(7490,19): error TS17004: Cannot use JSX unless the '--jsx' flag is provided.
src/pages/UnitOperations.tsx(7490,66): error TS17004: Cannot use JSX unless the '--jsx' flag is provided.
src/pages/UnitOperations.tsx(7491,19): error TS17004: Cannot use JSX unless the '--jsx' flag is provided.
src/pages/UnitOperations.tsx(7491,65): error TS17004: Cannot use JSX unless the '--jsx' flag is provided.
src/pages/UnitOperations.tsx(7492,19): error TS17004: Cannot use JSX unless the '--jsx' flag is provided.
src/pages/UnitOperations.tsx(7492,532): error TS17004: Cannot use JSX unless the '--jsx' flag is provided.
src/pages/UnitOperations.tsx(7495,17): error TS17004: Cannot use JSX unless the '--jsx' flag is provided.
src/pages/UnitOperations.tsx(7496,19): error TS17004: Cannot use JSX unless the '--jsx' flag is provided.
src/pages/UnitOperations.tsx(7497,21): error TS17004: Cannot use JSX unless the '--jsx' flag is provided.
src/pages/UnitOperations.tsx(7498,21): error TS17004: Cannot use JSX unless the '--jsx' flag is provided.
src/pages/UnitOperations.tsx(7499,23): error TS17004: Cannot use JSX unless the '--jsx' flag is provided.
src/pages/UnitOperations.tsx(7499,58): error TS17004: Cannot use JSX unless the '--jsx' flag is provided.
src/pages/UnitOperations.tsx(7499,135): error TS17004: Cannot use JSX unless the '--jsx' flag is provided.
src/pages/UnitOperations.tsx(7500,23): error TS17004: Cannot use JSX unless the '--jsx' flag is provided.
src/pages/UnitOperations.tsx(7500,58): error TS17004: Cannot use JSX unless the '--jsx' flag is provided.
src/pages/UnitOperations.tsx(7500,142): error TS17004: Cannot use JSX unless the '--jsx' flag is provided.
src/pages/UnitOperations.tsx(7503,19): error TS17004: Cannot use JSX unless the '--jsx' flag is provided.
src/pages/UnitOperations.tsx(7504,21): error TS17004: Cannot use JSX unless the '--jsx' flag is provided.
src/pages/UnitOperations.tsx(7505,21): error TS17004: Cannot use JSX unless the '--jsx' flag is provided.
src/pages/UnitOperations.tsx(7506,23): error TS17004: Cannot use JSX unless the '--jsx' flag is provided.
src/pages/UnitOperations.tsx(7506,58): error TS17004: Cannot use JSX unless the '--jsx' flag is provided.
src/pages/UnitOperations.tsx(7506,135): error TS17004: Cannot use JSX unless the '--jsx' flag is provided.
src/pages/UnitOperations.tsx(7507,23): error TS17004: Cannot use JSX unless the '--jsx' flag is provided.
src/pages/UnitOperations.tsx(7507,58): error TS17004: Cannot use JSX unless the '--jsx' flag is provided.
src/pages/UnitOperations.tsx(7507,142): error TS17004: Cannot use JSX unless the '--jsx' flag is provided.
src/pages/UnitOperations.tsx(7512,17): error TS17004: Cannot use JSX unless the '--jsx' flag is provided.
src/pages/UnitOperations.tsx(7513,19): error TS17004: Cannot use JSX unless the '--jsx' flag is provided.
src/pages/UnitOperations.tsx(7514,21): error TS17004: Cannot use JSX unless the '--jsx' flag is provided.
src/pages/UnitOperations.tsx(7515,21): error TS17004: Cannot use JSX unless the '--jsx' flag is provided.
src/pages/UnitOperations.tsx(7515,56): error TS17004: Cannot use JSX unless the '--jsx' flag is provided.
src/pages/UnitOperations.tsx(7515,133): error TS17004: Cannot use JSX unless the '--jsx' flag is provided.
src/pages/UnitOperations.tsx(7517,19): error TS17004: Cannot use JSX unless the '--jsx' flag is provided.
src/pages/UnitOperations.tsx(7518,21): error TS17004: Cannot use JSX unless the '--jsx' flag is provided.
src/pages/UnitOperations.tsx(7519,21): error TS17004: Cannot use JSX unless the '--jsx' flag is provided.
src/pages/UnitOperations.tsx(7519,88): error TS17004: Cannot use JSX unless the '--jsx' flag is provided.
src/pages/UnitOperations.tsx(7519,183): error TS17004: Cannot use JSX unless the '--jsx' flag is provided.
src/pages/UnitOperations.tsx(7520,21): error TS17004: Cannot use JSX unless the '--jsx' flag is provided.
src/pages/UnitOperations.tsx(7520,56): error TS17004: Cannot use JSX unless the '--jsx' flag is provided.
src/pages/UnitOperations.tsx(7520,148): error TS17004: Cannot use JSX unless the '--jsx' flag is provided.
src/pages/UnitOperations.tsx(7522,19): error TS17004: Cannot use JSX unless the '--jsx' flag is provided.
src/pages/UnitOperations.tsx(7523,21): error TS17004: Cannot use JSX unless the '--jsx' flag is provided.
src/pages/UnitOperations.tsx(7524,21): error TS17004: Cannot use JSX unless the '--jsx' flag is provided.
src/pages/UnitOperations.tsx(7524,88): error TS17004: Cannot use JSX unless the '--jsx' flag is provided.
src/pages/UnitOperations.tsx(7524,178): error TS17004: Cannot use JSX unless the '--jsx' flag is provided.
src/pages/UnitOperations.tsx(7525,21): error TS17004: Cannot use JSX unless the '--jsx' flag is provided.
src/pages/UnitOperations.tsx(7525,56): error TS17004: Cannot use JSX unless the '--jsx' flag is provided.
src/pages/UnitOperations.tsx(7525,143): error TS17004: Cannot use JSX unless the '--jsx' flag is provided.
src/pages/UnitOperations.tsx(7527,19): error TS17004: Cannot use JSX unless the '--jsx' flag is provided.
src/pages/UnitOperations.tsx(7528,21): error TS17004: Cannot use JSX unless the '--jsx' flag is provided.
src/pages/UnitOperations.tsx(7529,21): error TS17004: Cannot use JSX unless the '--jsx' flag is provided.
src/pages/UnitOperations.tsx(7529,88): error TS17004: Cannot use JSX unless the '--jsx' flag is provided.
src/pages/UnitOperations.tsx(7529,179): error TS17004: Cannot use JSX unless the '--jsx' flag is provided.
src/pages/UnitOperations.tsx(7530,21): error TS17004: Cannot use JSX unless the '--jsx' flag is provided.
src/pages/UnitOperations.tsx(7530,56): error TS17004: Cannot use JSX unless the '--jsx' flag is provided.
src/pages/UnitOperations.tsx(7530,149): error TS17004: Cannot use JSX unless the '--jsx' flag is provided.
src/pages/UnitOperations.tsx(7537,15): error TS17004: Cannot use JSX unless the '--jsx' flag is provided.
src/pages/UnitOperations.tsx(7538,17): error TS17004: Cannot use JSX unless the '--jsx' flag is provided.
src/pages/UnitOperations.tsx(7539,19): error TS17004: Cannot use JSX unless the '--jsx' flag is provided.
src/pages/UnitOperations.tsx(7540,21): error TS17004: Cannot use JSX unless the '--jsx' flag is provided.
src/pages/UnitOperations.tsx(7542,25): error TS17004: Cannot use JSX unless the '--jsx' flag is provided.
src/pages/UnitOperations.tsx(7549,19): error TS17004: Cannot use JSX unless the '--jsx' flag is provided.
src/pages/UnitOperations.tsx(7551,23): error TS17004: Cannot use JSX unless the '--jsx' flag is provided.
src/pages/UnitOperations.tsx(7551,35): error TS17004: Cannot use JSX unless the '--jsx' flag is provided.
src/pages/UnitOperations.tsx(7551,75): error TS17004: Cannot use JSX unless the '--jsx' flag is provided.
src/pages/UnitOperations.tsx(7551,119): error TS17004: Cannot use JSX unless the '--jsx' flag is provided.
src/pages/UnitOperations.tsx(7551,162): error TS17004: Cannot use JSX unless the '--jsx' flag is provided.
src/pages/UnitOperations.tsx(7559,15): error TS17004: Cannot use JSX unless the '--jsx' flag is provided.
src/pages/UnitOperations.tsx(7560,17): error TS17004: Cannot use JSX unless the '--jsx' flag is provided.
src/pages/UnitOperations.tsx(7561,19): error TS17004: Cannot use JSX unless the '--jsx' flag is provided.
src/pages/UnitOperations.tsx(7562,21): error TS17004: Cannot use JSX unless the '--jsx' flag is provided.
src/pages/UnitOperations.tsx(7564,25): error TS17004: Cannot use JSX unless the '--jsx' flag is provided.
src/pages/UnitOperations.tsx(7571,19): error TS17004: Cannot use JSX unless the '--jsx' flag is provided.
src/pages/UnitOperations.tsx(7573,23): error TS17004: Cannot use JSX unless the '--jsx' flag is provided.
src/pages/UnitOperations.tsx(7573,35): error TS17004: Cannot use JSX unless the '--jsx' flag is provided.
src/pages/UnitOperations.tsx(7573,75): error TS17004: Cannot use JSX unless the '--jsx' flag is provided.
src/pages/UnitOperations.tsx(7573,119): error TS17004: Cannot use JSX unless the '--jsx' flag is provided.
src/pages/UnitOperations.tsx(7573,162): error TS17004: Cannot use JSX unless the '--jsx' flag is provided.
src/pages/UnitOperations.tsx(7582,13): error TS17004: Cannot use JSX unless the '--jsx' flag is provided.
src/pages/UnitOperations.tsx(7583,15): error TS17004: Cannot use JSX unless the '--jsx' flag is provided.
src/pages/UnitOperations.tsx(7583,86): error TS17004: Cannot use JSX unless the '--jsx' flag is provided.
src/pages/UnitOperations.tsx(7584,15): error TS17004: Cannot use JSX unless the '--jsx' flag is provided.
src/pages/UnitOperations.tsx(7584,60): error TS17004: Cannot use JSX unless the '--jsx' flag is provided.
src/pages/UnitOperations.tsx(7585,15): error TS17004: Cannot use JSX unless the '--jsx' flag is provided.
src/pages/UnitOperations.tsx(7585,62): error TS17004: Cannot use JSX unless the '--jsx' flag is provided.
src/pages/UnitOperations.tsx(7586,15): error TS17004: Cannot use JSX unless the '--jsx' flag is provided.
src/pages/UnitOperations.tsx(7586,61): error TS17004: Cannot use JSX unless the '--jsx' flag is provided.
src/pages/UnitOperations.tsx(7587,15): error TS17004: Cannot use JSX unless the '--jsx' flag is provided.
src/pages/UnitOperations.tsx(7587,528): error TS17004: Cannot use JSX unless the '--jsx' flag is provided.
src/pages/UnitOperations.tsx(7600,36): error TS17004: Cannot use JSX unless the '--jsx' flag is provided.
src/pages/UnitOperations.tsx(7601,38): error TS17004: Cannot use JSX unless the '--jsx' flag is provided.
src/pages/UnitOperations.tsx(7602,46): error TS17004: Cannot use JSX unless the '--jsx' flag is provided.
src/pages/UnitOperations.tsx(7603,41): error TS17004: Cannot use JSX unless the '--jsx' flag is provided.
src/pages/UnitOperations.tsx(7604,36): error TS17004: Cannot use JSX unless the '--jsx' flag is provided.
src/pages/UnitOperations.tsx(7605,38): error TS17004: Cannot use JSX unless the '--jsx' flag is provided.
src/pages/UnitOperations.tsx(7606,49): error TS17004: Cannot use JSX unless the '--jsx' flag is provided.
src/pages/UnitOperations.tsx(7607,41): error TS17004: Cannot use JSX unless the '--jsx' flag is provided.
src/pages/UnitOperations.tsx(7608,43): error TS17004: Cannot use JSX unless the '--jsx' flag is provided.
src/pages/UnitOperations.tsx(7609,44): error TS17004: Cannot use JSX unless the '--jsx' flag is provided.
src/pages/UnitOperations.tsx(7610,55): error TS17004: Cannot use JSX unless the '--jsx' flag is provided.
src/pages/UnitOperations.tsx(7611,41): error TS17004: Cannot use JSX unless the '--jsx' flag is provided.
src/pages/UnitOperations.tsx(7612,32): error TS17004: Cannot use JSX unless the '--jsx' flag is provided.
src/pages/UnitOperations.tsx(7613,55): error TS17004: Cannot use JSX unless the '--jsx' flag is provided.
src/pages/UnitOperations.tsx(7614,51): error TS17004: Cannot use JSX unless the '--jsx' flag is provided.
src/pages/UnitOperations.tsx(7615,47): error TS17004: Cannot use JSX unless the '--jsx' flag is provided.
src/pages/UnitOperations.tsx(7616,45): error TS17004: Cannot use JSX unless the '--jsx' flag is provided.
src/pages/UnitOperations.tsx(7619,11): error TS17004: Cannot use JSX unless the '--jsx' flag is provided.
src/pages/UnitOperations.tsx(7620,13): error TS17004: Cannot use JSX unless the '--jsx' flag is provided.
src/pages/UnitOperations.tsx(7620,28): error TS17004: Cannot use JSX unless the '--jsx' flag is provided.
src/pages/UnitOperations.tsx(7621,13): error TS17004: Cannot use JSX unless the '--jsx' flag is provided.
src/pages/UnitOperations.tsx(7634,5): error TS2550: Property 'includes' does not exist on type 'string[]'. Do you need to change your target library? Try changing the 'lib' compiler option to 'es2016' or later.
src/pages/UnitOperations.tsx(7637,5): error TS17004: Cannot use JSX unless the '--jsx' flag is provided.
src/pages/UnitOperations.tsx(7638,7): error TS17004: Cannot use JSX unless the '--jsx' flag is provided.
src/pages/UnitOperations.tsx(7638,45): error TS17004: Cannot use JSX unless the '--jsx' flag is provided.
src/pages/UnitOperations.tsx(7639,7): error TS17004: Cannot use JSX unless the '--jsx' flag is provided.
src/pages/UnitOperations.tsx(7640,9): error TS17004: Cannot use JSX unless the '--jsx' flag is provided.
src/pages/UnitOperations.tsx(7640,49): error TS17004: Cannot use JSX unless the '--jsx' flag is provided.
src/pages/UnitOperations.tsx(7641,9): error TS17004: Cannot use JSX unless the '--jsx' flag is provided.
src/pages/UnitOperations.tsx(7642,11): error TS17004: Cannot use JSX unless the '--jsx' flag is provided.
src/pages/UnitOperations.tsx(7644,13): error TS17004: Cannot use JSX unless the '--jsx' flag is provided.
src/pages/UnitOperations.tsx(7646,17): error TS17004: Cannot use JSX unless the '--jsx' flag is provided.
src/pages/UnitOperations.tsx(7650,19): error TS17004: Cannot use JSX unless the '--jsx' flag is provided.
src/pages/UnitOperations.tsx(7651,19): error TS17004: Cannot use JSX unless the '--jsx' flag is provided.
src/pages/UnitOperations.tsx(7657,15): error TS17004: Cannot use JSX unless the '--jsx' flag is provided.
src/pages/UnitOperations.tsx(7658,17): error TS17004: Cannot use JSX unless the '--jsx' flag is provided.
src/pages/UnitOperations.tsx(7660,19): error TS17004: Cannot use JSX unless the '--jsx' flag is provided.
src/pages/UnitOperations.tsx(7661,21): error TS17004: Cannot use JSX unless the '--jsx' flag is provided.
src/pages/UnitOperations.tsx(7662,23): error TS17004: Cannot use JSX unless the '--jsx' flag is provided.
src/pages/UnitOperations.tsx(7663,23): error TS17004: Cannot use JSX unless the '--jsx' flag is provided.
src/pages/UnitOperations.tsx(7665,21): error TS17004: Cannot use JSX unless the '--jsx' flag is provided.
src/pages/UnitOperations.tsx(7668,19): error TS17004: Cannot use JSX unless the '--jsx' flag is provided.
src/pages/UnitOperations.tsx(7673,21): error TS17004: Cannot use JSX unless the '--jsx' flag is provided.
src/pages/UnitOperations.tsx(7673,57): error TS17004: Cannot use JSX unless the '--jsx' flag is provided.
src/pages/UnitOperations.tsx(7682,7): error TS17004: Cannot use JSX unless the '--jsx' flag is provided.
